--------- beginning of main
04-24 20:44:13.774   911   911 E libc    : Access denied finding property "ro.hardware.fp.fod"
04-24 20:44:13.774   911   911 E libc    : Access denied finding property "ro.hardware.fp.sideCap"
04-24 20:44:13.807   911   911 E libc    : Access denied finding property "ro.hardware.fp.fod"
04-24 20:44:13.807   911   911 E libc    : Access denied finding property "ro.hardware.fp.sideCap"
04-24 20:44:13.839   911   911 E libc    : Access denied finding property "ro.hardware.fp.fod"
04-24 20:44:13.839   911   911 E libc    : Access denied finding property "ro.hardware.fp.sideCap"
04-24 20:44:13.875   911   911 E libc    : Access denied finding property "ro.hardware.fp.fod"
04-24 20:44:13.875   911   911 E libc    : Access denied finding property "ro.hardware.fp.sideCap"
04-24 20:44:13.906   911   911 E libc    : Access denied finding property "ro.hardware.fp.fod"
04-24 20:44:13.906   911   911 E libc    : Access denied finding property "ro.hardware.fp.sideCap"
04-24 20:44:13.940   911   911 E libc    : Access denied finding property "ro.hardware.fp.fod"
04-24 20:44:13.940   911   911 E libc    : Access denied finding property "ro.hardware.fp.sideCap"
04-24 20:44:13.975   911   911 E libc    : Access denied finding property "ro.hardware.fp.fod"
04-24 20:44:13.975   911   911 E libc    : Access denied finding property "ro.hardware.fp.sideCap"
04-24 20:44:14.006   911   911 E libc    : Access denied finding property "ro.hardware.fp.fod"
04-24 20:44:14.006   911   911 E libc    : Access denied finding property "ro.hardware.fp.sideCap"
04-24 20:44:14.040   911   911 E libc    : Access denied finding property "ro.hardware.fp.fod"
04-24 20:44:14.041   911   911 E libc    : Access denied finding property "ro.hardware.fp.sideCap"
04-24 20:44:14.075   911   911 E libc    : Access denied finding property "ro.hardware.fp.fod"
04-24 20:44:14.076   911   911 E libc    : Access denied finding property "ro.hardware.fp.sideCap"
04-24 20:44:14.102   911   911 W surfaceflinger: type=1400 audit(0.0:117781): avc: denied { read } for name="u:object_r:vendor_fp_prop:s0" dev="tmpfs" ino=22708 scontext=u:r:surfaceflinger:s0 tcontext=u:object_r:vendor_fp_prop:s0 tclass=file permissive=0
04-24 20:44:14.102   911   911 W surfaceflinger: type=1400 audit(0.0:117782): avc: denied { read } for name="u:object_r:vendor_fp_prop:s0" dev="tmpfs" ino=22708 scontext=u:r:surfaceflinger:s0 tcontext=u:object_r:vendor_fp_prop:s0 tclass=file permissive=0
04-24 20:44:14.109   911   911 E libc    : Access denied finding property "ro.hardware.fp.fod"
04-24 20:44:14.109   911   911 E libc    : Access denied finding property "ro.hardware.fp.sideCap"
04-24 20:44:14.182   911   911 W surfaceflinger: type=1400 audit(0.0:117783): avc: denied { read } for name="u:object_r:vendor_fp_prop:s0" dev="tmpfs" ino=22708 scontext=u:r:surfaceflinger:s0 tcontext=u:object_r:vendor_fp_prop:s0 tclass=file permissive=0
04-24 20:44:14.182   911   911 W surfaceflinger: type=1400 audit(0.0:117784): avc: denied { read } for name="u:object_r:vendor_fp_prop:s0" dev="tmpfs" ino=22708 scontext=u:r:surfaceflinger:s0 tcontext=u:object_r:vendor_fp_prop:s0 tclass=file permissive=0
04-24 20:44:14.193   911   911 E libc    : Access denied finding property "ro.hardware.fp.fod"
04-24 20:44:14.193   911   911 E libc    : Access denied finding property "ro.hardware.fp.sideCap"
04-24 20:44:14.208   911   911 E libc    : Access denied finding property "ro.hardware.fp.fod"
04-24 20:44:14.208   911   911 E libc    : Access denied finding property "ro.hardware.fp.sideCap"
04-24 20:44:14.192   911   911 W surfaceflinger: type=1400 audit(0.0:117785): avc: denied { read } for name="u:object_r:vendor_fp_prop:s0" dev="tmpfs" ino=22708 scontext=u:r:surfaceflinger:s0 tcontext=u:object_r:vendor_fp_prop:s0 tclass=file permissive=0
04-24 20:44:14.249  2202  2735 D WificondControl: Scan result ready event
04-24 20:44:14.257  1320  2435 I LOWI-8.6.0.62: [LOWI-Scan] lowi_close_record:Scan done in 2301676ms, 43 APs in scan results
04-24 20:44:14.261  1320  1433 I LOWI-8.6.0.62: [LOWIUtils] responseToOutPostcard - TO: FreeWifiScanObserver, FROM:   LOWI-SERVER, RESP:  LOWI_ASYNC_DISCOVERY_SCAN_RESULTS
04-24 20:44:14.275   842  1303 I LocSvc_api_v02: ---> locClientSendReq line 2325 QMI_LOC_INJECT_WIFI_AP_DATA_REQ_V02
04-24 20:44:14.277  2202  2407 E AppScanObserverService: Result available, null observers for user: 0
04-24 20:44:14.279   842  1967 I LocSvc_ApiV02: <--- globalRespCb line 196 QMI_LOC_INJECT_WIFI_AP_DATA_REQ_V02
--------- beginning of system
04-24 20:44:14.285  2202  4104 E WifiService: Permission violation - getScanResults not allowed for uid=10075, packageName=com.miui.personalassistant, reason=java.lang.SecurityException: UID 10075 has no location permission
04-24 20:44:14.289 14340 14443 W WifiMonitor: available wifis has none
04-24 20:44:14.289 14340 14443 W WifiMonitor: getScanResults has none
04-24 20:44:14.495  1109  1451 I ThermalEngine: vs_get_temperature: read[0] xo_therm 37291 mC, weight[0] 2
04-24 20:44:14.497  1109  1451 I ThermalEngine: vs_get_temperature: read[1] quiet_therm 35468 mC, weight[1] 1
04-24 20:44:14.551 21237 21401 I NTKernel: [I] frequency_control_service.cc(60)::StartRefreshTimer [FrequencyControlService]->refresh_timer_
04-24 20:44:14.740   834  3365 I vendor.qti.bluetooth@1.0-ibs_handler: ProcessIbsCmd: Received IBS_WAKE_IND: 0xFD
04-24 20:44:14.740   834  3365 D vendor.qti.bluetooth@1.0-ibs_handler: SerialClockVote: vote for UART CLK ON
04-24 20:44:14.742   834  3365 D vendor.qti.bluetooth@1.0-wake_lock: Acquire wakelock is acquired 
04-24 20:44:14.742   834  3365 I vendor.qti.bluetooth@1.0-ibs_handler: ProcessIbsCmd: Writing IBS_WAKE_ACK
04-24 20:44:14.744  2454  3367 V bt_stack: [VERBOSE1:btm_ble_gap.cc(1923)] btm_ble_process_ext_adv_pkt: bda=e4:b2:31:00:82:4a
04-24 20:44:14.745  2454  3367 V bt_stack: [VERBOSE1:btm_ble_gap.cc(1847)] btm_ble_process_adv_addr: bda=e4:b2:31:00:82:4a
04-24 20:44:14.745  2454  3367 V bt_stack: [VERBOSE1:btm_ble_gap.cc(2052)]  Waiting for scan response e4:b2:31:00:82:4a
04-24 20:44:14.745  2454  3367 V bt_stack: [VERBOSE1:btm_ble_gap.cc(1923)] btm_ble_process_ext_adv_pkt: bda=04:34:c3:c5:bf:72
04-24 20:44:14.745  2454  3367 V bt_stack: [VERBOSE1:btm_ble_gap.cc(1847)] btm_ble_process_adv_addr: bda=04:34:c3:c5:bf:72
04-24 20:44:14.745  2454  3367 V bt_stack: [VERBOSE1:btm_ble_gap.cc(2052)]  Waiting for scan response 04:34:c3:c5:bf:72
04-24 20:44:14.783   834  3365 I vendor.qti.bluetooth@1.0-ibs_handler: ProcessIbsCmd: Received IBS_SLEEP_IND: 0xFE
04-24 20:44:14.783   834  3365 D vendor.qti.bluetooth@1.0-ibs_handler: SerialClockVote: vote for UART CLK OFF
04-24 20:44:14.934   834  3141 D vendor.qti.bluetooth@1.0-wake_lock: Release wakelock is released 
04-24 20:44:14.950  2202  2341 W InputDispatcher: [TouchInput][reader] notifyMotion - eventTime=2312478222000, deviceId=6, source=0x1002, policyFlags=0x0, action=0x0, flags=0x0, downTime=2312478222000, moveCount:0
04-24 20:44:14.951  2202  2341 W InputDispatcher: [TouchInput][reader] notifyMotion - eventTime=2312478222000, deviceId=6, source=0x1002, policyFlags=0x0, action=0x105, flags=0x0, downTime=2312478222000, moveCount:0
04-24 20:44:14.951  2202  2341 W InputDispatcher: [TouchInput][reader] notifyMotion - eventTime=2312478222000, deviceId=6, source=0x1002, policyFlags=0x0, action=0x205, flags=0x0, downTime=2312478222000, moveCount:0
04-24 20:44:14.955  2202  2340 W InputDispatcher: [TouchInput][dispatcher] findTouchedWindow Result=0, targetChannel '58e2537 NavigationBar (server)'
04-24 20:44:14.955  2202  2340 W InputDispatcher: [TouchInput][dispatcher] findTouchedWindow Result=0, targetChannel 'f867f62 StatusBar (server)'
04-24 20:44:14.955  2202  2340 W InputDispatcher: [TouchInput][dispatcher] findTouchedWindow Result=0, targetChannel 'd214dd8 Tsinswreng.Ngaq/crc64c567b9741b73eb21.MainActivity (server)'
04-24 20:44:14.959 20331 20331 D ViewRootImpl: [TouchInput][ViewRootImpl] MotionEvent { action=ACTION_DOWN, id[0]=0, pointerCount=1, eventTime=2312478, downTime=2312478 } moveCount:0
04-24 20:44:14.963  2202  2340 W InputDispatcher: [TouchInput][dispatcher] findTouchedWindow Result=0, targetChannel 'd214dd8 Tsinswreng.Ngaq/crc64c567b9741b73eb21.MainActivity (server)'
04-24 20:44:14.963  2202  2340 W InputDispatcher: [TouchInput][dispatcher] findTouchedWindow Result=0, targetChannel 'd214dd8 Tsinswreng.Ngaq/crc64c567b9741b73eb21.MainActivity (server)'
04-24 20:44:14.965   911   911 E libc    : Access denied finding property "ro.hardware.fp.fod"
04-24 20:44:14.966   911   911 E libc    : Access denied finding property "ro.hardware.fp.sideCap"
04-24 20:44:14.977 20331 20331 D ViewRootImpl: [TouchInput][ViewRootImpl] MotionEvent { action=ACTION_POINTER_DOWN(1), id[0]=0, id[1]=1, pointerCount=2, eventTime=2312478, downTime=2312478 } moveCount:0
04-24 20:44:14.978   911   911 E libc    : Access denied finding property "ro.hardware.fp.fod"
04-24 20:44:14.978   911   911 E libc    : Access denied finding property "ro.hardware.fp.sideCap"
04-24 20:44:14.979  2202  2341 W InputDispatcher: [TouchInput][reader] notifyMotion - eventTime=2312510214000, deviceId=6, source=0x1002, policyFlags=0x0, action=0x206, flags=0x0, downTime=2312478222000, moveCount:1
04-24 20:44:14.980  2202  2340 W InputDispatcher: [TouchInput][dispatcher] findTouchedWindow Result=0, targetChannel 'd214dd8 Tsinswreng.Ngaq/crc64c567b9741b73eb21.MainActivity (server)'
04-24 20:44:14.984 20331 20331 D ViewRootImpl: [TouchInput][ViewRootImpl] MotionEvent { action=ACTION_POINTER_DOWN(2), id[0]=0, id[1]=1, id[2]=2, pointerCount=3, eventTime=2312478, downTime=2312478 } moveCount:0
04-24 20:44:14.993   911   911 E libc    : Access denied finding property "ro.hardware.fp.fod"
04-24 20:44:14.993   911   911 E libc    : Access denied finding property "ro.hardware.fp.sideCap"
04-24 20:44:14.993 20331 20331 D ViewRootImpl: [TouchInput][ViewRootImpl] MotionEvent { action=ACTION_POINTER_UP(2), id[0]=0, id[1]=1, id[2]=2, pointerCount=3, eventTime=2312510, downTime=2312478 } moveCount:1
04-24 20:44:14.995  2202  2341 W InputDispatcher: [TouchInput][reader] notifyMotion - eventTime=2312526748000, deviceId=6, source=0x1002, policyFlags=0x0, action=0x106, flags=0x0, downTime=2312478222000, moveCount:2
04-24 20:44:14.996  2202  2340 W InputDispatcher: [TouchInput][dispatcher] findTouchedWindow Result=0, targetChannel 'd214dd8 Tsinswreng.Ngaq/crc64c567b9741b73eb21.MainActivity (server)'
04-24 20:44:14.999 20331 20331 D ViewRootImpl: [TouchInput][ViewRootImpl] MotionEvent { action=ACTION_POINTER_UP(1), id[0]=0, id[1]=1, pointerCount=2, eventTime=2312526, downTime=2312478 } moveCount:2
04-24 20:44:15.011   911   911 E libc    : Access denied finding property "ro.hardware.fp.fod"
04-24 20:44:15.011   911   911 E libc    : Access denied finding property "ro.hardware.fp.sideCap"
04-24 20:44:15.029   911   911 E libc    : Access denied finding property "ro.hardware.fp.fod"
04-24 20:44:15.030   911   911 E libc    : Access denied finding property "ro.hardware.fp.sideCap"
04-24 20:44:15.046   911   911 E libc    : Access denied finding property "ro.hardware.fp.fod"
04-24 20:44:15.046   911   911 E libc    : Access denied finding property "ro.hardware.fp.sideCap"
04-24 20:44:15.063  2202  2341 W InputDispatcher: [TouchInput][reader] notifyMotion - eventTime=2312593902000, deviceId=6, source=0x1002, policyFlags=0x0, action=0x1, flags=0x0, downTime=2312478222000, moveCount:6
04-24 20:44:15.063   911   911 E libc    : Access denied finding property "ro.hardware.fp.fod"
04-24 20:44:15.063   911   911 E libc    : Access denied finding property "ro.hardware.fp.sideCap"
04-24 20:44:15.064  2202  2340 W InputDispatcher: [TouchInput][dispatcher] findTouchedWindow Result=0, targetChannel 'd214dd8 Tsinswreng.Ngaq/crc64c567b9741b73eb21.MainActivity (server)'
04-24 20:44:15.064 20331 20331 D ViewRootImpl: [TouchInput][ViewRootImpl] MotionEvent { action=ACTION_UP, id[0]=0, pointerCount=1, eventTime=2312593, downTime=2312478 } moveCount:6
04-24 20:44:15.073  1109  1456 I ThermalEngine: vs_get_temperature: read[0] xo_therm 37291 mC, weight[0] 2
04-24 20:44:15.074  1109  1456 I ThermalEngine: vs_get_temperature: read[1] quiet_therm 35468 mC, weight[1] 1
04-24 20:44:15.079   911   911 E libc    : Access denied finding property "ro.hardware.fp.fod"
04-24 20:44:15.079   911   911 E libc    : Access denied finding property "ro.hardware.fp.sideCap"
04-24 20:44:15.096   911   911 E libc    : Access denied finding property "ro.hardware.fp.fod"
04-24 20:44:15.096   911   911 E libc    : Access denied finding property "ro.hardware.fp.sideCap"
04-24 20:44:15.114   911   911 E libc    : Access denied finding property "ro.hardware.fp.fod"
04-24 20:44:15.114   911   911 E libc    : Access denied finding property "ro.hardware.fp.sideCap"
04-24 20:44:15.122   911   911 W surfaceflinger: type=1400 audit(0.0:117807): avc: denied { read } for name="u:object_r:vendor_fp_prop:s0" dev="tmpfs" ino=22708 scontext=u:r:surfaceflinger:s0 tcontext=u:object_r:vendor_fp_prop:s0 tclass=file permissive=0
04-24 20:44:15.122   911   911 W surfaceflinger: type=1400 audit(0.0:117808): avc: denied { read } for name="u:object_r:vendor_fp_prop:s0" dev="tmpfs" ino=22708 scontext=u:r:surfaceflinger:s0 tcontext=u:object_r:vendor_fp_prop:s0 tclass=file permissive=0
04-24 20:44:15.129   911   911 E libc    : Access denied finding property "ro.hardware.fp.fod"
04-24 20:44:15.129   911   911 E libc    : Access denied finding property "ro.hardware.fp.sideCap"
04-24 20:44:15.147   911   911 E libc    : Access denied finding property "ro.hardware.fp.fod"
04-24 20:44:15.147   911   911 E libc    : Access denied finding property "ro.hardware.fp.sideCap"
04-24 20:44:15.132   911   911 W surfaceflinger: type=1400 audit(0.0:117809): avc: denied { read } for name="u:object_r:vendor_fp_prop:s0" dev="tmpfs" ino=22708 scontext=u:r:surfaceflinger:s0 tcontext=u:object_r:vendor_fp_prop:s0 tclass=file permissive=0
04-24 20:44:15.132   911   911 I chatty  : uid=1000(system) /system/bin/surfaceflinger identical 1 line
04-24 20:44:15.152   911   911 W surfaceflinger: type=1400 audit(0.0:117811): avc: denied { read } for name="u:object_r:vendor_fp_prop:s0" dev="tmpfs" ino=22708 scontext=u:r:surfaceflinger:s0 tcontext=u:object_r:vendor_fp_prop:s0 tclass=file permissive=0
04-24 20:44:15.163   911   911 E libc    : Access denied finding property "ro.hardware.fp.fod"
04-24 20:44:15.164   911   911 E libc    : Access denied finding property "ro.hardware.fp.sideCap"
04-24 20:44:15.182   911   911 E libc    : Access denied finding property "ro.hardware.fp.fod"
04-24 20:44:15.182   911   911 E libc    : Access denied finding property "ro.hardware.fp.sideCap"
04-24 20:44:15.198   911   911 E libc    : Access denied finding property "ro.hardware.fp.fod"
04-24 20:44:15.198   911   911 E libc    : Access denied finding property "ro.hardware.fp.sideCap"
04-24 20:44:15.215   911   911 E libc    : Access denied finding property "ro.hardware.fp.fod"
04-24 20:44:15.215   911   911 E libc    : Access denied finding property "ro.hardware.fp.sideCap"
04-24 20:44:15.230   911   911 E libc    : Access denied finding property "ro.hardware.fp.fod"
04-24 20:44:15.231   911   911 E libc    : Access denied finding property "ro.hardware.fp.sideCap"
04-24 20:44:15.249  2202  2341 W InputDispatcher: [TouchInput][reader] notifyMotion - eventTime=2312778300000, deviceId=6, source=0x1002, policyFlags=0x0, action=0x0, flags=0x0, downTime=2312778300000, moveCount:0
04-24 20:44:15.249   911   911 E libc    : Access denied finding property "ro.hardware.fp.fod"
04-24 20:44:15.249  2202  2341 W InputDispatcher: [TouchInput][reader] notifyMotion - eventTime=2312778300000, deviceId=6, source=0x1002, policyFlags=0x0, action=0x105, flags=0x0, downTime=2312778300000, moveCount:0
04-24 20:44:15.249  2202  2341 W InputDispatcher: [TouchInput][reader] notifyMotion - eventTime=2312778300000, deviceId=6, source=0x1002, policyFlags=0x0, action=0x205, flags=0x0, downTime=2312778300000, moveCount:0
04-24 20:44:15.249   911   911 E libc    : Access denied finding property "ro.hardware.fp.sideCap"
04-24 20:44:15.251  2202  2340 W InputDispatcher: [TouchInput][dispatcher] findTouchedWindow Result=0, targetChannel '58e2537 NavigationBar (server)'
04-24 20:44:15.251  2202  2340 W InputDispatcher: [TouchInput][dispatcher] findTouchedWindow Result=0, targetChannel 'f867f62 StatusBar (server)'
04-24 20:44:15.251  2202  2340 W InputDispatcher: [TouchInput][dispatcher] findTouchedWindow Result=0, targetChannel 'd214dd8 Tsinswreng.Ngaq/crc64c567b9741b73eb21.MainActivity (server)'
04-24 20:44:15.252 20331 20331 D ViewRootImpl: [TouchInput][ViewRootImpl] MotionEvent { action=ACTION_DOWN, id[0]=0, pointerCount=1, eventTime=2312778, downTime=2312778 } moveCount:0
04-24 20:44:15.253  2202  2340 W InputDispatcher: [TouchInput][dispatcher] findTouchedWindow Result=0, targetChannel 'd214dd8 Tsinswreng.Ngaq/crc64c567b9741b73eb21.MainActivity (server)'
04-24 20:44:15.253  2202  2340 W InputDispatcher: [TouchInput][dispatcher] findTouchedWindow Result=0, targetChannel 'd214dd8 Tsinswreng.Ngaq/crc64c567b9741b73eb21.MainActivity (server)'
04-24 20:44:15.258 20331 20331 D ViewRootImpl: [TouchInput][ViewRootImpl] MotionEvent { action=ACTION_POINTER_DOWN(1), id[0]=0, id[1]=1, pointerCount=2, eventTime=2312778, downTime=2312778 } moveCount:0
04-24 20:44:15.263  2202  2341 W InputDispatcher: [TouchInput][reader] notifyMotion - eventTime=2312794811000, deviceId=6, source=0x1002, policyFlags=0x0, action=0x6, flags=0x0, downTime=2312778300000, moveCount:0
04-24 20:44:15.263  2202  2341 W InputDispatcher: [TouchInput][reader] notifyMotion - eventTime=2312794811000, deviceId=6, source=0x1002, policyFlags=0x0, action=0x6, flags=0x0, downTime=2312778300000, moveCount:0
04-24 20:44:15.263   911   911 E libc    : Access denied finding property "ro.hardware.fp.fod"
04-24 20:44:15.263   911   911 E libc    : Access denied finding property "ro.hardware.fp.sideCap"
04-24 20:44:15.265 20331 20331 D ViewRootImpl: [TouchInput][ViewRootImpl] MotionEvent { action=ACTION_POINTER_DOWN(2), id[0]=0, id[1]=1, id[2]=2, pointerCount=3, eventTime=2312778, downTime=2312778 } moveCount:0
04-24 20:44:15.265 20331 20331 D ViewRootImpl: cancle motionEvent because of threeGesture detecting
04-24 20:44:15.265  2202  2340 W InputDispatcher: [TouchInput][dispatcher] findTouchedWindow Result=0, targetChannel 'd214dd8 Tsinswreng.Ngaq/crc64c567b9741b73eb21.MainActivity (server)'
04-24 20:44:15.266  2202  2340 W InputDispatcher: [TouchInput][dispatcher] findTouchedWindow Result=0, targetChannel 'd214dd8 Tsinswreng.Ngaq/crc64c567b9741b73eb21.MainActivity (server)'
04-24 20:44:15.270 20331 20331 D ViewRootImpl: [TouchInput][ViewRootImpl] MotionEvent { action=ACTION_POINTER_UP(0), id[0]=0, id[1]=1, id[2]=2, pointerCount=3, eventTime=2312794, downTime=2312778 } moveCount:0
04-24 20:44:15.270 20331 20331 D ViewRootImpl: [TouchInput][ViewRootImpl] MotionEvent { action=ACTION_POINTER_UP(0), id[0]=1, id[1]=2, pointerCount=2, eventTime=2312794, downTime=2312778 } moveCount:0
04-24 20:44:15.280  2202  2341 W InputDispatcher: [TouchInput][reader] notifyMotion - eventTime=2312811644000, deviceId=6, source=0x1002, policyFlags=0x0, action=0x1, flags=0x0, downTime=2312778300000, moveCount:1
04-24 20:44:15.282   911   911 E libc    : Access denied finding property "ro.hardware.fp.fod"
04-24 20:44:15.282  2202  2340 W InputDispatcher: [TouchInput][dispatcher] findTouchedWindow Result=0, targetChannel 'd214dd8 Tsinswreng.Ngaq/crc64c567b9741b73eb21.MainActivity (server)'
04-24 20:44:15.282   911   911 E libc    : Access denied finding property "ro.hardware.fp.sideCap"
04-24 20:44:15.283 20331 20331 D ViewRootImpl: [TouchInput][ViewRootImpl] MotionEvent { action=ACTION_UP, id[0]=2, pointerCount=1, eventTime=2312811, downTime=2312778 } moveCount:1
04-24 20:44:15.297   911   911 E libc    : Access denied finding property "ro.hardware.fp.fod"
04-24 20:44:15.297   911   911 E libc    : Access denied finding property "ro.hardware.fp.sideCap"
04-24 20:44:15.313   911   911 E libc    : Access denied finding property "ro.hardware.fp.fod"
04-24 20:44:15.314   911   911 E libc    : Access denied finding property "ro.hardware.fp.sideCap"
04-24 20:44:15.329   911   911 E libc    : Access denied finding property "ro.hardware.fp.fod"
04-24 20:44:15.329   911   911 E libc    : Access denied finding property "ro.hardware.fp.sideCap"
04-24 20:44:15.348   911   911 E libc    : Access denied finding property "ro.hardware.fp.fod"
04-24 20:44:15.348   911   911 E libc    : Access denied finding property "ro.hardware.fp.sideCap"
04-24 20:44:15.363   911   911 E libc    : Access denied finding property "ro.hardware.fp.fod"
04-24 20:44:15.363   911   911 E libc    : Access denied finding property "ro.hardware.fp.sideCap"
04-24 20:44:15.380   911   911 E libc    : Access denied finding property "ro.hardware.fp.fod"
04-24 20:44:15.380   911   911 E libc    : Access denied finding property "ro.hardware.fp.sideCap"
04-24 20:44:15.400   911   911 E libc    : Access denied finding property "ro.hardware.fp.fod"
04-24 20:44:15.401   911   911 E libc    : Access denied finding property "ro.hardware.fp.sideCap"
04-24 20:44:15.416   911   911 E libc    : Access denied finding property "ro.hardware.fp.fod"
04-24 20:44:15.417   911   911 E libc    : Access denied finding property "ro.hardware.fp.sideCap"
04-24 20:44:15.433   911   911 E libc    : Access denied finding property "ro.hardware.fp.fod"
04-24 20:44:15.433   911   911 E libc    : Access denied finding property "ro.hardware.fp.sideCap"
04-24 20:44:15.435  2202  2356 I MiuiNetworkPolicy: bandwidth: 0 KB/s, Max bandwidth: 704 KB/s
04-24 20:44:15.447   911   911 E libc    : Access denied finding property "ro.hardware.fp.fod"
04-24 20:44:15.447   911   911 E libc    : Access denied finding property "ro.hardware.fp.sideCap"
04-24 20:44:15.469   911   911 E libc    : Access denied finding property "ro.hardware.fp.fod"
04-24 20:44:15.469   911   911 E libc    : Access denied finding property "ro.hardware.fp.sideCap"
04-24 20:44:15.480   911   911 E libc    : Access denied finding property "ro.hardware.fp.fod"
04-24 20:44:15.480   911   911 E libc    : Access denied finding property "ro.hardware.fp.sideCap"
04-24 20:44:15.500  1109  1451 I ThermalEngine: vs_get_temperature: read[0] xo_therm 37239 mC, weight[0] 2
04-24 20:44:15.501  1109  1451 I ThermalEngine: vs_get_temperature: read[1] quiet_therm 35468 mC, weight[1] 1
04-24 20:44:15.502   911   911 E libc    : Access denied finding property "ro.hardware.fp.fod"
04-24 20:44:15.502   911   911 E libc    : Access denied finding property "ro.hardware.fp.sideCap"
04-24 20:44:15.517   911   911 E libc    : Access denied finding property "ro.hardware.fp.fod"
04-24 20:44:15.517   911   911 E libc    : Access denied finding property "ro.hardware.fp.sideCap"
04-24 20:44:15.532   911   911 E libc    : Access denied finding property "ro.hardware.fp.fod"
04-24 20:44:15.532   911   911 E libc    : Access denied finding property "ro.hardware.fp.sideCap"
04-24 20:44:15.563   911   911 E libc    : Access denied finding property "ro.hardware.fp.fod"
04-24 20:44:15.563   911   911 E libc    : Access denied finding property "ro.hardware.fp.sideCap"
04-24 20:44:15.579   911   911 E libc    : Access denied finding property "ro.hardware.fp.fod"
04-24 20:44:15.579   911   911 E libc    : Access denied finding property "ro.hardware.fp.sideCap"
04-24 20:44:15.589 21237 21401 I NTKernel: [I] frequency_control_service.cc(60)::StartRefreshTimer [FrequencyControlService]->refresh_timer_
04-24 20:44:15.596   911   911 E libc    : Access denied finding property "ro.hardware.fp.fod"
04-24 20:44:15.597   911   911 E libc    : Access denied finding property "ro.hardware.fp.sideCap"
04-24 20:44:15.615   911   911 E libc    : Access denied finding property "ro.hardware.fp.fod"
04-24 20:44:15.615   911   911 E libc    : Access denied finding property "ro.hardware.fp.sideCap"
04-24 20:44:15.627   911   911 E libc    : Access denied finding property "ro.hardware.fp.fod"
04-24 20:44:15.627   911   911 E libc    : Access denied finding property "ro.hardware.fp.sideCap"
04-24 20:44:15.645   911   911 E libc    : Access denied finding property "ro.hardware.fp.fod"
04-24 20:44:15.645   911   911 E libc    : Access denied finding property "ro.hardware.fp.sideCap"
04-24 20:44:15.662   911   911 E libc    : Access denied finding property "ro.hardware.fp.fod"
04-24 20:44:15.662   911   911 E libc    : Access denied finding property "ro.hardware.fp.sideCap"
04-24 20:44:15.678   911   911 E libc    : Access denied finding property "ro.hardware.fp.fod"
04-24 20:44:15.678   911   911 E libc    : Access denied finding property "ro.hardware.fp.sideCap"
04-24 20:44:15.696   911   911 E libc    : Access denied finding property "ro.hardware.fp.fod"
04-24 20:44:15.696   911   911 E libc    : Access denied finding property "ro.hardware.fp.sideCap"
04-24 20:44:15.712   911   911 E libc    : Access denied finding property "ro.hardware.fp.fod"
04-24 20:44:15.712   911   911 E libc    : Access denied finding property "ro.hardware.fp.sideCap"
04-24 20:44:15.729   911   911 E libc    : Access denied finding property "ro.hardware.fp.fod"
04-24 20:44:15.730   911   911 E libc    : Access denied finding property "ro.hardware.fp.sideCap"
04-24 20:44:15.746   911   911 E libc    : Access denied finding property "ro.hardware.fp.fod"
04-24 20:44:15.746   911   911 E libc    : Access denied finding property "ro.hardware.fp.sideCap"
04-24 20:44:15.749  2202  2341 W InputDispatcher: [TouchInput][reader] notifyMotion - eventTime=2313279394000, deviceId=6, source=0x1002, policyFlags=0x0, action=0x0, flags=0x0, downTime=2313279394000, moveCount:0
04-24 20:44:15.751  2202  2340 W InputDispatcher: [TouchInput][dispatcher] findTouchedWindow Result=0, targetChannel '58e2537 NavigationBar (server)'
04-24 20:44:15.751  2202  2340 W InputDispatcher: [TouchInput][dispatcher] findTouchedWindow Result=0, targetChannel 'f867f62 StatusBar (server)'
04-24 20:44:15.751  2202  2340 W InputDispatcher: [TouchInput][dispatcher] findTouchedWindow Result=0, targetChannel 'd214dd8 Tsinswreng.Ngaq/crc64c567b9741b73eb21.MainActivity (server)'
04-24 20:44:15.754 20331 20331 D ViewRootImpl: [TouchInput][ViewRootImpl] MotionEvent { action=ACTION_DOWN, id[0]=0, pointerCount=1, eventTime=2313279, downTime=2313279 } moveCount:0
04-24 20:44:15.766   911   911 E libc    : Access denied finding property "ro.hardware.fp.fod"
04-24 20:44:15.766   911   911 E libc    : Access denied finding property "ro.hardware.fp.sideCap"
04-24 20:44:15.777   911   911 E libc    : Access denied finding property "ro.hardware.fp.fod"
04-24 20:44:15.777   911   911 E libc    : Access denied finding property "ro.hardware.fp.sideCap"
04-24 20:44:15.780  2202  2341 W InputDispatcher: [TouchInput][reader] notifyMotion - eventTime=2313311738000, deviceId=6, source=0x1002, policyFlags=0x0, action=0x1, flags=0x0, downTime=2313279394000, moveCount:1
04-24 20:44:15.781  2202  2340 W InputDispatcher: [TouchInput][dispatcher] findTouchedWindow Result=0, targetChannel 'd214dd8 Tsinswreng.Ngaq/crc64c567b9741b73eb21.MainActivity (server)'
04-24 20:44:15.786 20331 20331 D ViewRootImpl: [TouchInput][ViewRootImpl] MotionEvent { action=ACTION_UP, id[0]=0, pointerCount=1, eventTime=2313311, downTime=2313279 } moveCount:1
04-24 20:44:15.795   911   911 E libc    : Access denied finding property "ro.hardware.fp.fod"
04-24 20:44:15.795   911   911 E libc    : Access denied finding property "ro.hardware.fp.sideCap"
04-24 20:44:15.816   911   911 E libc    : Access denied finding property "ro.hardware.fp.fod"
04-24 20:44:15.816   911   911 E libc    : Access denied finding property "ro.hardware.fp.sideCap"
04-24 20:44:15.826   719  1358 D DnsProxyBlocker: restrict gms dns resolution uid(10174)
04-24 20:44:15.826   719  1358 W FrameworkListener: Handler 'getaddrinfo' error (Success)
04-24 20:44:15.826  3792 25149 W cicv    : [{0}] Failed to resolve name. status={1}
04-24 20:44:15.831   911   911 E libc    : Access denied finding property "ro.hardware.fp.fod"
04-24 20:44:15.831   911   911 E libc    : Access denied finding property "ro.hardware.fp.sideCap"
04-24 20:44:15.847   911   911 E libc    : Access denied finding property "ro.hardware.fp.fod"
04-24 20:44:15.847   911   911 E libc    : Access denied finding property "ro.hardware.fp.sideCap"
04-24 20:44:15.865   911   911 E libc    : Access denied finding property "ro.hardware.fp.fod"
04-24 20:44:15.865   911   911 E libc    : Access denied finding property "ro.hardware.fp.sideCap"
04-24 20:44:15.884   911   911 E libc    : Access denied finding property "ro.hardware.fp.fod"
04-24 20:44:15.884   911   911 E libc    : Access denied finding property "ro.hardware.fp.sideCap"
04-24 20:44:15.903   911   911 E libc    : Access denied finding property "ro.hardware.fp.fod"
04-24 20:44:15.903   911   911 E libc    : Access denied finding property "ro.hardware.fp.sideCap"
04-24 20:44:15.918   911   911 E libc    : Access denied finding property "ro.hardware.fp.fod"
04-24 20:44:15.918   911   911 E libc    : Access denied finding property "ro.hardware.fp.sideCap"
04-24 20:44:15.935   911   911 E libc    : Access denied finding property "ro.hardware.fp.fod"
04-24 20:44:15.935   911   911 E libc    : Access denied finding property "ro.hardware.fp.sideCap"
04-24 20:44:15.953   911   911 E libc    : Access denied finding property "ro.hardware.fp.fod"
04-24 20:44:15.953   911   911 E libc    : Access denied finding property "ro.hardware.fp.sideCap"
04-24 20:44:15.967   911   911 E libc    : Access denied finding property "ro.hardware.fp.fod"
04-24 20:44:15.967   911   911 E libc    : Access denied finding property "ro.hardware.fp.sideCap"
04-24 20:44:15.982   911   911 E libc    : Access denied finding property "ro.hardware.fp.fod"
04-24 20:44:15.982   911   911 E libc    : Access denied finding property "ro.hardware.fp.sideCap"
04-24 20:44:16.002   911   911 E libc    : Access denied finding property "ro.hardware.fp.fod"
04-24 20:44:16.002   911   911 E libc    : Access denied finding property "ro.hardware.fp.sideCap"
04-24 20:44:16.007   834  3365 I vendor.qti.bluetooth@1.0-ibs_handler: ProcessIbsCmd: Received IBS_WAKE_IND: 0xFD
04-24 20:44:16.007   834  3365 D vendor.qti.bluetooth@1.0-ibs_handler: SerialClockVote: vote for UART CLK ON
04-24 20:44:16.008   834  3365 D vendor.qti.bluetooth@1.0-wake_lock: Acquire wakelock is acquired 
04-24 20:44:16.008   834  3365 I vendor.qti.bluetooth@1.0-ibs_handler: ProcessIbsCmd: Writing IBS_WAKE_ACK
04-24 20:44:16.010  2454  3367 V bt_stack: [VERBOSE1:btm_ble_gap.cc(1923)] btm_ble_process_ext_adv_pkt: bda=48:87:59:f2:dd:1f
04-24 20:44:16.011  2454  3367 V bt_stack: [VERBOSE1:btm_ble_gap.cc(1847)] btm_ble_process_adv_addr: bda=48:87:59:f2:dd:1f
04-24 20:44:16.011  2454  3367 V bt_stack: [VERBOSE1:btm_ble_gap.cc(2052)]  Waiting for scan response 48:87:59:f2:dd:1f
04-24 20:44:16.011  2454  3367 V bt_stack: [VERBOSE1:btm_ble_gap.cc(1923)] btm_ble_process_ext_adv_pkt: bda=48:87:59:f2:dd:1f
04-24 20:44:16.011  2454  3367 V bt_stack: [VERBOSE1:btm_ble_gap.cc(1847)] btm_ble_process_adv_addr: bda=48:87:59:f2:dd:1f
04-24 20:44:16.013  2454  2648 D BluetoothUtils: blockedByLocationOff callingUid=1002
04-24 20:44:16.019  2454  2648 I BluetoothUtils: packagename is android.uid.bluetooth:1002 ,and its permission is false
04-24 20:44:16.020   911   911 E libc    : Access denied finding property "ro.hardware.fp.fod"
04-24 20:44:16.020   911   911 E libc    : Access denied finding property "ro.hardware.fp.sideCap"
04-24 20:44:16.022  3653  3707 D MiuiNearbyService: getNearbyService() - returning com.android.bluetooth.ble.app.MiuiNearbyService@4619d0a
04-24 20:44:16.036   911   911 E libc    : Access denied finding property "ro.hardware.fp.fod"
04-24 20:44:16.036   911   911 E libc    : Access denied finding property "ro.hardware.fp.sideCap"
04-24 20:44:16.048   911   911 E libc    : Access denied finding property "ro.hardware.fp.fod"
04-24 20:44:16.048   911   911 E libc    : Access denied finding property "ro.hardware.fp.sideCap"
04-24 20:44:16.050   834  3365 I vendor.qti.bluetooth@1.0-ibs_handler: ProcessIbsCmd: Received IBS_SLEEP_IND: 0xFE
04-24 20:44:16.050   834  3365 D vendor.qti.bluetooth@1.0-ibs_handler: SerialClockVote: vote for UART CLK OFF
04-24 20:44:16.064   911   911 E libc    : Access denied finding property "ro.hardware.fp.fod"
04-24 20:44:16.064   911   911 E libc    : Access denied finding property "ro.hardware.fp.sideCap"
04-24 20:44:16.080   911   911 E libc    : Access denied finding property "ro.hardware.fp.fod"
04-24 20:44:16.081   911   911 E libc    : Access denied finding property "ro.hardware.fp.sideCap"
04-24 20:44:16.097   911   911 E libc    : Access denied finding property "ro.hardware.fp.fod"
04-24 20:44:16.097   911   911 E libc    : Access denied finding property "ro.hardware.fp.sideCap"
04-24 20:44:16.114   911   911 E libc    : Access denied finding property "ro.hardware.fp.fod"
04-24 20:44:16.114   911   911 E libc    : Access denied finding property "ro.hardware.fp.sideCap"
04-24 20:44:16.130   911   911 E libc    : Access denied finding property "ro.hardware.fp.fod"
04-24 20:44:16.130   911   911 E libc    : Access denied finding property "ro.hardware.fp.sideCap"
04-24 20:44:16.132   911   911 W surfaceflinger: type=1400 audit(0.0:117927): avc: denied { read } for name="u:object_r:vendor_fp_prop:s0" dev="tmpfs" ino=22708 scontext=u:r:surfaceflinger:s0 tcontext=u:object_r:vendor_fp_prop:s0 tclass=file permissive=0
04-24 20:44:16.132   911   911 W surfaceflinger: type=1400 audit(0.0:117928): avc: denied { read } for name="u:object_r:vendor_fp_prop:s0" dev="tmpfs" ino=22708 scontext=u:r:surfaceflinger:s0 tcontext=u:object_r:vendor_fp_prop:s0 tclass=file permissive=0
04-24 20:44:16.146   911   911 E libc    : Access denied finding property "ro.hardware.fp.fod"
04-24 20:44:16.147   911   911 E libc    : Access denied finding property "ro.hardware.fp.sideCap"
04-24 20:44:16.152   911   911 W surfaceflinger: type=1400 audit(0.0:117929): avc: denied { read } for name="u:object_r:vendor_fp_prop:s0" dev="tmpfs" ino=22708 scontext=u:r:surfaceflinger:s0 tcontext=u:object_r:vendor_fp_prop:s0 tclass=file permissive=0
04-24 20:44:16.165   911   911 E libc    : Access denied finding property "ro.hardware.fp.fod"
04-24 20:44:16.165   911   911 E libc    : Access denied finding property "ro.hardware.fp.sideCap"
04-24 20:44:16.152   911   911 W surfaceflinger: type=1400 audit(0.0:117930): avc: denied { read } for name="u:object_r:vendor_fp_prop:s0" dev="tmpfs" ino=22708 scontext=u:r:surfaceflinger:s0 tcontext=u:object_r:vendor_fp_prop:s0 tclass=file permissive=0
04-24 20:44:16.172   911   911 W surfaceflinger: type=1400 audit(0.0:117931): avc: denied { read } for name="u:object_r:vendor_fp_prop:s0" dev="tmpfs" ino=22708 scontext=u:r:surfaceflinger:s0 tcontext=u:object_r:vendor_fp_prop:s0 tclass=file permissive=0
04-24 20:44:16.179   911   911 E libc    : Access denied finding property "ro.hardware.fp.fod"
04-24 20:44:16.179   911   911 E libc    : Access denied finding property "ro.hardware.fp.sideCap"
04-24 20:44:16.198   911   911 E libc    : Access denied finding property "ro.hardware.fp.fod"
04-24 20:44:16.198   911   911 E libc    : Access denied finding property "ro.hardware.fp.sideCap"
04-24 20:44:16.202   834  3141 D vendor.qti.bluetooth@1.0-wake_lock: Release wakelock is released 
04-24 20:44:16.213   911   911 E libc    : Access denied finding property "ro.hardware.fp.fod"
04-24 20:44:16.213   911   911 E libc    : Access denied finding property "ro.hardware.fp.sideCap"
04-24 20:44:16.230   911   911 E libc    : Access denied finding property "ro.hardware.fp.fod"
04-24 20:44:16.231   911   911 E libc    : Access denied finding property "ro.hardware.fp.sideCap"
04-24 20:44:16.247   911   911 E libc    : Access denied finding property "ro.hardware.fp.fod"
04-24 20:44:16.247   911   911 E libc    : Access denied finding property "ro.hardware.fp.sideCap"
04-24 20:44:16.264   911   911 E libc    : Access denied finding property "ro.hardware.fp.fod"
04-24 20:44:16.264   911   911 E libc    : Access denied finding property "ro.hardware.fp.sideCap"
04-24 20:44:16.280   911   911 E libc    : Access denied finding property "ro.hardware.fp.fod"
04-24 20:44:16.280   911   911 E libc    : Access denied finding property "ro.hardware.fp.sideCap"
04-24 20:44:16.297   911   911 E libc    : Access denied finding property "ro.hardware.fp.fod"
04-24 20:44:16.298   911   911 E libc    : Access denied finding property "ro.hardware.fp.sideCap"
04-24 20:44:16.313   911   911 E libc    : Access denied finding property "ro.hardware.fp.fod"
04-24 20:44:16.313   911   911 E libc    : Access denied finding property "ro.hardware.fp.sideCap"
04-24 20:44:16.331   911   911 E libc    : Access denied finding property "ro.hardware.fp.fod"
04-24 20:44:16.332   911   911 E libc    : Access denied finding property "ro.hardware.fp.sideCap"
04-24 20:44:16.347   911   911 E libc    : Access denied finding property "ro.hardware.fp.fod"
04-24 20:44:16.347   911   911 E libc    : Access denied finding property "ro.hardware.fp.sideCap"
04-24 20:44:16.365   911   911 E libc    : Access denied finding property "ro.hardware.fp.fod"
04-24 20:44:16.365   911   911 E libc    : Access denied finding property "ro.hardware.fp.sideCap"
04-24 20:44:16.379   911   911 E libc    : Access denied finding property "ro.hardware.fp.fod"
04-24 20:44:16.380   911   911 E libc    : Access denied finding property "ro.hardware.fp.sideCap"
04-24 20:44:16.397   911   911 E libc    : Access denied finding property "ro.hardware.fp.fod"
04-24 20:44:16.397   911   911 E libc    : Access denied finding property "ro.hardware.fp.sideCap"
04-24 20:44:16.414   911   911 E libc    : Access denied finding property "ro.hardware.fp.fod"
04-24 20:44:16.415   911   911 E libc    : Access denied finding property "ro.hardware.fp.sideCap"
04-24 20:44:16.431   911   911 E libc    : Access denied finding property "ro.hardware.fp.fod"
04-24 20:44:16.432   911   911 E libc    : Access denied finding property "ro.hardware.fp.sideCap"
04-24 20:44:16.447   911   911 E libc    : Access denied finding property "ro.hardware.fp.fod"
04-24 20:44:16.448   911   911 E libc    : Access denied finding property "ro.hardware.fp.sideCap"
04-24 20:44:16.466   911   911 E libc    : Access denied finding property "ro.hardware.fp.fod"
04-24 20:44:16.467   911   911 E libc    : Access denied finding property "ro.hardware.fp.sideCap"
04-24 20:44:16.480   911   911 E libc    : Access denied finding property "ro.hardware.fp.fod"
04-24 20:44:16.480   911   911 E libc    : Access denied finding property "ro.hardware.fp.sideCap"
04-24 20:44:16.497   911   911 E libc    : Access denied finding property "ro.hardware.fp.fod"
04-24 20:44:16.497   911   911 E libc    : Access denied finding property "ro.hardware.fp.sideCap"
04-24 20:44:16.504  1109  1451 I ThermalEngine: vs_get_temperature: read[0] xo_therm 37239 mC, weight[0] 2
04-24 20:44:16.505  1109  1451 I ThermalEngine: vs_get_temperature: read[1] quiet_therm 35468 mC, weight[1] 1
04-24 20:44:16.515   911   911 E libc    : Access denied finding property "ro.hardware.fp.fod"
04-24 20:44:16.515   911   911 E libc    : Access denied finding property "ro.hardware.fp.sideCap"
04-24 20:44:16.532   911   911 E libc    : Access denied finding property "ro.hardware.fp.fod"
04-24 20:44:16.532   911   911 E libc    : Access denied finding property "ro.hardware.fp.sideCap"
04-24 20:44:16.548   911   911 E libc    : Access denied finding property "ro.hardware.fp.fod"
04-24 20:44:16.548   911   911 E libc    : Access denied finding property "ro.hardware.fp.sideCap"
04-24 20:44:16.564   911   911 E libc    : Access denied finding property "ro.hardware.fp.fod"
04-24 20:44:16.565   911   911 E libc    : Access denied finding property "ro.hardware.fp.sideCap"
04-24 20:44:16.581   911   911 E libc    : Access denied finding property "ro.hardware.fp.fod"
04-24 20:44:16.581   911   911 E libc    : Access denied finding property "ro.hardware.fp.sideCap"
04-24 20:44:16.592 21237 21401 I NTKernel: [I] frequency_control_service.cc(60)::StartRefreshTimer [FrequencyControlService]->refresh_timer_
04-24 20:44:16.597   911   911 E libc    : Access denied finding property "ro.hardware.fp.fod"
04-24 20:44:16.597   911   911 E libc    : Access denied finding property "ro.hardware.fp.sideCap"
04-24 20:44:16.614   911   911 E libc    : Access denied finding property "ro.hardware.fp.fod"
04-24 20:44:16.614   911   911 E libc    : Access denied finding property "ro.hardware.fp.sideCap"
04-24 20:44:16.632   911   911 E libc    : Access denied finding property "ro.hardware.fp.fod"
04-24 20:44:16.632   911   911 E libc    : Access denied finding property "ro.hardware.fp.sideCap"
04-24 20:44:16.648   911   911 E libc    : Access denied finding property "ro.hardware.fp.fod"
04-24 20:44:16.649   911   911 E libc    : Access denied finding property "ro.hardware.fp.sideCap"
04-24 20:44:16.666   911   911 E libc    : Access denied finding property "ro.hardware.fp.fod"
04-24 20:44:16.666   911   911 E libc    : Access denied finding property "ro.hardware.fp.sideCap"
04-24 20:44:16.682   911   911 E libc    : Access denied finding property "ro.hardware.fp.fod"
04-24 20:44:16.682   911   911 E libc    : Access denied finding property "ro.hardware.fp.sideCap"
04-24 20:44:16.699   911   911 E libc    : Access denied finding property "ro.hardware.fp.fod"
04-24 20:44:16.699   911   911 E libc    : Access denied finding property "ro.hardware.fp.sideCap"
04-24 20:44:16.715   911   911 E libc    : Access denied finding property "ro.hardware.fp.fod"
04-24 20:44:16.716   911   911 E libc    : Access denied finding property "ro.hardware.fp.sideCap"
04-24 20:44:16.733   911   911 E libc    : Access denied finding property "ro.hardware.fp.fod"
04-24 20:44:16.733   911   911 E libc    : Access denied finding property "ro.hardware.fp.sideCap"
04-24 20:44:16.749   911   911 E libc    : Access denied finding property "ro.hardware.fp.fod"
04-24 20:44:16.749   911   911 E libc    : Access denied finding property "ro.hardware.fp.sideCap"
04-24 20:44:16.765   911   911 E libc    : Access denied finding property "ro.hardware.fp.fod"
04-24 20:44:16.766   911   911 E libc    : Access denied finding property "ro.hardware.fp.sideCap"
04-24 20:44:16.783   911   911 E libc    : Access denied finding property "ro.hardware.fp.fod"
04-24 20:44:16.783   911   911 E libc    : Access denied finding property "ro.hardware.fp.sideCap"
04-24 20:44:16.799   911   911 E libc    : Access denied finding property "ro.hardware.fp.fod"
04-24 20:44:16.799   911   911 E libc    : Access denied finding property "ro.hardware.fp.sideCap"
04-24 20:44:16.815   911   911 E libc    : Access denied finding property "ro.hardware.fp.fod"
04-24 20:44:16.815   911   911 E libc    : Access denied finding property "ro.hardware.fp.sideCap"
04-24 20:44:16.833   911   911 E libc    : Access denied finding property "ro.hardware.fp.fod"
04-24 20:44:16.833   911   911 E libc    : Access denied finding property "ro.hardware.fp.sideCap"
04-24 20:44:16.846 21237 21401 I NTKernel: [I] silence_msg_mgr.cpp(65)::GetSilence GetSilence: local_silence:1
04-24 20:44:16.847 21237 21401 I NTKernel: [I] kernel_depend_adapter.cc(318)::GetBatteryStatus [GetBatteryStatus]->GetBatteryStatus percent 93 chargingState 1
04-24 20:44:16.848 21237 21401 I NTKernel: [I] mobile_msf_depend_proxy.cc(102)::SendMsfRequest cmd:trpc.qq_new_tech.status_svc.StatusService.SsoHeartBeat sourceType: trace=00-08ee54daa5d3f4f99ff5840f34cecbc7-e477dfa098927aed-00 req_acc=0
04-24 20:44:16.848   911   911 E libc    : Access denied finding property "ro.hardware.fp.fod"
04-24 20:44:16.849   911   911 E libc    : Access denied finding property "ro.hardware.fp.sideCap"
04-24 20:44:16.849 21237 21401 D KernelService: KSC: onSendSSORequest: trpc.qq_new_tech.status_svc.StatusService.SsoHeartBeat
04-24 20:44:16.850 21237 21522 D KernelSendObserver: KSC: SendToServer sso cmd: trpc.qq_new_tech.status_svc.StatusService.SsoHeartBeat
04-24 20:44:16.852 21237 21522 D MSFSwitchUtils: isAPPTimeoutCheckOptimizeEnable = true
04-24 20:44:16.856 21341 21642 D MSF.S.MsfService: MsfService# receive from com.tencent.mobileqq, MSG: ToServiceMsg msName:unknown ssoSeq:16323 appId:537236316 appSeq:471 uin:*5136 cmd=PjEgN3QpNAUkJicLLj0mMmQwJDUuLTYFOTUzegksJC4/MAMxKC4sOS9tAyc1ECA7ODcSMTss t:30000 needResp:true needQuickSend:false strategy:0IsSupportRetryfalse
04-24 20:44:16.859 21341 21642 D MSF.S.ReqHandler: onSend StatusService heartbeat
04-24 20:44:16.859 21341 21642 D MSF.C.MsfProbeManager: onNtHeartBeatSend
04-24 20:44:16.860 21341 21642 D MSF.C.NetConnTag.true: add Msg to sendQueue(0), MSG: ToServiceMsg msName:unknown ssoSeq:16323 appId:537236316 appSeq:471 uin:*5136 cmd=PjEgN3QpNAUkJicLLj0mMmQwJDUuLTYFOTUzegksJC4/MAMxKC4sOS9tAyc1ECA7ODcSMTss t:30000 needResp:true needQuickSend:false strategy:0IsSupportRetryfalse
04-24 20:44:16.866   911   911 E libc    : Access denied finding property "ro.hardware.fp.fod"
04-24 20:44:16.866   911   911 E libc    : Access denied finding property "ro.hardware.fp.sideCap"
04-24 20:44:16.867 21341 21543 D MSF.C.DeepSleepDetector: [hasInDeepSleep] result: false, bgTime: 251708, mCount: 5, interval: 60000
04-24 20:44:16.868 21341 21543 D MSF.C.NetConnTag.true: netSend appid:537236316 appSeq:471 ssoSeq:16323 uin:*5136 cmd=PjEgN3QpNAUkJicLLj0mMmQwJDUuLTYFOTUzegksJC4/MAMxKC4sOS9tAyc1ECA7ODcSMTss len:268 ver:11 socketEngineID: 1 socket: 206727744
04-24 20:44:16.874 21341 21548 D MSF.C.MsfProbeManager: register com.tencent.mobileqq:MSF_50475163 alarm alive send at 24 20:49:16
04-24 20:44:16.881   911   911 E libc    : Access denied finding property "ro.hardware.fp.fod"
04-24 20:44:16.881   911   911 E libc    : Access denied finding property "ro.hardware.fp.sideCap"
04-24 20:44:16.898   911   911 E libc    : Access denied finding property "ro.hardware.fp.fod"
04-24 20:44:16.899   911   911 E libc    : Access denied finding property "ro.hardware.fp.sideCap"
04-24 20:44:16.916   911   911 E libc    : Access denied finding property "ro.hardware.fp.fod"
04-24 20:44:16.916   911   911 E libc    : Access denied finding property "ro.hardware.fp.sideCap"
04-24 20:44:16.933   911   911 E libc    : Access denied finding property "ro.hardware.fp.fod"
04-24 20:44:16.933   911   911 E libc    : Access denied finding property "ro.hardware.fp.sideCap"
04-24 20:44:16.935 21341 23310 D MSF.C.NetConnTag.true: netRecv ssoSeq:16323 uin:*5136 cmd=PjEgN3QpNAUkJicLLj0mMmQwJDUuLTYFOTUzegksJC4/MAMxKC4sOS9tAyc1ECA7ODcSMTss 16507 ssoRoute:9 cross:0 socketEngineID: 1 socket: 206727744
04-24 20:44:16.936 21341 21553 I MSF.S.AppProcessManager: SendToApp process:com.tencent.mobileqq fromServiceMsg: FromServiceMsg msName:unknown ssoSeq:16323 serviceCmd:trpc.qq_new_tech.status_svc.StatusService.SsoHeartBeat appSeq:471 failCode:1000 cos t =0 needBoot=false to.len = 19 from.len = 7
04-24 20:44:16.940 21237 23841 D MSF.D.Proxy: onReceiveResp, fromServiceMsg = trpc.qq_new_tech.status_svc.StatusService.SsoHeartBeat, ssoSeq = 16323, length = 7
04-24 20:44:16.941 21237 23841 D MSFSwitchUtils: isAPPTimeoutCheckOptimizeEnable = true
04-24 20:44:16.942 21237 21604 I NTKernel: [KernelServlet-MSF]seq(224)---- onReceive cmd= trpc.qq_new_tech.status_svc.StatusService.SsoHeartBeat
04-24 20:44:16.945 21237 25150 I NTKernel: [I] mobile_qq_wrapper_session.cc(769)::onSendSSOReply [NTWrapperSession]->onSendSSOReply. ssoSeq 129 cmd trpc.qq_new_tech.status_svc.StatusService.SsoHeartBeat result 0 errorCode 0 error_msg  n_errMsg  rsp_buffer_size 3
04-24 20:44:16.946 21237 21401 I NTKernel: [I] im_msg_status_worker.cc(358)::operator() [MsgStatusWorker]->HeatBeat interval, 360
04-24 20:44:16.949   911   911 E libc    : Access denied finding property "ro.hardware.fp.fod"
04-24 20:44:16.949   911   911 E libc    : Access denied finding property "ro.hardware.fp.sideCap"
04-24 20:44:16.950 21237 25151 E QQOpenTelemetryReport: setAttributes is not exist tasKey = 129
04-24 20:44:16.950 21237 25151 E QQOpenTelemetryReport: setStatusCode is not exist tasKey = 129
04-24 20:44:16.950 21237 25151 E QQOpenTelemetryReport: endReportTask is not exist tasKey = 129
04-24 20:44:16.964   911   911 E libc    : Access denied finding property "ro.hardware.fp.fod"
04-24 20:44:16.964   911   911 E libc    : Access denied finding property "ro.hardware.fp.sideCap"
04-24 20:44:16.981   911   911 E libc    : Access denied finding property "ro.hardware.fp.fod"
04-24 20:44:16.981   911   911 E libc    : Access denied finding property "ro.hardware.fp.sideCap"
04-24 20:44:16.997   911   911 E libc    : Access denied finding property "ro.hardware.fp.fod"
04-24 20:44:16.997   911   911 E libc    : Access denied finding property "ro.hardware.fp.sideCap"
04-24 20:44:17.015   911   911 E libc    : Access denied finding property "ro.hardware.fp.fod"
04-24 20:44:17.015   911   911 E libc    : Access denied finding property "ro.hardware.fp.sideCap"
04-24 20:44:17.031   911   911 E libc    : Access denied finding property "ro.hardware.fp.fod"
04-24 20:44:17.032   911   911 E libc    : Access denied finding property "ro.hardware.fp.sideCap"
04-24 20:44:17.048   911   911 E libc    : Access denied finding property "ro.hardware.fp.fod"
04-24 20:44:17.048   911   911 E libc    : Access denied finding property "ro.hardware.fp.sideCap"
04-24 20:44:17.064   911   911 E libc    : Access denied finding property "ro.hardware.fp.fod"
04-24 20:44:17.064   911   911 E libc    : Access denied finding property "ro.hardware.fp.sideCap"
04-24 20:44:17.076  1109  1456 I ThermalEngine: vs_get_temperature: read[0] xo_therm 37187 mC, weight[0] 2
04-24 20:44:17.077  1109  1456 I ThermalEngine: vs_get_temperature: read[1] quiet_therm 35468 mC, weight[1] 1
