04-24 20:44:30.283   911   911 E libc    : Access denied finding property "ro.hardware.fp.sideCap"
04-24 20:44:30.289 14359 14390 D IdProviderImpl: getOAID
04-24 20:44:30.299   911   911 E libc    : Access denied finding property "ro.hardware.fp.fod"
04-24 20:44:30.299   911   911 E libc    : Access denied finding property "ro.hardware.fp.sideCap"
04-24 20:44:30.309   719 25159 E ResolverController: No valid NAT64 prefix (101, <unspecified>/0)
04-24 20:44:30.315   911   911 E libc    : Access denied finding property "ro.hardware.fp.fod"
04-24 20:44:30.315   911   911 E libc    : Access denied finding property "ro.hardware.fp.sideCap"
04-24 20:44:30.333   911   911 E libc    : Access denied finding property "ro.hardware.fp.fod"
04-24 20:44:30.333   911   911 E libc    : Access denied finding property "ro.hardware.fp.sideCap"
04-24 20:44:30.349   911   911 E libc    : Access denied finding property "ro.hardware.fp.fod"
04-24 20:44:30.349   911   911 E libc    : Access denied finding property "ro.hardware.fp.sideCap"
04-24 20:44:30.366   911   911 E libc    : Access denied finding property "ro.hardware.fp.fod"
04-24 20:44:30.366   911   911 E libc    : Access denied finding property "ro.hardware.fp.sideCap"
04-24 20:44:30.381   911   911 E libc    : Access denied finding property "ro.hardware.fp.fod"
04-24 20:44:30.381   911   911 E libc    : Access denied finding property "ro.hardware.fp.sideCap"
04-24 20:44:30.400   911   911 E libc    : Access denied finding property "ro.hardware.fp.fod"
04-24 20:44:30.400   911   911 E libc    : Access denied finding property "ro.hardware.fp.sideCap"
04-24 20:44:30.415   911   911 E libc    : Access denied finding property "ro.hardware.fp.fod"
04-24 20:44:30.415   911   911 E libc    : Access denied finding property "ro.hardware.fp.sideCap"
04-24 20:44:30.432   911   911 E libc    : Access denied finding property "ro.hardware.fp.fod"
04-24 20:44:30.432   911   911 E libc    : Access denied finding property "ro.hardware.fp.sideCap"
04-24 20:44:30.442   911   911 W surfaceflinger: type=1400 audit(0.0:119442): avc: denied { read } for name="u:object_r:vendor_fp_prop:s0" dev="tmpfs" ino=22708 scontext=u:r:surfaceflinger:s0 tcontext=u:object_r:vendor_fp_prop:s0 tclass=file permissive=0
04-24 20:44:30.442   911   911 W surfaceflinger: type=1400 audit(0.0:119443): avc: denied { read } for name="u:object_r:vendor_fp_prop:s0" dev="tmpfs" ino=22708 scontext=u:r:surfaceflinger:s0 tcontext=u:object_r:vendor_fp_prop:s0 tclass=file permissive=0
04-24 20:44:30.448   911   911 E libc    : Access denied finding property "ro.hardware.fp.fod"
04-24 20:44:30.448   911   911 E libc    : Access denied finding property "ro.hardware.fp.sideCap"
04-24 20:44:30.453  2202  2356 I MiuiNetworkPolicy: bandwidth: 1 KB/s, Max bandwidth: 704 KB/s
04-24 20:44:30.452   911   911 W surfaceflinger: type=1400 audit(0.0:119444): avc: denied { read } for name="u:object_r:vendor_fp_prop:s0" dev="tmpfs" ino=22708 scontext=u:r:surfaceflinger:s0 tcontext=u:object_r:vendor_fp_prop:s0 tclass=file permissive=0
04-24 20:44:30.452   911   911 W surfaceflinger: type=1400 audit(0.0:119445): avc: denied { read } for name="u:object_r:vendor_fp_prop:s0" dev="tmpfs" ino=22708 scontext=u:r:surfaceflinger:s0 tcontext=u:object_r:vendor_fp_prop:s0 tclass=file permissive=0
04-24 20:44:30.464   911   911 E libc    : Access denied finding property "ro.hardware.fp.fod"
04-24 20:44:30.465   911   911 E libc    : Access denied finding property "ro.hardware.fp.sideCap"
04-24 20:44:30.472   911   911 W surfaceflinger: type=1400 audit(0.0:119446): avc: denied { read } for name="u:object_r:vendor_fp_prop:s0" dev="tmpfs" ino=22708 scontext=u:r:surfaceflinger:s0 tcontext=u:object_r:vendor_fp_prop:s0 tclass=file permissive=0
04-24 20:44:30.482   911   911 E libc    : Access denied finding property "ro.hardware.fp.fod"
04-24 20:44:30.482   911   911 E libc    : Access denied finding property "ro.hardware.fp.sideCap"
04-24 20:44:30.499   911   911 E libc    : Access denied finding property "ro.hardware.fp.fod"
04-24 20:44:30.499   911   911 E libc    : Access denied finding property "ro.hardware.fp.sideCap"
04-24 20:44:30.515   911   911 E libc    : Access denied finding property "ro.hardware.fp.fod"
04-24 20:44:30.515   911   911 E libc    : Access denied finding property "ro.hardware.fp.sideCap"
04-24 20:44:30.533   911   911 E libc    : Access denied finding property "ro.hardware.fp.fod"
04-24 20:44:30.533   911   911 E libc    : Access denied finding property "ro.hardware.fp.sideCap"
04-24 20:44:30.549   911   911 E libc    : Access denied finding property "ro.hardware.fp.fod"
04-24 20:44:30.549   911   911 E libc    : Access denied finding property "ro.hardware.fp.sideCap"
04-24 20:44:30.560  1109  1451 I ThermalEngine: vs_get_temperature: read[0] xo_therm 38385 mC, weight[0] 2
04-24 20:44:30.562  1109  1451 I ThermalEngine: vs_get_temperature: read[1] quiet_therm 35729 mC, weight[1] 1
04-24 20:44:30.566  1109  1456 I ThermalEngine: vs_get_temperature: read[0] xo_therm 38385 mC, weight[0] 2
04-24 20:44:30.566   911   911 E libc    : Access denied finding property "ro.hardware.fp.fod"
04-24 20:44:30.566   911   911 E libc    : Access denied finding property "ro.hardware.fp.sideCap"
04-24 20:44:30.567  1109  1456 I ThermalEngine: vs_get_temperature: read[1] quiet_therm 35729 mC, weight[1] 1
04-24 20:44:30.568  1109  1456 I ThermalEngine: vs_get_temperature: read[0] xo_therm 38385 mC, weight[0] 2
04-24 20:44:30.570  1109  1456 I ThermalEngine: vs_get_temperature: read[1] quiet_therm 35729 mC, weight[1] 1
04-24 20:44:30.583   911   911 E libc    : Access denied finding property "ro.hardware.fp.fod"
04-24 20:44:30.584   911   911 E libc    : Access denied finding property "ro.hardware.fp.sideCap"
04-24 20:44:30.598   911   911 E libc    : Access denied finding property "ro.hardware.fp.fod"
04-24 20:44:30.598   911   911 E libc    : Access denied finding property "ro.hardware.fp.sideCap"
04-24 20:44:30.616   911   911 E libc    : Access denied finding property "ro.hardware.fp.fod"
04-24 20:44:30.616   911   911 E libc    : Access denied finding property "ro.hardware.fp.sideCap"
04-24 20:44:30.633   911   911 E libc    : Access denied finding property "ro.hardware.fp.fod"
04-24 20:44:30.634   911   911 E libc    : Access denied finding property "ro.hardware.fp.sideCap"
04-24 20:44:30.650   911   911 E libc    : Access denied finding property "ro.hardware.fp.fod"
04-24 20:44:30.651   911   911 E libc    : Access denied finding property "ro.hardware.fp.sideCap"
04-24 20:44:30.666   911   911 E libc    : Access denied finding property "ro.hardware.fp.fod"
04-24 20:44:30.666   911   911 E libc    : Access denied finding property "ro.hardware.fp.sideCap"
04-24 20:44:30.682   911   911 E libc    : Access denied finding property "ro.hardware.fp.fod"
04-24 20:44:30.683   911   911 E libc    : Access denied finding property "ro.hardware.fp.sideCap"
04-24 20:44:30.700   911   911 E libc    : Access denied finding property "ro.hardware.fp.fod"
04-24 20:44:30.701   911   911 E libc    : Access denied finding property "ro.hardware.fp.sideCap"
04-24 20:44:30.717   911   911 E libc    : Access denied finding property "ro.hardware.fp.fod"
04-24 20:44:30.717   911   911 E libc    : Access denied finding property "ro.hardware.fp.sideCap"
04-24 20:44:30.734   911   911 E libc    : Access denied finding property "ro.hardware.fp.fod"
04-24 20:44:30.734   911   911 E libc    : Access denied finding property "ro.hardware.fp.sideCap"
04-24 20:44:30.750   911   911 E libc    : Access denied finding property "ro.hardware.fp.fod"
04-24 20:44:30.751   911   911 E libc    : Access denied finding property "ro.hardware.fp.sideCap"
04-24 20:44:30.767   911   911 E libc    : Access denied finding property "ro.hardware.fp.fod"
04-24 20:44:30.767   911   911 E libc    : Access denied finding property "ro.hardware.fp.sideCap"
04-24 20:44:30.778 21237 21401 I NTKernel: [I] frequency_control_service.cc(60)::StartRefreshTimer [FrequencyControlService]->refresh_timer_
04-24 20:44:30.783   911   911 E libc    : Access denied finding property "ro.hardware.fp.fod"
04-24 20:44:30.783   911   911 E libc    : Access denied finding property "ro.hardware.fp.sideCap"
04-24 20:44:30.799   911   911 E libc    : Access denied finding property "ro.hardware.fp.fod"
04-24 20:44:30.799   911   911 E libc    : Access denied finding property "ro.hardware.fp.sideCap"
04-24 20:44:30.817   911   911 E libc    : Access denied finding property "ro.hardware.fp.fod"
04-24 20:44:30.817   911   911 E libc    : Access denied finding property "ro.hardware.fp.sideCap"
04-24 20:44:30.832   911   911 E libc    : Access denied finding property "ro.hardware.fp.fod"
04-24 20:44:30.833   911   911 E libc    : Access denied finding property "ro.hardware.fp.sideCap"
04-24 20:44:30.851   911   911 E libc    : Access denied finding property "ro.hardware.fp.fod"
04-24 20:44:30.851   911   911 E libc    : Access denied finding property "ro.hardware.fp.sideCap"
04-24 20:44:30.866   911   911 E libc    : Access denied finding property "ro.hardware.fp.fod"
04-24 20:44:30.866   911   911 E libc    : Access denied finding property "ro.hardware.fp.sideCap"
04-24 20:44:30.884   911   911 E libc    : Access denied finding property "ro.hardware.fp.fod"
04-24 20:44:30.884   911   911 E libc    : Access denied finding property "ro.hardware.fp.sideCap"
04-24 20:44:30.901   911   911 E libc    : Access denied finding property "ro.hardware.fp.fod"
04-24 20:44:30.901   911   911 E libc    : Access denied finding property "ro.hardware.fp.sideCap"
04-24 20:44:30.917   911   911 E libc    : Access denied finding property "ro.hardware.fp.fod"
04-24 20:44:30.917   911   911 E libc    : Access denied finding property "ro.hardware.fp.sideCap"
04-24 20:44:30.934   911   911 E libc    : Access denied finding property "ro.hardware.fp.fod"
04-24 20:44:30.934   911   911 E libc    : Access denied finding property "ro.hardware.fp.sideCap"
04-24 20:44:30.951   911   911 E libc    : Access denied finding property "ro.hardware.fp.fod"
04-24 20:44:30.951   911   911 E libc    : Access denied finding property "ro.hardware.fp.sideCap"
04-24 20:44:30.967   911   911 E libc    : Access denied finding property "ro.hardware.fp.fod"
04-24 20:44:30.967   911   911 E libc    : Access denied finding property "ro.hardware.fp.sideCap"
04-24 20:44:30.982   911   911 E libc    : Access denied finding property "ro.hardware.fp.fod"
04-24 20:44:30.982   911   911 E libc    : Access denied finding property "ro.hardware.fp.sideCap"
04-24 20:44:30.999   911   911 E libc    : Access denied finding property "ro.hardware.fp.fod"
04-24 20:44:30.999   911   911 E libc    : Access denied finding property "ro.hardware.fp.sideCap"
04-24 20:44:31.015   911   911 E libc    : Access denied finding property "ro.hardware.fp.fod"
04-24 20:44:31.015   911   911 E libc    : Access denied finding property "ro.hardware.fp.sideCap"
04-24 20:44:31.033   911   911 E libc    : Access denied finding property "ro.hardware.fp.fod"
04-24 20:44:31.033   911   911 E libc    : Access denied finding property "ro.hardware.fp.sideCap"
04-24 20:44:31.050   911   911 E libc    : Access denied finding property "ro.hardware.fp.fod"
04-24 20:44:31.050   911   911 E libc    : Access denied finding property "ro.hardware.fp.sideCap"
04-24 20:44:31.066   911   911 E libc    : Access denied finding property "ro.hardware.fp.fod"
04-24 20:44:31.066   911   911 E libc    : Access denied finding property "ro.hardware.fp.sideCap"
04-24 20:44:31.084   911   911 E libc    : Access denied finding property "ro.hardware.fp.fod"
04-24 20:44:31.084   911   911 E libc    : Access denied finding property "ro.hardware.fp.sideCap"
04-24 20:44:31.101   911   911 E libc    : Access denied finding property "ro.hardware.fp.fod"
04-24 20:44:31.102   911   911 E libc    : Access denied finding property "ro.hardware.fp.sideCap"
04-24 20:44:31.118   911   911 E libc    : Access denied finding property "ro.hardware.fp.fod"
04-24 20:44:31.118   911   911 E libc    : Access denied finding property "ro.hardware.fp.sideCap"
04-24 20:44:31.135   911   911 E libc    : Access denied finding property "ro.hardware.fp.fod"
04-24 20:44:31.135   911   911 E libc    : Access denied finding property "ro.hardware.fp.sideCap"
04-24 20:44:31.151   911   911 E libc    : Access denied finding property "ro.hardware.fp.fod"
04-24 20:44:31.151   911   911 E libc    : Access denied finding property "ro.hardware.fp.sideCap"
04-24 20:44:31.168   911   911 E libc    : Access denied finding property "ro.hardware.fp.fod"
04-24 20:44:31.168   911   911 E libc    : Access denied finding property "ro.hardware.fp.sideCap"
04-24 20:44:31.184   911   911 E libc    : Access denied finding property "ro.hardware.fp.fod"
04-24 20:44:31.185   911   911 E libc    : Access denied finding property "ro.hardware.fp.sideCap"
04-24 20:44:31.201   911   911 E libc    : Access denied finding property "ro.hardware.fp.fod"
04-24 20:44:31.202   911   911 E libc    : Access denied finding property "ro.hardware.fp.sideCap"
04-24 20:44:31.218   911   911 E libc    : Access denied finding property "ro.hardware.fp.fod"
04-24 20:44:31.218   911   911 E libc    : Access denied finding property "ro.hardware.fp.sideCap"
04-24 20:44:31.235   911   911 E libc    : Access denied finding property "ro.hardware.fp.fod"
04-24 20:44:31.236   911   911 E libc    : Access denied finding property "ro.hardware.fp.sideCap"
04-24 20:44:31.251   911   911 E libc    : Access denied finding property "ro.hardware.fp.fod"
04-24 20:44:31.252   911   911 E libc    : Access denied finding property "ro.hardware.fp.sideCap"
04-24 20:44:31.269   911   911 E libc    : Access denied finding property "ro.hardware.fp.fod"
04-24 20:44:31.269   911   911 E libc    : Access denied finding property "ro.hardware.fp.sideCap"
04-24 20:44:31.283   911   911 E libc    : Access denied finding property "ro.hardware.fp.fod"
04-24 20:44:31.284   911   911 E libc    : Access denied finding property "ro.hardware.fp.sideCap"
04-24 20:44:31.302   911   911 E libc    : Access denied finding property "ro.hardware.fp.fod"
04-24 20:44:31.302   911   911 E libc    : Access denied finding property "ro.hardware.fp.sideCap"
04-24 20:44:31.318   911   911 E libc    : Access denied finding property "ro.hardware.fp.fod"
04-24 20:44:31.319   911   911 E libc    : Access denied finding property "ro.hardware.fp.sideCap"
04-24 20:44:31.335   911   911 E libc    : Access denied finding property "ro.hardware.fp.fod"
04-24 20:44:31.335   911   911 E libc    : Access denied finding property "ro.hardware.fp.sideCap"
04-24 20:44:31.352   911   911 E libc    : Access denied finding property "ro.hardware.fp.fod"
04-24 20:44:31.352   911   911 E libc    : Access denied finding property "ro.hardware.fp.sideCap"
04-24 20:44:31.368   911   911 E libc    : Access denied finding property "ro.hardware.fp.fod"
04-24 20:44:31.369   911   911 E libc    : Access denied finding property "ro.hardware.fp.sideCap"
04-24 20:44:31.385   911   911 E libc    : Access denied finding property "ro.hardware.fp.fod"
04-24 20:44:31.385   911   911 E libc    : Access denied finding property "ro.hardware.fp.sideCap"
04-24 20:44:31.402   911   911 E libc    : Access denied finding property "ro.hardware.fp.fod"
04-24 20:44:31.402   911   911 E libc    : Access denied finding property "ro.hardware.fp.sideCap"
04-24 20:44:31.419   911   911 E libc    : Access denied finding property "ro.hardware.fp.fod"
04-24 20:44:31.419   911   911 E libc    : Access denied finding property "ro.hardware.fp.sideCap"
04-24 20:44:31.434   911   911 E libc    : Access denied finding property "ro.hardware.fp.fod"
04-24 20:44:31.434   911   911 E libc    : Access denied finding property "ro.hardware.fp.sideCap"
04-24 20:44:31.441   834  3365 I vendor.qti.bluetooth@1.0-ibs_handler: ProcessIbsCmd: Received IBS_WAKE_IND: 0xFD
04-24 20:44:31.441   834  3365 D vendor.qti.bluetooth@1.0-ibs_handler: SerialClockVote: vote for UART CLK ON
04-24 20:44:31.442   834  3365 D vendor.qti.bluetooth@1.0-wake_lock: Acquire wakelock is acquired 
04-24 20:44:31.442   834  3365 I vendor.qti.bluetooth@1.0-ibs_handler: ProcessIbsCmd: Writing IBS_WAKE_ACK
04-24 20:44:31.444  2454  3367 V bt_stack: [VERBOSE1:btm_ble_gap.cc(1923)] btm_ble_process_ext_adv_pkt: bda=44:9a:22:82:37:96
04-24 20:44:31.445  2454  3367 V bt_stack: [VERBOSE1:btm_ble_gap.cc(1847)] btm_ble_process_adv_addr: bda=44:9a:22:82:37:96
04-24 20:44:31.445  2454  3367 V bt_stack: [VERBOSE1:btm_ble_gap.cc(2052)]  Waiting for scan response 44:9a:22:82:37:96
04-24 20:44:31.453   911   911 E libc    : Access denied finding property "ro.hardware.fp.fod"
04-24 20:44:31.453   911   911 E libc    : Access denied finding property "ro.hardware.fp.sideCap"
04-24 20:44:31.469   911   911 E libc    : Access denied finding property "ro.hardware.fp.fod"
04-24 20:44:31.469   911   911 E libc    : Access denied finding property "ro.hardware.fp.sideCap"
04-24 20:44:31.462   911   911 W surfaceflinger: type=1400 audit(0.0:119564): avc: denied { read } for name="u:object_r:vendor_fp_prop:s0" dev="tmpfs" ino=22708 scontext=u:r:surfaceflinger:s0 tcontext=u:object_r:vendor_fp_prop:s0 tclass=file permissive=0
04-24 20:44:31.462   911   911 W surfaceflinger: type=1400 audit(0.0:119565): avc: denied { read } for name="u:object_r:vendor_fp_prop:s0" dev="tmpfs" ino=22708 scontext=u:r:surfaceflinger:s0 tcontext=u:object_r:vendor_fp_prop:s0 tclass=file permissive=0
04-24 20:44:31.483   834  3365 I vendor.qti.bluetooth@1.0-ibs_handler: ProcessIbsCmd: Received IBS_SLEEP_IND: 0xFE
04-24 20:44:31.483   834  3365 D vendor.qti.bluetooth@1.0-ibs_handler: SerialClockVote: vote for UART CLK OFF
04-24 20:44:31.472   911   911 W surfaceflinger: type=1400 audit(0.0:119566): avc: denied { read } for name="u:object_r:vendor_fp_prop:s0" dev="tmpfs" ino=22708 scontext=u:r:surfaceflinger:s0 tcontext=u:object_r:vendor_fp_prop:s0 tclass=file permissive=0
04-24 20:44:31.472   911   911 W surfaceflinger: type=1400 audit(0.0:119567): avc: denied { read } for name="u:object_r:vendor_fp_prop:s0" dev="tmpfs" ino=22708 scontext=u:r:surfaceflinger:s0 tcontext=u:object_r:vendor_fp_prop:s0 tclass=file permissive=0
04-24 20:44:31.485   911   911 E libc    : Access denied finding property "ro.hardware.fp.fod"
04-24 20:44:31.485   911   911 E libc    : Access denied finding property "ro.hardware.fp.sideCap"
04-24 20:44:31.492   911   911 W surfaceflinger: type=1400 audit(0.0:119568): avc: denied { read } for name="u:object_r:vendor_fp_prop:s0" dev="tmpfs" ino=22708 scontext=u:r:surfaceflinger:s0 tcontext=u:object_r:vendor_fp_prop:s0 tclass=file permissive=0
04-24 20:44:31.501   911   911 E libc    : Access denied finding property "ro.hardware.fp.fod"
04-24 20:44:31.502   911   911 E libc    : Access denied finding property "ro.hardware.fp.sideCap"
04-24 20:44:31.518   911   911 E libc    : Access denied finding property "ro.hardware.fp.fod"
04-24 20:44:31.518   911   911 E libc    : Access denied finding property "ro.hardware.fp.sideCap"
04-24 20:44:31.535   911   911 E libc    : Access denied finding property "ro.hardware.fp.fod"
04-24 20:44:31.535   911   911 E libc    : Access denied finding property "ro.hardware.fp.sideCap"
04-24 20:44:31.552   911   911 E libc    : Access denied finding property "ro.hardware.fp.fod"
04-24 20:44:31.552   911   911 E libc    : Access denied finding property "ro.hardware.fp.sideCap"
04-24 20:44:31.564  1109  1451 I ThermalEngine: vs_get_temperature: read[0] xo_therm 38333 mC, weight[0] 2
04-24 20:44:31.565  1109  1451 I ThermalEngine: vs_get_temperature: read[1] quiet_therm 35729 mC, weight[1] 1
04-24 20:44:31.567   911   911 E libc    : Access denied finding property "ro.hardware.fp.fod"
04-24 20:44:31.567   911   911 E libc    : Access denied finding property "ro.hardware.fp.sideCap"
04-24 20:44:31.585   911   911 E libc    : Access denied finding property "ro.hardware.fp.fod"
04-24 20:44:31.586   911   911 E libc    : Access denied finding property "ro.hardware.fp.sideCap"
04-24 20:44:31.602   911   911 E libc    : Access denied finding property "ro.hardware.fp.fod"
04-24 20:44:31.602   911   911 E libc    : Access denied finding property "ro.hardware.fp.sideCap"
04-24 20:44:31.619   911   911 E libc    : Access denied finding property "ro.hardware.fp.fod"
04-24 20:44:31.619   911   911 E libc    : Access denied finding property "ro.hardware.fp.sideCap"
04-24 20:44:31.634   834  3141 D vendor.qti.bluetooth@1.0-wake_lock: Release wakelock is released 
04-24 20:44:31.635   911   911 E libc    : Access denied finding property "ro.hardware.fp.fod"
04-24 20:44:31.635   911   911 E libc    : Access denied finding property "ro.hardware.fp.sideCap"
04-24 20:44:31.653   911   911 E libc    : Access denied finding property "ro.hardware.fp.fod"
04-24 20:44:31.653   911   911 E libc    : Access denied finding property "ro.hardware.fp.sideCap"
04-24 20:44:31.670   911   911 E libc    : Access denied finding property "ro.hardware.fp.fod"
04-24 20:44:31.670   911   911 E libc    : Access denied finding property "ro.hardware.fp.sideCap"
04-24 20:44:31.685   911   911 E libc    : Access denied finding property "ro.hardware.fp.fod"
04-24 20:44:31.686   911   911 E libc    : Access denied finding property "ro.hardware.fp.sideCap"
04-24 20:44:31.704   911   911 E libc    : Access denied finding property "ro.hardware.fp.fod"
04-24 20:44:31.704   911   911 E libc    : Access denied finding property "ro.hardware.fp.sideCap"
04-24 20:44:31.719   911   911 E libc    : Access denied finding property "ro.hardware.fp.fod"
04-24 20:44:31.719   911   911 E libc    : Access denied finding property "ro.hardware.fp.sideCap"
04-24 20:44:31.736   911   911 E libc    : Access denied finding property "ro.hardware.fp.fod"
04-24 20:44:31.736   911   911 E libc    : Access denied finding property "ro.hardware.fp.sideCap"
04-24 20:44:31.752   911   911 E libc    : Access denied finding property "ro.hardware.fp.fod"
04-24 20:44:31.752   911   911 E libc    : Access denied finding property "ro.hardware.fp.sideCap"
04-24 20:44:31.768   911   911 E libc    : Access denied finding property "ro.hardware.fp.fod"
04-24 20:44:31.768   911   911 E libc    : Access denied finding property "ro.hardware.fp.sideCap"
04-24 20:44:31.786   911   911 E libc    : Access denied finding property "ro.hardware.fp.fod"
04-24 20:44:31.786   911   911 E libc    : Access denied finding property "ro.hardware.fp.sideCap"
04-24 20:44:31.794 21237 21401 I NTKernel: [I] frequency_control_service.cc(60)::StartRefreshTimer [FrequencyControlService]->refresh_timer_
04-24 20:44:31.801   911   911 E libc    : Access denied finding property "ro.hardware.fp.fod"
04-24 20:44:31.801   911   911 E libc    : Access denied finding property "ro.hardware.fp.sideCap"
04-24 20:44:31.820   911   911 E libc    : Access denied finding property "ro.hardware.fp.fod"
04-24 20:44:31.820   911   911 E libc    : Access denied finding property "ro.hardware.fp.sideCap"
04-24 20:44:31.836   911   911 E libc    : Access denied finding property "ro.hardware.fp.fod"
04-24 20:44:31.837   911   911 E libc    : Access denied finding property "ro.hardware.fp.sideCap"
04-24 20:44:31.853   911   911 E libc    : Access denied finding property "ro.hardware.fp.fod"
04-24 20:44:31.853   911   911 E libc    : Access denied finding property "ro.hardware.fp.sideCap"
04-24 20:44:31.870   911   911 E libc    : Access denied finding property "ro.hardware.fp.fod"
04-24 20:44:31.871   911   911 E libc    : Access denied finding property "ro.hardware.fp.sideCap"
04-24 20:44:31.886   911   911 E libc    : Access denied finding property "ro.hardware.fp.fod"
04-24 20:44:31.887   911   911 E libc    : Access denied finding property "ro.hardware.fp.sideCap"
04-24 20:44:31.904   911   911 E libc    : Access denied finding property "ro.hardware.fp.fod"
04-24 20:44:31.905   911   911 E libc    : Access denied finding property "ro.hardware.fp.sideCap"
04-24 20:44:31.921   911   911 E libc    : Access denied finding property "ro.hardware.fp.fod"
04-24 20:44:31.921   911   911 E libc    : Access denied finding property "ro.hardware.fp.sideCap"
04-24 20:44:31.937   911   911 E libc    : Access denied finding property "ro.hardware.fp.fod"
04-24 20:44:31.937   911   911 E libc    : Access denied finding property "ro.hardware.fp.sideCap"
04-24 20:44:31.953   911   911 E libc    : Access denied finding property "ro.hardware.fp.fod"
04-24 20:44:31.953   911   911 E libc    : Access denied finding property "ro.hardware.fp.sideCap"
04-24 20:44:31.971   911   911 E libc    : Access denied finding property "ro.hardware.fp.fod"
04-24 20:44:31.971   911   911 E libc    : Access denied finding property "ro.hardware.fp.sideCap"
04-24 20:44:31.987   911   911 E libc    : Access denied finding property "ro.hardware.fp.fod"
04-24 20:44:31.987   911   911 E libc    : Access denied finding property "ro.hardware.fp.sideCap"
04-24 20:44:32.005   911   911 E libc    : Access denied finding property "ro.hardware.fp.fod"
04-24 20:44:32.005   911   911 E libc    : Access denied finding property "ro.hardware.fp.sideCap"
04-24 20:44:32.021   911   911 E libc    : Access denied finding property "ro.hardware.fp.fod"
04-24 20:44:32.021   911   911 E libc    : Access denied finding property "ro.hardware.fp.sideCap"
04-24 20:44:32.037   911   911 E libc    : Access denied finding property "ro.hardware.fp.fod"
04-24 20:44:32.038   911   911 E libc    : Access denied finding property "ro.hardware.fp.sideCap"
04-24 20:44:32.054   911   911 E libc    : Access denied finding property "ro.hardware.fp.fod"
04-24 20:44:32.054   911   911 E libc    : Access denied finding property "ro.hardware.fp.sideCap"
04-24 20:44:32.072   911   911 E libc    : Access denied finding property "ro.hardware.fp.fod"
04-24 20:44:32.072   911   911 E libc    : Access denied finding property "ro.hardware.fp.sideCap"
04-24 20:44:32.087   911   911 E libc    : Access denied finding property "ro.hardware.fp.fod"
04-24 20:44:32.087   911   911 E libc    : Access denied finding property "ro.hardware.fp.sideCap"
04-24 20:44:32.104   911   911 E libc    : Access denied finding property "ro.hardware.fp.fod"
04-24 20:44:32.104   911   911 E libc    : Access denied finding property "ro.hardware.fp.sideCap"
04-24 20:44:32.121   911   911 E libc    : Access denied finding property "ro.hardware.fp.fod"
04-24 20:44:32.121   911   911 E libc    : Access denied finding property "ro.hardware.fp.sideCap"
04-24 20:44:32.136   911   911 E libc    : Access denied finding property "ro.hardware.fp.fod"
04-24 20:44:32.136   911   911 E libc    : Access denied finding property "ro.hardware.fp.sideCap"
04-24 20:44:32.154   911   911 E libc    : Access denied finding property "ro.hardware.fp.fod"
04-24 20:44:32.154   911   911 E libc    : Access denied finding property "ro.hardware.fp.sideCap"
04-24 20:44:32.170   911   911 E libc    : Access denied finding property "ro.hardware.fp.fod"
04-24 20:44:32.170   911   911 E libc    : Access denied finding property "ro.hardware.fp.sideCap"
04-24 20:44:32.186   911   911 E libc    : Access denied finding property "ro.hardware.fp.fod"
04-24 20:44:32.186   911   911 E libc    : Access denied finding property "ro.hardware.fp.sideCap"
04-24 20:44:32.205   911   911 E libc    : Access denied finding property "ro.hardware.fp.fod"
04-24 20:44:32.205   911   911 E libc    : Access denied finding property "ro.hardware.fp.sideCap"
04-24 20:44:32.222   911   911 E libc    : Access denied finding property "ro.hardware.fp.fod"
04-24 20:44:32.222   911   911 E libc    : Access denied finding property "ro.hardware.fp.sideCap"
04-24 20:44:32.235   911   911 E libc    : Access denied finding property "ro.hardware.fp.fod"
04-24 20:44:32.235   911   911 E libc    : Access denied finding property "ro.hardware.fp.sideCap"
04-24 20:44:32.255   911   911 E libc    : Access denied finding property "ro.hardware.fp.fod"
04-24 20:44:32.255   911   911 E libc    : Access denied finding property "ro.hardware.fp.sideCap"
04-24 20:44:32.271   911   911 E libc    : Access denied finding property "ro.hardware.fp.fod"
04-24 20:44:32.271   911   911 E libc    : Access denied finding property "ro.hardware.fp.sideCap"
04-24 20:44:32.287   911   911 E libc    : Access denied finding property "ro.hardware.fp.fod"
04-24 20:44:32.287   911   911 E libc    : Access denied finding property "ro.hardware.fp.sideCap"
04-24 20:44:32.304   911   911 E libc    : Access denied finding property "ro.hardware.fp.fod"
04-24 20:44:32.304   911   911 E libc    : Access denied finding property "ro.hardware.fp.sideCap"
04-24 20:44:32.323   911   911 E libc    : Access denied finding property "ro.hardware.fp.fod"
04-24 20:44:32.324   911   911 E libc    : Access denied finding property "ro.hardware.fp.sideCap"
04-24 20:44:32.336   911   911 E libc    : Access denied finding property "ro.hardware.fp.fod"
04-24 20:44:32.336   911   911 E libc    : Access denied finding property "ro.hardware.fp.sideCap"
04-24 20:44:32.372   911   911 E libc    : Access denied finding property "ro.hardware.fp.fod"
04-24 20:44:32.372   911   911 E libc    : Access denied finding property "ro.hardware.fp.sideCap"
04-24 20:44:32.404   911   911 E libc    : Access denied finding property "ro.hardware.fp.fod"
04-24 20:44:32.405   911   911 E libc    : Access denied finding property "ro.hardware.fp.sideCap"
04-24 20:44:32.423   911   911 E libc    : Access denied finding property "ro.hardware.fp.fod"
04-24 20:44:32.424   911   911 E libc    : Access denied finding property "ro.hardware.fp.sideCap"
04-24 20:44:32.436   911   911 E libc    : Access denied finding property "ro.hardware.fp.fod"
04-24 20:44:32.436   911   911 E libc    : Access denied finding property "ro.hardware.fp.sideCap"
04-24 20:44:32.455   911   911 E libc    : Access denied finding property "ro.hardware.fp.fod"
04-24 20:44:32.455   911   911 E libc    : Access denied finding property "ro.hardware.fp.sideCap"
04-24 20:44:32.470   911   911 E libc    : Access denied finding property "ro.hardware.fp.fod"
04-24 20:44:32.471   911   911 E libc    : Access denied finding property "ro.hardware.fp.sideCap"
04-24 20:44:32.482   911   911 W surfaceflinger: type=1400 audit(0.0:119682): avc: denied { read } for name="u:object_r:vendor_fp_prop:s0" dev="tmpfs" ino=22708 scontext=u:r:surfaceflinger:s0 tcontext=u:object_r:vendor_fp_prop:s0 tclass=file permissive=0
04-24 20:44:32.482   911   911 W surfaceflinger: type=1400 audit(0.0:119683): avc: denied { read } for name="u:object_r:vendor_fp_prop:s0" dev="tmpfs" ino=22708 scontext=u:r:surfaceflinger:s0 tcontext=u:object_r:vendor_fp_prop:s0 tclass=file permissive=0
04-24 20:44:32.488   911   911 E libc    : Access denied finding property "ro.hardware.fp.fod"
04-24 20:44:32.489   911   911 E libc    : Access denied finding property "ro.hardware.fp.sideCap"
04-24 20:44:32.492   911   911 W surfaceflinger: type=1400 audit(0.0:119684): avc: denied { read } for name="u:object_r:vendor_fp_prop:s0" dev="tmpfs" ino=22708 scontext=u:r:surfaceflinger:s0 tcontext=u:object_r:vendor_fp_prop:s0 tclass=file permissive=0
04-24 20:44:32.492   911   911 W surfaceflinger: type=1400 audit(0.0:119685): avc: denied { read } for name="u:object_r:vendor_fp_prop:s0" dev="tmpfs" ino=22708 scontext=u:r:surfaceflinger:s0 tcontext=u:object_r:vendor_fp_prop:s0 tclass=file permissive=0
04-24 20:44:32.505   911   911 E libc    : Access denied finding property "ro.hardware.fp.fod"
04-24 20:44:32.505   911   911 E libc    : Access denied finding property "ro.hardware.fp.sideCap"
04-24 20:44:32.512   911   911 W surfaceflinger: type=1400 audit(0.0:119686): avc: denied { read } for name="u:object_r:vendor_fp_prop:s0" dev="tmpfs" ino=22708 scontext=u:r:surfaceflinger:s0 tcontext=u:object_r:vendor_fp_prop:s0 tclass=file permissive=0
04-24 20:44:32.524   911   911 E libc    : Access denied finding property "ro.hardware.fp.fod"
04-24 20:44:32.524   911   911 E libc    : Access denied finding property "ro.hardware.fp.sideCap"
04-24 20:44:32.536   911   911 E libc    : Access denied finding property "ro.hardware.fp.fod"
04-24 20:44:32.537   911   911 E libc    : Access denied finding property "ro.hardware.fp.sideCap"
04-24 20:44:32.555   911   911 E libc    : Access denied finding property "ro.hardware.fp.fod"
04-24 20:44:32.556   911   911 E libc    : Access denied finding property "ro.hardware.fp.sideCap"
04-24 20:44:32.567  1109  1451 I ThermalEngine: vs_get_temperature: read[0] xo_therm 38177 mC, weight[0] 2
04-24 20:44:32.569  1109  1451 I ThermalEngine: vs_get_temperature: read[1] quiet_therm 35781 mC, weight[1] 1
04-24 20:44:32.571   911   911 E libc    : Access denied finding property "ro.hardware.fp.fod"
04-24 20:44:32.571   911   911 E libc    : Access denied finding property "ro.hardware.fp.sideCap"
04-24 20:44:32.571  1109  1456 I ThermalEngine: vs_get_temperature: read[0] xo_therm 38177 mC, weight[0] 2
04-24 20:44:32.573  1109  1456 I ThermalEngine: vs_get_temperature: read[1] quiet_therm 35781 mC, weight[1] 1
04-24 20:44:32.574  1109  1456 I ThermalEngine: vs_get_temperature: read[0] xo_therm 38229 mC, weight[0] 2
04-24 20:44:32.575  1109  1456 I ThermalEngine: vs_get_temperature: read[1] quiet_therm 35781 mC, weight[1] 1
04-24 20:44:32.589   911   911 E libc    : Access denied finding property "ro.hardware.fp.fod"
04-24 20:44:32.589   911   911 E libc    : Access denied finding property "ro.hardware.fp.sideCap"
04-24 20:44:32.623   911   911 E libc    : Access denied finding property "ro.hardware.fp.fod"
04-24 20:44:32.624   911   911 E libc    : Access denied finding property "ro.hardware.fp.sideCap"
04-24 20:44:32.637   911   911 E libc    : Access denied finding property "ro.hardware.fp.fod"
04-24 20:44:32.637   911   911 E libc    : Access denied finding property "ro.hardware.fp.sideCap"
04-24 20:44:32.675   911   911 E libc    : Access denied finding property "ro.hardware.fp.fod"
04-24 20:44:32.675   911   911 E libc    : Access denied finding property "ro.hardware.fp.sideCap"
04-24 20:44:32.689   911   911 E libc    : Access denied finding property "ro.hardware.fp.fod"
04-24 20:44:32.689   911   911 E libc    : Access denied finding property "ro.hardware.fp.sideCap"
04-24 20:44:32.705   911   911 E libc    : Access denied finding property "ro.hardware.fp.fod"
04-24 20:44:32.705   911   911 E libc    : Access denied finding property "ro.hardware.fp.sideCap"
04-24 20:44:32.737   834  3365 I vendor.qti.bluetooth@1.0-ibs_handler: ProcessIbsCmd: Received IBS_WAKE_IND: 0xFD
04-24 20:44:32.737   834  3365 D vendor.qti.bluetooth@1.0-ibs_handler: SerialClockVote: vote for UART CLK ON
04-24 20:44:32.738   834  3365 D vendor.qti.bluetooth@1.0-wake_lock: Acquire wakelock is acquired 
04-24 20:44:32.738   834  3365 I vendor.qti.bluetooth@1.0-ibs_handler: ProcessIbsCmd: Writing IBS_WAKE_ACK
04-24 20:44:32.740   911   911 E libc    : Access denied finding property "ro.hardware.fp.fod"
04-24 20:44:32.740   911   911 E libc    : Access denied finding property "ro.hardware.fp.sideCap"
04-24 20:44:32.741  2454  3367 V bt_stack: [VERBOSE1:btm_ble_gap.cc(1923)] btm_ble_process_ext_adv_pkt: bda=7f:db:ec:d6:59:a1
04-24 20:44:32.741  2454  3367 V bt_stack: [VERBOSE1:btm_ble_gap.cc(1847)] btm_ble_process_adv_addr: bda=7f:db:ec:d6:59:a1
04-24 20:44:32.741  2454  3367 V bt_stack: [VERBOSE1:btm_ble_gap.cc(1923)] btm_ble_process_ext_adv_pkt: bda=48:87:59:f2:dd:1f
04-24 20:44:32.741  2454  3367 V bt_stack: [VERBOSE1:btm_ble_gap.cc(1847)] btm_ble_process_adv_addr: bda=48:87:59:f2:dd:1f
04-24 20:44:32.742  2454  3367 V bt_stack: [VERBOSE1:btm_ble_gap.cc(2052)]  Waiting for scan response 48:87:59:f2:dd:1f
04-24 20:44:32.742  2454  3367 V bt_stack: [VERBOSE1:btm_ble_gap.cc(1923)] btm_ble_process_ext_adv_pkt: bda=48:87:59:f2:dd:1f
04-24 20:44:32.742  2454  3367 V bt_stack: [VERBOSE1:btm_ble_gap.cc(1847)] btm_ble_process_adv_addr: bda=48:87:59:f2:dd:1f
04-24 20:44:32.743  2454  2648 D BluetoothUtils: blockedByLocationOff callingUid=1002
04-24 20:44:32.744  2454  2648 I BluetoothUtils: packagename is android.uid.bluetooth:1002 ,and its permission is false
04-24 20:44:32.745  2454  2648 D BluetoothUtils: blockedByLocationOff callingUid=1002
04-24 20:44:32.746  2454  2648 I BluetoothUtils: packagename is android.uid.bluetooth:1002 ,and its permission is false
04-24 20:44:32.747  3653  3707 D MiuiNearbyService: getNearbyService() - returning com.android.bluetooth.ble.app.MiuiNearbyService@4619d0a
04-24 20:44:32.774   911   911 E libc    : Access denied finding property "ro.hardware.fp.fod"
04-24 20:44:32.775   911   911 E libc    : Access denied finding property "ro.hardware.fp.sideCap"
04-24 20:44:32.780   834  3365 I vendor.qti.bluetooth@1.0-ibs_handler: ProcessIbsCmd: Received IBS_SLEEP_IND: 0xFE
04-24 20:44:32.780   834  3365 D vendor.qti.bluetooth@1.0-ibs_handler: SerialClockVote: vote for UART CLK OFF
04-24 20:44:32.788   911   911 E libc    : Access denied finding property "ro.hardware.fp.fod"
04-24 20:44:32.788   911   911 E libc    : Access denied finding property "ro.hardware.fp.sideCap"
04-24 20:44:32.806   911   911 E libc    : Access denied finding property "ro.hardware.fp.fod"
04-24 20:44:32.806   911   911 E libc    : Access denied finding property "ro.hardware.fp.sideCap"
04-24 20:44:32.809 21237 21401 I NTKernel: [I] frequency_control_service.cc(60)::StartRefreshTimer [FrequencyControlService]->refresh_timer_
04-24 20:44:32.823   911   911 E libc    : Access denied finding property "ro.hardware.fp.fod"
04-24 20:44:32.823   911   911 E libc    : Access denied finding property "ro.hardware.fp.sideCap"
04-24 20:44:32.839   911   911 E libc    : Access denied finding property "ro.hardware.fp.fod"
04-24 20:44:32.839   911   911 E libc    : Access denied finding property "ro.hardware.fp.sideCap"
04-24 20:44:32.855   911   911 E libc    : Access denied finding property "ro.hardware.fp.fod"
04-24 20:44:32.855   911   911 E libc    : Access denied finding property "ro.hardware.fp.sideCap"
04-24 20:44:32.873   911   911 E libc    : Access denied finding property "ro.hardware.fp.fod"
04-24 20:44:32.873   911   911 E libc    : Access denied finding property "ro.hardware.fp.sideCap"
04-24 20:44:32.888   911   911 E libc    : Access denied finding property "ro.hardware.fp.fod"
04-24 20:44:32.889   911   911 E libc    : Access denied finding property "ro.hardware.fp.sideCap"
04-24 20:44:32.907   911   911 E libc    : Access denied finding property "ro.hardware.fp.fod"
04-24 20:44:32.907   911   911 E libc    : Access denied finding property "ro.hardware.fp.sideCap"
04-24 20:44:32.921   911   911 E libc    : Access denied finding property "ro.hardware.fp.fod"
04-24 20:44:32.921   911   911 E libc    : Access denied finding property "ro.hardware.fp.sideCap"
04-24 20:44:32.930   834  3141 D vendor.qti.bluetooth@1.0-wake_lock: Release wakelock is released 
04-24 20:44:32.939   911   911 E libc    : Access denied finding property "ro.hardware.fp.fod"
04-24 20:44:32.939   911   911 E libc    : Access denied finding property "ro.hardware.fp.sideCap"
04-24 20:44:32.956   911   911 E libc    : Access denied finding property "ro.hardware.fp.fod"
04-24 20:44:32.956   911   911 E libc    : Access denied finding property "ro.hardware.fp.sideCap"
04-24 20:44:32.973   911   911 E libc    : Access denied finding property "ro.hardware.fp.fod"
04-24 20:44:32.974   911   911 E libc    : Access denied finding property "ro.hardware.fp.sideCap"
04-24 20:44:32.989   911   911 E libc    : Access denied finding property "ro.hardware.fp.fod"
04-24 20:44:32.989   911   911 E libc    : Access denied finding property "ro.hardware.fp.sideCap"
04-24 20:44:33.006   911   911 E libc    : Access denied finding property "ro.hardware.fp.fod"
04-24 20:44:33.006   911   911 E libc    : Access denied finding property "ro.hardware.fp.sideCap"
04-24 20:44:33.022   911   911 E libc    : Access denied finding property "ro.hardware.fp.fod"
04-24 20:44:33.022   911   911 E libc    : Access denied finding property "ro.hardware.fp.sideCap"
04-24 20:44:33.040   911   911 E libc    : Access denied finding property "ro.hardware.fp.fod"
04-24 20:44:33.040   911   911 E libc    : Access denied finding property "ro.hardware.fp.sideCap"
04-24 20:44:33.057   911   911 E libc    : Access denied finding property "ro.hardware.fp.fod"
04-24 20:44:33.057   911   911 E libc    : Access denied finding property "ro.hardware.fp.sideCap"
04-24 20:44:33.074   911   911 E libc    : Access denied finding property "ro.hardware.fp.fod"
04-24 20:44:33.075   911   911 E libc    : Access denied finding property "ro.hardware.fp.sideCap"
04-24 20:44:33.090   911   911 E libc    : Access denied finding property "ro.hardware.fp.fod"
04-24 20:44:33.090   911   911 E libc    : Access denied finding property "ro.hardware.fp.sideCap"
04-24 20:44:33.105   911   911 E libc    : Access denied finding property "ro.hardware.fp.fod"
04-24 20:44:33.105   911   911 E libc    : Access denied finding property "ro.hardware.fp.sideCap"
04-24 20:44:33.124   911   911 E libc    : Access denied finding property "ro.hardware.fp.fod"
04-24 20:44:33.124   911   911 E libc    : Access denied finding property "ro.hardware.fp.sideCap"
04-24 20:44:33.139   911   911 E libc    : Access denied finding property "ro.hardware.fp.fod"
04-24 20:44:33.139   911   911 E libc    : Access denied finding property "ro.hardware.fp.sideCap"
04-24 20:44:33.156   911   911 E libc    : Access denied finding property "ro.hardware.fp.fod"
04-24 20:44:33.156   911   911 E libc    : Access denied finding property "ro.hardware.fp.sideCap"
04-24 20:44:33.173   911   911 E libc    : Access denied finding property "ro.hardware.fp.fod"
04-24 20:44:33.174   911   911 E libc    : Access denied finding property "ro.hardware.fp.sideCap"
04-24 20:44:33.189   911   911 E libc    : Access denied finding property "ro.hardware.fp.fod"
04-24 20:44:33.189   911   911 E libc    : Access denied finding property "ro.hardware.fp.sideCap"
04-24 20:44:33.206   911   911 E libc    : Access denied finding property "ro.hardware.fp.fod"
04-24 20:44:33.207   911   911 E libc    : Access denied finding property "ro.hardware.fp.sideCap"
04-24 20:44:33.224   911   911 E libc    : Access denied finding property "ro.hardware.fp.fod"
04-24 20:44:33.224   911   911 E libc    : Access denied finding property "ro.hardware.fp.sideCap"
04-24 20:44:33.240   911   911 E libc    : Access denied finding property "ro.hardware.fp.fod"
04-24 20:44:33.240   911   911 E libc    : Access denied finding property "ro.hardware.fp.sideCap"
04-24 20:44:33.255   911   911 E libc    : Access denied finding property "ro.hardware.fp.fod"
04-24 20:44:33.255   911   911 E libc    : Access denied finding property "ro.hardware.fp.sideCap"
04-24 20:44:33.274   911   911 E libc    : Access denied finding property "ro.hardware.fp.fod"
04-24 20:44:33.274   911   911 E libc    : Access denied finding property "ro.hardware.fp.sideCap"
04-24 20:44:33.290   911   911 E libc    : Access denied finding property "ro.hardware.fp.fod"
04-24 20:44:33.290   911   911 E libc    : Access denied finding property "ro.hardware.fp.sideCap"
04-24 20:44:33.307   911   911 E libc    : Access denied finding property "ro.hardware.fp.fod"
04-24 20:44:33.307   911   911 E libc    : Access denied finding property "ro.hardware.fp.sideCap"
04-24 20:44:33.324   911   911 E libc    : Access denied finding property "ro.hardware.fp.fod"
04-24 20:44:33.324   911   911 E libc    : Access denied finding property "ro.hardware.fp.sideCap"
04-24 20:44:33.340   911   911 E libc    : Access denied finding property "ro.hardware.fp.fod"
04-24 20:44:33.340   911   911 E libc    : Access denied finding property "ro.hardware.fp.sideCap"
04-24 20:44:33.357   911   911 E libc    : Access denied finding property "ro.hardware.fp.fod"
04-24 20:44:33.357   911   911 E libc    : Access denied finding property "ro.hardware.fp.sideCap"
04-24 20:44:33.374   911   911 E libc    : Access denied finding property "ro.hardware.fp.fod"
04-24 20:44:33.375   911   911 E libc    : Access denied finding property "ro.hardware.fp.sideCap"
04-24 20:44:33.390   911   911 E libc    : Access denied finding property "ro.hardware.fp.fod"
04-24 20:44:33.390   911   911 E libc    : Access denied finding property "ro.hardware.fp.sideCap"
04-24 20:44:33.407   911   911 E libc    : Access denied finding property "ro.hardware.fp.fod"
04-24 20:44:33.408   911   911 E libc    : Access denied finding property "ro.hardware.fp.sideCap"
04-24 20:44:33.424   911   911 E libc    : Access denied finding property "ro.hardware.fp.fod"
04-24 20:44:33.424   911   911 E libc    : Access denied finding property "ro.hardware.fp.sideCap"
04-24 20:44:33.440   911   911 E libc    : Access denied finding property "ro.hardware.fp.fod"
04-24 20:44:33.441   911   911 E libc    : Access denied finding property "ro.hardware.fp.sideCap"
04-24 20:44:33.456   911   911 E libc    : Access denied finding property "ro.hardware.fp.fod"
04-24 20:44:33.456   911   911 E libc    : Access denied finding property "ro.hardware.fp.sideCap"
04-24 20:44:33.457  2202  2356 I MiuiNetworkPolicy: bandwidth: 0 KB/s, Max bandwidth: 704 KB/s
04-24 20:44:33.474   911   911 E libc    : Access denied finding property "ro.hardware.fp.fod"
04-24 20:44:33.475   911   911 E libc    : Access denied finding property "ro.hardware.fp.sideCap"
04-24 20:44:33.492   911   911 E libc    : Access denied finding property "ro.hardware.fp.fod"
04-24 20:44:33.492   911   911 E libc    : Access denied finding property "ro.hardware.fp.sideCap"
04-24 20:44:33.507   911   911 E libc    : Access denied finding property "ro.hardware.fp.fod"
04-24 20:44:33.508   911   911 E libc    : Access denied finding property "ro.hardware.fp.sideCap"
04-24 20:44:33.492   911   911 W surfaceflinger: type=1400 audit(0.0:119796): avc: denied { read } for name="u:object_r:vendor_fp_prop:s0" dev="tmpfs" ino=22708 scontext=u:r:surfaceflinger:s0 tcontext=u:object_r:vendor_fp_prop:s0 tclass=file permissive=0
04-24 20:44:33.492   911   911 W surfaceflinger: type=1400 audit(0.0:119797): avc: denied { read } for name="u:object_r:vendor_fp_prop:s0" dev="tmpfs" ino=22708 scontext=u:r:surfaceflinger:s0 tcontext=u:object_r:vendor_fp_prop:s0 tclass=file permissive=0
04-24 20:44:33.524   911   911 E libc    : Access denied finding property "ro.hardware.fp.fod"
04-24 20:44:33.524   911   911 E libc    : Access denied finding property "ro.hardware.fp.sideCap"
04-24 20:44:33.512   911   911 W surfaceflinger: type=1400 audit(0.0:119798): avc: denied { read } for name="u:object_r:vendor_fp_prop:s0" dev="tmpfs" ino=22708 scontext=u:r:surfaceflinger:s0 tcontext=u:object_r:vendor_fp_prop:s0 tclass=file permissive=0
04-24 20:44:33.512   911   911 W surfaceflinger: type=1400 audit(0.0:119799): avc: denied { read } for name="u:object_r:vendor_fp_prop:s0" dev="tmpfs" ino=22708 scontext=u:r:surfaceflinger:s0 tcontext=u:object_r:vendor_fp_prop:s0 tclass=file permissive=0
04-24 20:44:33.540   911   911 E libc    : Access denied finding property "ro.hardware.fp.fod"
04-24 20:44:33.532   911   911 W surfaceflinger: type=1400 audit(0.0:119800): avc: denied { read } for name="u:object_r:vendor_fp_prop:s0" dev="tmpfs" ino=22708 scontext=u:r:surfaceflinger:s0 tcontext=u:object_r:vendor_fp_prop:s0 tclass=file permissive=0
04-24 20:44:33.540   911   911 E libc    : Access denied finding property "ro.hardware.fp.sideCap"
04-24 20:44:33.557   911   911 E libc    : Access denied finding property "ro.hardware.fp.fod"
04-24 20:44:33.557   911   911 E libc    : Access denied finding property "ro.hardware.fp.sideCap"
04-24 20:44:33.571  1109  1451 I ThermalEngine: vs_get_temperature: read[0] xo_therm 38072 mC, weight[0] 2
04-24 20:44:33.572  1109  1451 I ThermalEngine: vs_get_temperature: read[1] quiet_therm 35781 mC, weight[1] 1
04-24 20:44:33.593   911   911 E libc    : Access denied finding property "ro.hardware.fp.fod"
04-24 20:44:33.593   911   911 E libc    : Access denied finding property "ro.hardware.fp.sideCap"
04-24 20:44:33.624   911   911 E libc    : Access denied finding property "ro.hardware.fp.fod"
04-24 20:44:33.625   911   911 E libc    : Access denied finding property "ro.hardware.fp.sideCap"
04-24 20:44:33.640   911   911 E libc    : Access denied finding property "ro.hardware.fp.fod"
04-24 20:44:33.640   911   911 E libc    : Access denied finding property "ro.hardware.fp.sideCap"
04-24 20:44:33.657   911   911 E libc    : Access denied finding property "ro.hardware.fp.fod"
04-24 20:44:33.658   911   911 E libc    : Access denied finding property "ro.hardware.fp.sideCap"
04-24 20:44:33.674   911   911 E libc    : Access denied finding property "ro.hardware.fp.fod"
04-24 20:44:33.674   911   911 E libc    : Access denied finding property "ro.hardware.fp.sideCap"
04-24 20:44:33.691   911   911 E libc    : Access denied finding property "ro.hardware.fp.fod"
04-24 20:44:33.691   911   911 E libc    : Access denied finding property "ro.hardware.fp.sideCap"
04-24 20:44:33.704 21237 21630 D QCircleNetWorkTestHelper: current network info:msf_net_change_range,0_0_-1;pic_avg_speed,98.0;network_type,1;cmd_succeed_rate,1.0;msf_cur_weak_net_type,-1;pic_succeed_rate,1.0;cmd_avg_cost,151.0;is_cur_msf_weak_net,false;qfs_avg_video_speed,350;
04-24 20:44:33.708   911   911 E libc    : Access denied finding property "ro.hardware.fp.fod"
04-24 20:44:33.708   911   911 E libc    : Access denied finding property "ro.hardware.fp.sideCap"
04-24 20:44:33.724   911   911 E libc    : Access denied finding property "ro.hardware.fp.fod"
04-24 20:44:33.724   911   911 E libc    : Access denied finding property "ro.hardware.fp.sideCap"
04-24 20:44:33.741   911   911 E libc    : Access denied finding property "ro.hardware.fp.fod"
04-24 20:44:33.742   911   911 E libc    : Access denied finding property "ro.hardware.fp.sideCap"
04-24 20:44:33.758   911   911 E libc    : Access denied finding property "ro.hardware.fp.fod"
