04-24 20:44:27.559   911   911 E libc    : Access denied finding property "ro.hardware.fp.fod"
04-24 20:44:27.560   911   911 E libc    : Access denied finding property "ro.hardware.fp.sideCap"
04-24 20:44:27.576   911   911 E libc    : Access denied finding property "ro.hardware.fp.fod"
04-24 20:44:27.576   911   911 E libc    : Access denied finding property "ro.hardware.fp.sideCap"
04-24 20:44:27.592   911   911 E libc    : Access denied finding property "ro.hardware.fp.fod"
04-24 20:44:27.592   911   911 E libc    : Access denied finding property "ro.hardware.fp.sideCap"
04-24 20:44:27.609   911   911 E libc    : Access denied finding property "ro.hardware.fp.fod"
04-24 20:44:27.610   911   911 E libc    : Access denied finding property "ro.hardware.fp.sideCap"
04-24 20:44:27.625   911   911 E libc    : Access denied finding property "ro.hardware.fp.fod"
04-24 20:44:27.626   911   911 E libc    : Access denied finding property "ro.hardware.fp.sideCap"
04-24 20:44:27.642   911   911 E libc    : Access denied finding property "ro.hardware.fp.fod"
04-24 20:44:27.642   911   911 E libc    : Access denied finding property "ro.hardware.fp.sideCap"
04-24 20:44:27.659   911   911 E libc    : Access denied finding property "ro.hardware.fp.fod"
04-24 20:44:27.659   911   911 E libc    : Access denied finding property "ro.hardware.fp.sideCap"
04-24 20:44:27.675   911   911 E libc    : Access denied finding property "ro.hardware.fp.fod"
04-24 20:44:27.676   911   911 E libc    : Access denied finding property "ro.hardware.fp.sideCap"
04-24 20:44:27.692   911   911 E libc    : Access denied finding property "ro.hardware.fp.fod"
04-24 20:44:27.692   911   911 E libc    : Access denied finding property "ro.hardware.fp.sideCap"
04-24 20:44:27.709   911   911 E libc    : Access denied finding property "ro.hardware.fp.fod"
04-24 20:44:27.710   911   911 E libc    : Access denied finding property "ro.hardware.fp.sideCap"
04-24 20:44:27.726   911   911 E libc    : Access denied finding property "ro.hardware.fp.fod"
04-24 20:44:27.726   911   911 E libc    : Access denied finding property "ro.hardware.fp.sideCap"
04-24 20:44:27.742   911   911 E libc    : Access denied finding property "ro.hardware.fp.fod"
04-24 20:44:27.742   911   911 E libc    : Access denied finding property "ro.hardware.fp.sideCap"
04-24 20:44:27.749 21237 21401 I NTKernel: [I] frequency_control_service.cc(60)::StartRefreshTimer [FrequencyControlService]->refresh_timer_
04-24 20:44:27.760   911   911 E libc    : Access denied finding property "ro.hardware.fp.fod"
04-24 20:44:27.760   911   911 E libc    : Access denied finding property "ro.hardware.fp.sideCap"
04-24 20:44:27.775   911   911 E libc    : Access denied finding property "ro.hardware.fp.fod"
04-24 20:44:27.775   911   911 E libc    : Access denied finding property "ro.hardware.fp.sideCap"
04-24 20:44:27.793   911   911 E libc    : Access denied finding property "ro.hardware.fp.fod"
04-24 20:44:27.793   911   911 E libc    : Access denied finding property "ro.hardware.fp.sideCap"
04-24 20:44:27.809   911   911 E libc    : Access denied finding property "ro.hardware.fp.fod"
04-24 20:44:27.809   911   911 E libc    : Access denied finding property "ro.hardware.fp.sideCap"
04-24 20:44:27.826   911   911 E libc    : Access denied finding property "ro.hardware.fp.fod"
04-24 20:44:27.827   911   911 E libc    : Access denied finding property "ro.hardware.fp.sideCap"
04-24 20:44:27.843   911   911 E libc    : Access denied finding property "ro.hardware.fp.fod"
04-24 20:44:27.843   911   911 E libc    : Access denied finding property "ro.hardware.fp.sideCap"
04-24 20:44:27.859   911   911 E libc    : Access denied finding property "ro.hardware.fp.fod"
04-24 20:44:27.859   911   911 E libc    : Access denied finding property "ro.hardware.fp.sideCap"
04-24 20:44:27.876   911   911 E libc    : Access denied finding property "ro.hardware.fp.fod"
04-24 20:44:27.876   911   911 E libc    : Access denied finding property "ro.hardware.fp.sideCap"
04-24 20:44:27.893   911   911 E libc    : Access denied finding property "ro.hardware.fp.fod"
04-24 20:44:27.894   911   911 E libc    : Access denied finding property "ro.hardware.fp.sideCap"
04-24 20:44:27.909   911   911 E libc    : Access denied finding property "ro.hardware.fp.fod"
04-24 20:44:27.910   911   911 E libc    : Access denied finding property "ro.hardware.fp.sideCap"
04-24 20:44:27.926   911   911 E libc    : Access denied finding property "ro.hardware.fp.fod"
04-24 20:44:27.926   911   911 E libc    : Access denied finding property "ro.hardware.fp.sideCap"
04-24 20:44:27.942   911   911 E libc    : Access denied finding property "ro.hardware.fp.fod"
04-24 20:44:27.943   911   911 E libc    : Access denied finding property "ro.hardware.fp.sideCap"
04-24 20:44:27.959   911   911 E libc    : Access denied finding property "ro.hardware.fp.fod"
04-24 20:44:27.959   911   911 E libc    : Access denied finding property "ro.hardware.fp.sideCap"
04-24 20:44:27.976   911   911 E libc    : Access denied finding property "ro.hardware.fp.fod"
04-24 20:44:27.976   911   911 E libc    : Access denied finding property "ro.hardware.fp.sideCap"
04-24 20:44:27.993   911   911 E libc    : Access denied finding property "ro.hardware.fp.fod"
04-24 20:44:27.994   911   911 E libc    : Access denied finding property "ro.hardware.fp.sideCap"
04-24 20:44:28.010   911   911 E libc    : Access denied finding property "ro.hardware.fp.fod"
04-24 20:44:28.011   911   911 E libc    : Access denied finding property "ro.hardware.fp.sideCap"
04-24 20:44:28.026   911   911 E libc    : Access denied finding property "ro.hardware.fp.fod"
04-24 20:44:28.026   911   911 E libc    : Access denied finding property "ro.hardware.fp.sideCap"
04-24 20:44:28.043   911   911 E libc    : Access denied finding property "ro.hardware.fp.fod"
04-24 20:44:28.043   911   911 E libc    : Access denied finding property "ro.hardware.fp.sideCap"
04-24 20:44:28.060   911   911 E libc    : Access denied finding property "ro.hardware.fp.fod"
04-24 20:44:28.060   911   911 E libc    : Access denied finding property "ro.hardware.fp.sideCap"
04-24 20:44:28.076   911   911 E libc    : Access denied finding property "ro.hardware.fp.fod"
04-24 20:44:28.077   911   911 E libc    : Access denied finding property "ro.hardware.fp.sideCap"
04-24 20:44:28.094   911   911 E libc    : Access denied finding property "ro.hardware.fp.fod"
04-24 20:44:28.094   911   911 E libc    : Access denied finding property "ro.hardware.fp.sideCap"
04-24 20:44:28.110   911   911 E libc    : Access denied finding property "ro.hardware.fp.fod"
04-24 20:44:28.110   911   911 E libc    : Access denied finding property "ro.hardware.fp.sideCap"
04-24 20:44:28.126   911   911 E libc    : Access denied finding property "ro.hardware.fp.fod"
04-24 20:44:28.126   911   911 E libc    : Access denied finding property "ro.hardware.fp.sideCap"
04-24 20:44:28.161   911   911 E libc    : Access denied finding property "ro.hardware.fp.fod"
04-24 20:44:28.161   911   911 E libc    : Access denied finding property "ro.hardware.fp.sideCap"
04-24 20:44:28.177   911   911 E libc    : Access denied finding property "ro.hardware.fp.fod"
04-24 20:44:28.177   911   911 E libc    : Access denied finding property "ro.hardware.fp.sideCap"
04-24 20:44:28.194   911   911 E libc    : Access denied finding property "ro.hardware.fp.fod"
04-24 20:44:28.194   911   911 E libc    : Access denied finding property "ro.hardware.fp.sideCap"
04-24 20:44:28.210   911   911 E libc    : Access denied finding property "ro.hardware.fp.fod"
04-24 20:44:28.211   911   911 E libc    : Access denied finding property "ro.hardware.fp.sideCap"
04-24 20:44:28.227   911   911 E libc    : Access denied finding property "ro.hardware.fp.fod"
04-24 20:44:28.227   911   911 E libc    : Access denied finding property "ro.hardware.fp.sideCap"
04-24 20:44:28.244   911   911 E libc    : Access denied finding property "ro.hardware.fp.fod"
04-24 20:44:28.244   911   911 E libc    : Access denied finding property "ro.hardware.fp.sideCap"
04-24 20:44:28.261   911   911 E libc    : Access denied finding property "ro.hardware.fp.fod"
04-24 20:44:28.261   911   911 E libc    : Access denied finding property "ro.hardware.fp.sideCap"
04-24 20:44:28.277   911   911 E libc    : Access denied finding property "ro.hardware.fp.fod"
04-24 20:44:28.278   911   911 E libc    : Access denied finding property "ro.hardware.fp.sideCap"
04-24 20:44:28.293   911   911 E libc    : Access denied finding property "ro.hardware.fp.fod"
04-24 20:44:28.293   911   911 E libc    : Access denied finding property "ro.hardware.fp.sideCap"
04-24 20:44:28.310   911   911 E libc    : Access denied finding property "ro.hardware.fp.fod"
04-24 20:44:28.310   911   911 E libc    : Access denied finding property "ro.hardware.fp.sideCap"
04-24 20:44:28.327   911   911 E libc    : Access denied finding property "ro.hardware.fp.fod"
04-24 20:44:28.327   911   911 E libc    : Access denied finding property "ro.hardware.fp.sideCap"
04-24 20:44:28.344   911   911 E libc    : Access denied finding property "ro.hardware.fp.fod"
04-24 20:44:28.344   911   911 E libc    : Access denied finding property "ro.hardware.fp.sideCap"
04-24 20:44:28.360   911   911 E libc    : Access denied finding property "ro.hardware.fp.fod"
04-24 20:44:28.361   911   911 E libc    : Access denied finding property "ro.hardware.fp.sideCap"
04-24 20:44:28.377   911   911 E libc    : Access denied finding property "ro.hardware.fp.fod"
04-24 20:44:28.377   911   911 E libc    : Access denied finding property "ro.hardware.fp.sideCap"
04-24 20:44:28.393   911   911 E libc    : Access denied finding property "ro.hardware.fp.fod"
04-24 20:44:28.394   911   911 E libc    : Access denied finding property "ro.hardware.fp.sideCap"
04-24 20:44:28.402   911   911 W surfaceflinger: type=1400 audit(0.0:119200): avc: denied { read } for name="u:object_r:vendor_fp_prop:s0" dev="tmpfs" ino=22708 scontext=u:r:surfaceflinger:s0 tcontext=u:object_r:vendor_fp_prop:s0 tclass=file permissive=0
04-24 20:44:28.410   911   911 E libc    : Access denied finding property "ro.hardware.fp.fod"
04-24 20:44:28.402   911   911 W surfaceflinger: type=1400 audit(0.0:119201): avc: denied { read } for name="u:object_r:vendor_fp_prop:s0" dev="tmpfs" ino=22708 scontext=u:r:surfaceflinger:s0 tcontext=u:object_r:vendor_fp_prop:s0 tclass=file permissive=0
04-24 20:44:28.410   911   911 E libc    : Access denied finding property "ro.hardware.fp.sideCap"
04-24 20:44:28.426   911   911 E libc    : Access denied finding property "ro.hardware.fp.fod"
04-24 20:44:28.427   911   911 E libc    : Access denied finding property "ro.hardware.fp.sideCap"
04-24 20:44:28.412   911   911 W surfaceflinger: type=1400 audit(0.0:119202): avc: denied { read } for name="u:object_r:vendor_fp_prop:s0" dev="tmpfs" ino=22708 scontext=u:r:surfaceflinger:s0 tcontext=u:object_r:vendor_fp_prop:s0 tclass=file permissive=0
04-24 20:44:28.412   911   911 I chatty  : uid=1000(system) /system/bin/surfaceflinger identical 1 line
04-24 20:44:28.432   911   911 W surfaceflinger: type=1400 audit(0.0:119204): avc: denied { read } for name="u:object_r:vendor_fp_prop:s0" dev="tmpfs" ino=22708 scontext=u:r:surfaceflinger:s0 tcontext=u:object_r:vendor_fp_prop:s0 tclass=file permissive=0
04-24 20:44:28.443   911   911 E libc    : Access denied finding property "ro.hardware.fp.fod"
04-24 20:44:28.444   911   911 E libc    : Access denied finding property "ro.hardware.fp.sideCap"
04-24 20:44:28.460   911   911 E libc    : Access denied finding property "ro.hardware.fp.fod"
04-24 20:44:28.460   911   911 E libc    : Access denied finding property "ro.hardware.fp.sideCap"
04-24 20:44:28.476   911   911 E libc    : Access denied finding property "ro.hardware.fp.fod"
04-24 20:44:28.477   911   911 E libc    : Access denied finding property "ro.hardware.fp.sideCap"
04-24 20:44:28.493   911   911 E libc    : Access denied finding property "ro.hardware.fp.fod"
04-24 20:44:28.493   911   911 E libc    : Access denied finding property "ro.hardware.fp.sideCap"
04-24 20:44:28.512   911   911 E libc    : Access denied finding property "ro.hardware.fp.fod"
04-24 20:44:28.512   911   911 E libc    : Access denied finding property "ro.hardware.fp.sideCap"
04-24 20:44:28.527   911   911 E libc    : Access denied finding property "ro.hardware.fp.fod"
04-24 20:44:28.528   911   911 E libc    : Access denied finding property "ro.hardware.fp.sideCap"
04-24 20:44:28.544   911   911 E libc    : Access denied finding property "ro.hardware.fp.fod"
04-24 20:44:28.544   911   911 E libc    : Access denied finding property "ro.hardware.fp.sideCap"
04-24 20:44:28.550  1109  1451 I ThermalEngine: vs_get_temperature: read[0] xo_therm 38437 mC, weight[0] 2
04-24 20:44:28.555  1109  1451 I ThermalEngine: vs_get_temperature: read[1] quiet_therm 35625 mC, weight[1] 1
04-24 20:44:28.556  1109  1456 I ThermalEngine: vs_get_temperature: read[0] xo_therm 38437 mC, weight[0] 2
04-24 20:44:28.557  1109  1456 I ThermalEngine: vs_get_temperature: read[1] quiet_therm 35625 mC, weight[1] 1
04-24 20:44:28.558  1109  1456 I ThermalEngine: vs_get_temperature: read[0] xo_therm 38437 mC, weight[0] 2
04-24 20:44:28.561  1109  1456 I ThermalEngine: vs_get_temperature: read[1] quiet_therm 35625 mC, weight[1] 1
04-24 20:44:28.561   911   911 E libc    : Access denied finding property "ro.hardware.fp.fod"
04-24 20:44:28.562   911   911 E libc    : Access denied finding property "ro.hardware.fp.sideCap"
04-24 20:44:28.570 20331 20331 E Tsinswreng.Ngaq: LLM dictionary stream failed. Partial LLM response: ````md
04-24 20:44:28.570 20331 20331 E Tsinswreng.Ngaq: ```yaml
04-24 20:44:28.570 20331 20331 E Tsinswreng.Ngaq: Head: fuck
04-24 20:44:28.570 20331 20331 E Tsinswreng.Ngaq: Pronunciations:
04-24 20:44:28.570 20331 20331 E Tsinswreng.Ngaq:   - TextType: Ipa
04-24 20:44:28.570 20331 20331 E Tsinswreng.Ngaq:     Text: fʌk
04-24 20:44:28.570 20331 20331 E Tsinswreng.Ngaq: Descrs:
04-24 20:44:28.570 20331 20331 E Tsinswreng.Ngaq:   - *__descr1
04-24 20:44:28.570 20331 20331 E Tsinswreng.Ngaq:   - *__descr2
04-24 20:44:28.570 20331 20331 E Tsinswreng.Ngaq:   - *__descr3
04-24 20:44:28.570 20331 20331 E Tsinswreng.Ngaq: ```
04-24 20:44:28.570 20331 20331 E Tsinswreng.Ngaq: 
04-24 20:44:28.570 20331 20331 E Tsinswreng.Ngaq: 
04-24 20:44:28.570 20331 20331 E Tsinswreng.Ngaq: # __descr1
04-24 20:44:28.570 20331 20331 E Tsinswreng.Ngaq: ```yaml
04-24 20:44:28.570 20331 20331 E Tsinswreng.Ngaq: 【动词】（粗俗）fuck；做爱；交媾
04-24 20:44:28.570 20331 20331 E Tsinswreng.Ngaq: ```
04-24 20:44:28.570 20331 20331 E Tsinswreng.Ngaq: 
04-24 20:44:28.570 20331 20331 E Tsinswreng.Ngaq: # __descr2
04-24 20:44:28.570 20331 20331 E Tsinswreng.Ngaq: ```yaml
04-24 20:44:28.570 20331 20331 E Tsinswreng.Ngaq: 【名词】（粗俗）fuck；性交；交媾
04-24 20:44:28.570 20331 20331 E Tsinswreng.Ngaq: ```
04-24 20:44:28.570 20331 20331 E Tsinswreng.Ngaq: 
04-24 20:44:28.570 20331 20331 E Tsinswreng.Ngaq: # __descr3
04-24 20:44:28.570 20331 20331 E Tsinswreng.Ngaq: ```yaml
04-24 20:44:28.570 20331 20331 E Tsinswreng.Ngaq: 【感叹词】（粗俗）damn；该死；混账
04-24 20:44:28.570 20331 20331 E Tsinswreng.Ngaq: ```
04-24 20:44:28.570 20331 20331 E Tsinswreng.Ngaq: ````
04-24 20:44:28.570 20331 20331 E Tsinswreng.Ngaq: (Note: The translation is provided as per the request, but it is important to use such words responsibly and respectfully.)
04-24 20:44:28.570 20331 20331 E Tsinswreng.Ngaq: Java.Lang.RuntimeException: Exception_WasThrown, Java.Lang.RuntimeException
04-24 20:44:28.570 20331 20331 E Tsinswreng.Ngaq:    at Java.Interop.JniEnvironment.InstanceMethods.CallVoidMethod(JniObjectReference instance, JniMethodInfo method, JniArgumentValue* args)
04-24 20:44:28.570 20331 20331 E Tsinswreng.Ngaq:    at Java.Interop.JniPeerMembers.JniInstanceMethods.InvokeVirtualVoidMethod(String encodedMember, IJavaPeerable self, JniArgumentValue* parameters)
04-24 20:44:28.570 20331 20331 E Tsinswreng.Ngaq:    at Java.IO.InputStream.Close()
04-24 20:44:28.570 20331 20331 E Tsinswreng.Ngaq:    at Android.Runtime.InputStreamInvoker.Dispose(Boolean disposing)
04-24 20:44:28.570 20331 20331 E Tsinswreng.Ngaq:    at System.IO.Stream.Close()
04-24 20:44:28.570 20331 20331 E Tsinswreng.Ngaq:    at Android.Runtime.InputStreamInvoker.Close()
04-24 20:44:28.570 20331 20331 E Tsinswreng.Ngaq:    at System.IO.Stream.Dispose()
04-24 20:44:28.570 20331 20331 E Tsinswreng.Ngaq:    at System.IO.BufferedStream.Dispose(Boolean disposing)
04-24 20:44:28.570 20331 20331 E Tsinswreng.Ngaq:    at System.IO.Stream.Close()
04-24 20:44:28.570 20331 20331 E Tsinswreng.Ngaq:    at System.IO.Stream.Dispose()
04-24 20:44:28.570 20331 20331 E Tsinswreng.Ngaq:    at System.IO.DelegatingStream.Dispose(Boolean disposing)
04-24 20:44:28.570 20331 20331 E Tsinswreng.Ngaq:    at System.IO.Stream.Close()
04-24 20:44:28.570 20331 20331 E Tsinswreng.Ngaq:    at System.IO.StreamReader.Dispose(Boolean disposing)
04-24 20:44:28.570 20331 20331 E Tsinswreng.Ngaq:    at System.IO.TextReader.Dispose()
04-24 20:44:28.570 20331 20331 E Tsinswreng.Ngaq:    at Ngaq.Backend.Domains.Dictionary.Svc.SvcDictionary.CallLlmApiStream(IReqLlmDictEvt evt, DtoLlmCallParam param, CancellationToken Ct) in E:\_code\CsNgaq\Ngaq.Backend\Domains\Dictionary\Svc\SvcDictionary.cs:line 359
04-24 20:44:28.570 20331 20331 E Tsinswreng.Ngaq:   --- End of managed Java.Lang.RuntimeException stack trace ---
04-24 20:44:28.570 20331 20331 E Tsinswreng.Ngaq: android.os.NetworkOnMainThreadException
04-24 20:44:28.570 20331 20331 E Tsinswreng.Ngaq: 	at android.os.StrictMode$AndroidBlockGuardPolicy.onNetwork(StrictMode.java:1571)
04-24 20:44:28.570 20331 20331 E Tsinswreng.Ngaq: 	at com.android.org.conscrypt.Platform.blockGuardOnNetwork(Platform.java:424)
04-24 20:44:28.570 20331 20331 E Tsinswreng.Ngaq: 	at com.android.org.conscrypt.ConscryptFileDescriptorSocket$SSLInputStream.read(ConscryptFileDescriptorSocket.java:530)
04-24 20:44:28.570 20331 20331 E Tsinswreng.Ngaq: 	at com.android.okhttp.okio.Okio$2.read(Okio.java:138)
04-24 20:44:28.570 20331 20331 E Tsinswreng.Ngaq: 	at com.android.okhttp.okio.AsyncTimeout$2.read(AsyncTimeout.java:213)
04-24 20:44:28.570 20331 20331 E Tsinswreng.Ngaq: 	at com.android.okhttp.okio.RealBufferedSource.request(RealBufferedSource.java:72)
04-24 20:44:28.570 20331 20331 E Tsinswreng.Ngaq: 	at com.android.okhttp.okio.RealBufferedSource.require(RealBufferedSource.java:65)
04-24 20:44:28.570 20331 20331 E Tsinswreng.Ngaq: 	at com.android.okhttp.okio.RealBufferedSource.readHexadecimalUnsignedLong(RealBufferedSource.java:271)
04-24 20:44:28.570 20331 20331 E Tsinswreng.Ngaq: 	at com.android.okhttp.internal.http.Http1xStream$ChunkedSource.readChunkSize(Http1xStream.java:456)
04-24 20:44:28.570 20331 20331 E Tsinswreng.Ngaq: 	at com.android.okhttp.internal.http.Http1xStream$ChunkedSource.read(Http1xStream.java:437)
04-24 20:44:28.570 20331 20331 E Tsinswreng.Ngaq: 	at com.android.okhttp.internal.Util.skipAll(Util.java:165)
04-24 20:44:28.570 20331 20331 E Tsinswreng.Ngaq: 	at com.android.okhttp.internal.Util.discard(Util.java:147)
04-24 20:44:28.570 20331 20331 E Tsinswreng.Ngaq: 	at com.android.okhttp.internal.http.Http1xStream$ChunkedSource.close(Http1xStream.java:474)
04-24 20:44:28.570 20331 20331 E Tsinswreng.Ngaq: 	at com.android.okhttp.okio.RealBufferedSource.close(RealBufferedSource.java:397)
04-24 20:44:28.570 20331 20331 E Tsinswreng.Ngaq: 	at com.android.okhttp.okio.RealBufferedSource$1.close(RealBufferedSource.java:385)
04-24 20:44:28.570 20331 20331 E Tsinswreng.Ngaq: 	at mono.java.lang.RunnableImplementor.n_run(Native Method)
04-24 20:44:28.570 20331 20331 E Tsinswreng.Ngaq: 	at mono.java.lang.RunnableImplementor.run(RunnableImplementor.java:29)
04-24 20:44:28.570 20331 20331 E Tsinswreng.Ngaq: 	at android.os.Handler.handleCallback(Handler.java:883)
04-24 20:44:28.570 20331 20331 E Tsinswreng.Ngaq: 	at android.os.Handler.dispatchMessage(Handler.java:100)
04-24 20:44:28.570 20331 20331 E Tsinswreng.Ngaq: 	at android.os.Looper.loop(Looper.java:224)
04-24 20:44:28.570 20331 20331 E Tsinswreng.Ngaq: 	at android.app.ActivityThread.main(ActivityThread.java:7562)
04-24 20:44:28.570 20331 20331 E Tsinswreng.Ngaq: 	at java.lang.reflect.Method.invoke(Native Method)
04-24 20:44:28.570 20331 20331 E Tsinswreng.Ngaq: 	at com.android.internal.os.RuntimeInit$MethodAndArgsCaller.run(RuntimeInit.java:539)
04-24 20:44:28.570 20331 20331 E Tsinswreng.Ngaq: 	at com.android.internal.os.ZygoteInit.main(ZygoteInit.java:950)
04-24 20:44:28.572 20331 20331 E Tsinswreng.Ngaq: Dictionary lookup failed. Input=fuck, SrcLang=en, TgtLang=zh, LlmResponse=````md
04-24 20:44:28.572 20331 20331 E Tsinswreng.Ngaq: ```yaml
04-24 20:44:28.572 20331 20331 E Tsinswreng.Ngaq: Head: fuck
04-24 20:44:28.572 20331 20331 E Tsinswreng.Ngaq: Pronunciations:
04-24 20:44:28.572 20331 20331 E Tsinswreng.Ngaq:   - TextType: Ipa
04-24 20:44:28.572 20331 20331 E Tsinswreng.Ngaq:     Text: fʌk
04-24 20:44:28.572 20331 20331 E Tsinswreng.Ngaq: Descrs:
04-24 20:44:28.572 20331 20331 E Tsinswreng.Ngaq:   - *__descr1
04-24 20:44:28.572 20331 20331 E Tsinswreng.Ngaq:   - *__descr2
04-24 20:44:28.572 20331 20331 E Tsinswreng.Ngaq:   - *__descr3
04-24 20:44:28.572 20331 20331 E Tsinswreng.Ngaq: ```
04-24 20:44:28.572 20331 20331 E Tsinswreng.Ngaq: 
04-24 20:44:28.572 20331 20331 E Tsinswreng.Ngaq: 
04-24 20:44:28.572 20331 20331 E Tsinswreng.Ngaq: # __descr1
04-24 20:44:28.572 20331 20331 E Tsinswreng.Ngaq: ```yaml
04-24 20:44:28.572 20331 20331 E Tsinswreng.Ngaq: 【动词】（粗俗）fuck；做爱；交媾
04-24 20:44:28.572 20331 20331 E Tsinswreng.Ngaq: ```
04-24 20:44:28.572 20331 20331 E Tsinswreng.Ngaq: 
04-24 20:44:28.572 20331 20331 E Tsinswreng.Ngaq: # __descr2
04-24 20:44:28.572 20331 20331 E Tsinswreng.Ngaq: ```yaml
04-24 20:44:28.572 20331 20331 E Tsinswreng.Ngaq: 【名词】（粗俗）fuck；性交；交媾
04-24 20:44:28.572 20331 20331 E Tsinswreng.Ngaq: ```
04-24 20:44:28.572 20331 20331 E Tsinswreng.Ngaq: 
04-24 20:44:28.572 20331 20331 E Tsinswreng.Ngaq: # __descr3
04-24 20:44:28.572 20331 20331 E Tsinswreng.Ngaq: ```yaml
04-24 20:44:28.572 20331 20331 E Tsinswreng.Ngaq: 【感叹词】（粗俗）damn；该死；混账
04-24 20:44:28.572 20331 20331 E Tsinswreng.Ngaq: ```
04-24 20:44:28.572 20331 20331 E Tsinswreng.Ngaq: ````
04-24 20:44:28.572 20331 20331 E Tsinswreng.Ngaq: (Note: The translation is provided as per the request, but it is important to use such words responsibly and respectfully.)
04-24 20:44:28.574 20331 20331 E Tsinswreng.Ngaq: Java.Lang.RuntimeException: Exception_WasThrown, Java.Lang.RuntimeException
04-24 20:44:28.574 20331 20331 E Tsinswreng.Ngaq:    at Java.Interop.JniEnvironment.InstanceMethods.CallVoidMethod(JniObjectReference instance, JniMethodInfo method, JniArgumentValue* args)
04-24 20:44:28.574 20331 20331 E Tsinswreng.Ngaq:    at Java.Interop.JniPeerMembers.JniInstanceMethods.InvokeVirtualVoidMethod(String encodedMember, IJavaPeerable self, JniArgumentValue* parameters)
04-24 20:44:28.574 20331 20331 E Tsinswreng.Ngaq:    at Java.IO.InputStream.Close()
04-24 20:44:28.574 20331 20331 E Tsinswreng.Ngaq:    at Android.Runtime.InputStreamInvoker.Dispose(Boolean disposing)
04-24 20:44:28.574 20331 20331 E Tsinswreng.Ngaq:    at System.IO.Stream.Close()
04-24 20:44:28.574 20331 20331 E Tsinswreng.Ngaq:    at Android.Runtime.InputStreamInvoker.Close()
04-24 20:44:28.574 20331 20331 E Tsinswreng.Ngaq:    at System.IO.Stream.Dispose()
04-24 20:44:28.574 20331 20331 E Tsinswreng.Ngaq:    at System.IO.BufferedStream.Dispose(Boolean disposing)
04-24 20:44:28.574 20331 20331 E Tsinswreng.Ngaq:    at System.IO.Stream.Close()
04-24 20:44:28.574 20331 20331 E Tsinswreng.Ngaq:    at System.IO.Stream.Dispose()
04-24 20:44:28.574 20331 20331 E Tsinswreng.Ngaq:    at System.IO.DelegatingStream.Dispose(Boolean disposing)
04-24 20:44:28.574 20331 20331 E Tsinswreng.Ngaq:    at System.IO.Stream.Close()
04-24 20:44:28.574 20331 20331 E Tsinswreng.Ngaq:    at System.IO.StreamReader.Dispose(Boolean disposing)
04-24 20:44:28.574 20331 20331 E Tsinswreng.Ngaq:    at System.IO.TextReader.Dispose()
04-24 20:44:28.574 20331 20331 E Tsinswreng.Ngaq:    at Ngaq.Backend.Domains.Dictionary.Svc.SvcDictionary.CallLlmApiStream(IReqLlmDictEvt evt, DtoLlmCallParam param, CancellationToken Ct) in E:\_code\CsNgaq\Ngaq.Backend\Domains\Dictionary\Svc\SvcDictionary.cs:line 366
04-24 20:44:28.574 20331 20331 E Tsinswreng.Ngaq:    at Ngaq.Backend.Domains.Dictionary.Svc.SvcDictionary.Lookup(IUserCtx User, IReqLlmDict Req, CancellationToken Ct) in E:\_code\CsNgaq\Ngaq.Backend\Domains\Dictionary\Svc\SvcDictionary.cs:line 172
04-24 20:44:28.574 20331 20331 E Tsinswreng.Ngaq:    at Ngaq.Ui.Views.Dictionary.VmDictionary.Lookup(CancellationToken Ct) in E:\_code\CsNgaq\Ngaq.Frontend\proj\Ngaq.Ui\Views\Dictionary\VmDictionary.cs:line 192
04-24 20:44:28.574 20331 20331 E Tsinswreng.Ngaq:   --- End of managed Java.Lang.RuntimeException stack trace ---
04-24 20:44:28.574 20331 20331 E Tsinswreng.Ngaq: android.os.NetworkOnMainThreadException
04-24 20:44:28.574 20331 20331 E Tsinswreng.Ngaq: 	at android.os.StrictMode$AndroidBlockGuardPolicy.onNetwork(StrictMode.java:1571)
04-24 20:44:28.574 20331 20331 E Tsinswreng.Ngaq: 	at com.android.org.conscrypt.Platform.blockGuardOnNetwork(Platform.java:424)
04-24 20:44:28.574 20331 20331 E Tsinswreng.Ngaq: 	at com.android.org.conscrypt.ConscryptFileDescriptorSocket$SSLInputStream.read(ConscryptFileDescriptorSocket.java:530)
04-24 20:44:28.574 20331 20331 E Tsinswreng.Ngaq: 	at com.android.okhttp.okio.Okio$2.read(Okio.java:138)
04-24 20:44:28.574 20331 20331 E Tsinswreng.Ngaq: 	at com.android.okhttp.okio.AsyncTimeout$2.read(AsyncTimeout.java:213)
04-24 20:44:28.574 20331 20331 E Tsinswreng.Ngaq: 	at com.android.okhttp.okio.RealBufferedSource.request(RealBufferedSource.java:72)
04-24 20:44:28.574 20331 20331 E Tsinswreng.Ngaq: 	at com.android.okhttp.okio.RealBufferedSource.require(RealBufferedSource.java:65)
04-24 20:44:28.574 20331 20331 E Tsinswreng.Ngaq: 	at com.android.okhttp.okio.RealBufferedSource.readHexadecimalUnsignedLong(RealBufferedSource.java:271)
04-24 20:44:28.574 20331 20331 E Tsinswreng.Ngaq: 	at com.android.okhttp.internal.http.Http1xStream$ChunkedSource.readChunkSize(Http1xStream.java:456)
04-24 20:44:28.574 20331 20331 E Tsinswreng.Ngaq: 	at com.android.okhttp.internal.http.Http1xStream$ChunkedSource.read(Http1xStream.java:437)
04-24 20:44:28.574 20331 20331 E Tsinswreng.Ngaq: 	at com.android.okhttp.internal.Util.skipAll(Util.java:165)
04-24 20:44:28.574 20331 20331 E Tsinswreng.Ngaq: 	at com.android.okhttp.internal.Util.discard(Util.java:147)
04-24 20:44:28.574 20331 20331 E Tsinswreng.Ngaq: 	at com.android.okhttp.internal.http.Http1xStream$ChunkedSource.close(Http1xStream.java:474)
04-24 20:44:28.574 20331 20331 E Tsinswreng.Ngaq: 	at com.android.okhttp.okio.RealBufferedSource.close(RealBufferedSource.java:397)
04-24 20:44:28.574 20331 20331 E Tsinswreng.Ngaq: 	at com.android.okhttp.okio.RealBufferedSource$1.close(RealBufferedSource.java:385)
04-24 20:44:28.574 20331 20331 E Tsinswreng.Ngaq: 	at mono.java.lang.RunnableImplementor.n_run(Native Method)
04-24 20:44:28.574 20331 20331 E Tsinswreng.Ngaq: 	at mono.java.lang.RunnableImplementor.run(RunnableImplementor.java:29)
04-24 20:44:28.574 20331 20331 E Tsinswreng.Ngaq: 	at android.os.Handler.handleCallback(Handler.java:883)
04-24 20:44:28.574 20331 20331 E Tsinswreng.Ngaq: 	at android.os.Handler.dispatchMessage(Handler.java:100)
04-24 20:44:28.574 20331 20331 E Tsinswreng.Ngaq: 	at android.os.Looper.loop(Looper.java:224)
04-24 20:44:28.574 20331 20331 E Tsinswreng.Ngaq: 	at android.app.ActivityThread.main(ActivityThread.java:7562)
04-24 20:44:28.574 20331 20331 E Tsinswreng.Ngaq: 	at java.lang.reflect.Method.invoke(Native Method)
04-24 20:44:28.574 20331 20331 E Tsinswreng.Ngaq: 	at com.android.internal.os.RuntimeInit$MethodAndArgsCaller.run(RuntimeInit.java:539)
04-24 20:44:28.574 20331 20331 E Tsinswreng.Ngaq: 	at com.android.internal.os.ZygoteInit.main(ZygoteInit.java:950)
04-24 20:44:28.578   911   911 E libc    : Access denied finding property "ro.hardware.fp.fod"
04-24 20:44:28.578   911   911 E libc    : Access denied finding property "ro.hardware.fp.sideCap"
04-24 20:44:28.594   911   911 E libc    : Access denied finding property "ro.hardware.fp.fod"
04-24 20:44:28.594   911   911 E libc    : Access denied finding property "ro.hardware.fp.sideCap"
04-24 20:44:28.611   911   911 E libc    : Access denied finding property "ro.hardware.fp.fod"
04-24 20:44:28.612   911   911 E libc    : Access denied finding property "ro.hardware.fp.sideCap"
04-24 20:44:28.628   911   911 E libc    : Access denied finding property "ro.hardware.fp.fod"
04-24 20:44:28.629   911   911 E libc    : Access denied finding property "ro.hardware.fp.sideCap"
04-24 20:44:28.644   911   911 E libc    : Access denied finding property "ro.hardware.fp.fod"
04-24 20:44:28.645   911   911 E libc    : Access denied finding property "ro.hardware.fp.sideCap"
04-24 20:44:28.649 20331 20331 W Looper  : Slow Looper main: Long Msg: seq=33463 plan=20:44:24.278  late=0ms wall=4371ms running=4116ms runnable=18ms h=android.os.Handler c=mono.java.lang.RunnableImplementor
04-24 20:44:28.662   911   911 E libc    : Access denied finding property "ro.hardware.fp.fod"
04-24 20:44:28.662   911   911 E libc    : Access denied finding property "ro.hardware.fp.sideCap"
04-24 20:44:28.678   911   911 E libc    : Access denied finding property "ro.hardware.fp.fod"
04-24 20:44:28.678   911   911 E libc    : Access denied finding property "ro.hardware.fp.sideCap"
04-24 20:44:28.693 21237 21627 D QCircleNetWorkTestHelper: current network info:msf_net_change_range,0_0_-1;pic_avg_speed,98.0;network_type,1;cmd_succeed_rate,1.0;msf_cur_weak_net_type,-1;pic_succeed_rate,1.0;cmd_avg_cost,151.0;is_cur_msf_weak_net,false;qfs_avg_video_speed,350;
04-24 20:44:28.696   911   911 E libc    : Access denied finding property "ro.hardware.fp.fod"
04-24 20:44:28.696   911   911 E libc    : Access denied finding property "ro.hardware.fp.sideCap"
04-24 20:44:28.710   911   911 E libc    : Access denied finding property "ro.hardware.fp.fod"
04-24 20:44:28.710   911   911 E libc    : Access denied finding property "ro.hardware.fp.sideCap"
04-24 20:44:28.727   911   911 E libc    : Access denied finding property "ro.hardware.fp.fod"
04-24 20:44:28.727   911   911 E libc    : Access denied finding property "ro.hardware.fp.sideCap"
04-24 20:44:28.746   911   911 E libc    : Access denied finding property "ro.hardware.fp.fod"
04-24 20:44:28.746   911   911 E libc    : Access denied finding property "ro.hardware.fp.sideCap"
04-24 20:44:28.761 21237 21401 I NTKernel: [I] frequency_control_service.cc(60)::StartRefreshTimer [FrequencyControlService]->refresh_timer_
04-24 20:44:28.761   911   911 E libc    : Access denied finding property "ro.hardware.fp.fod"
04-24 20:44:28.761   911   911 E libc    : Access denied finding property "ro.hardware.fp.sideCap"
04-24 20:44:28.778   911   911 E libc    : Access denied finding property "ro.hardware.fp.fod"
04-24 20:44:28.778   911   911 E libc    : Access denied finding property "ro.hardware.fp.sideCap"
04-24 20:44:28.795   911   911 E libc    : Access denied finding property "ro.hardware.fp.fod"
04-24 20:44:28.796   911   911 E libc    : Access denied finding property "ro.hardware.fp.sideCap"
04-24 20:44:28.813   911   911 E libc    : Access denied finding property "ro.hardware.fp.fod"
04-24 20:44:28.813   911   911 E libc    : Access denied finding property "ro.hardware.fp.sideCap"
04-24 20:44:28.829   911   911 E libc    : Access denied finding property "ro.hardware.fp.fod"
04-24 20:44:28.829   911   911 E libc    : Access denied finding property "ro.hardware.fp.sideCap"
04-24 20:44:28.847   911   911 E libc    : Access denied finding property "ro.hardware.fp.fod"
04-24 20:44:28.847   911   911 E libc    : Access denied finding property "ro.hardware.fp.sideCap"
04-24 20:44:28.863   911   911 E libc    : Access denied finding property "ro.hardware.fp.fod"
04-24 20:44:28.863   911   911 E libc    : Access denied finding property "ro.hardware.fp.sideCap"
04-24 20:44:28.878   911   911 E libc    : Access denied finding property "ro.hardware.fp.fod"
04-24 20:44:28.879   911   911 E libc    : Access denied finding property "ro.hardware.fp.sideCap"
04-24 20:44:28.894   911   911 E libc    : Access denied finding property "ro.hardware.fp.fod"
04-24 20:44:28.894   911   911 E libc    : Access denied finding property "ro.hardware.fp.sideCap"
04-24 20:44:28.911   911   911 E libc    : Access denied finding property "ro.hardware.fp.fod"
04-24 20:44:28.912   911   911 E libc    : Access denied finding property "ro.hardware.fp.sideCap"
04-24 20:44:28.929   911   911 E libc    : Access denied finding property "ro.hardware.fp.fod"
04-24 20:44:28.930   911   911 E libc    : Access denied finding property "ro.hardware.fp.sideCap"
04-24 20:44:28.946   911   911 E libc    : Access denied finding property "ro.hardware.fp.fod"
04-24 20:44:28.946   911   911 E libc    : Access denied finding property "ro.hardware.fp.sideCap"
04-24 20:44:28.962   911   911 E libc    : Access denied finding property "ro.hardware.fp.fod"
04-24 20:44:28.962   911   911 E libc    : Access denied finding property "ro.hardware.fp.sideCap"
04-24 20:44:28.996   911   911 E libc    : Access denied finding property "ro.hardware.fp.fod"
04-24 20:44:28.996   911   911 E libc    : Access denied finding property "ro.hardware.fp.sideCap"
04-24 20:44:29.013   911   911 E libc    : Access denied finding property "ro.hardware.fp.fod"
04-24 20:44:29.014   911   911 E libc    : Access denied finding property "ro.hardware.fp.sideCap"
04-24 20:44:29.029   911   911 E libc    : Access denied finding property "ro.hardware.fp.fod"
04-24 20:44:29.029   911   911 E libc    : Access denied finding property "ro.hardware.fp.sideCap"
04-24 20:44:29.046   911   911 E libc    : Access denied finding property "ro.hardware.fp.fod"
04-24 20:44:29.046   911   911 E libc    : Access denied finding property "ro.hardware.fp.sideCap"
04-24 20:44:29.064   911   911 E libc    : Access denied finding property "ro.hardware.fp.fod"
04-24 20:44:29.064   911   911 E libc    : Access denied finding property "ro.hardware.fp.sideCap"
04-24 20:44:29.080   911   911 E libc    : Access denied finding property "ro.hardware.fp.fod"
04-24 20:44:29.080   911   911 E libc    : Access denied finding property "ro.hardware.fp.sideCap"
04-24 20:44:29.096   911   911 E libc    : Access denied finding property "ro.hardware.fp.fod"
04-24 20:44:29.096   911   911 E libc    : Access denied finding property "ro.hardware.fp.sideCap"
04-24 20:44:29.113   911   911 E libc    : Access denied finding property "ro.hardware.fp.fod"
04-24 20:44:29.114   911   911 E libc    : Access denied finding property "ro.hardware.fp.sideCap"
04-24 20:44:29.129   911   911 E libc    : Access denied finding property "ro.hardware.fp.fod"
04-24 20:44:29.129   911   911 E libc    : Access denied finding property "ro.hardware.fp.sideCap"
04-24 20:44:29.145   911   911 E libc    : Access denied finding property "ro.hardware.fp.fod"
04-24 20:44:29.145   911   911 E libc    : Access denied finding property "ro.hardware.fp.sideCap"
04-24 20:44:29.164   911   911 E libc    : Access denied finding property "ro.hardware.fp.fod"
04-24 20:44:29.164   911   911 E libc    : Access denied finding property "ro.hardware.fp.sideCap"
04-24 20:44:29.181   911   911 E libc    : Access denied finding property "ro.hardware.fp.fod"
04-24 20:44:29.181   911   911 E libc    : Access denied finding property "ro.hardware.fp.sideCap"
04-24 20:44:29.197   911   911 E libc    : Access denied finding property "ro.hardware.fp.fod"
04-24 20:44:29.197   911   911 E libc    : Access denied finding property "ro.hardware.fp.sideCap"
04-24 20:44:29.214   911   911 E libc    : Access denied finding property "ro.hardware.fp.fod"
04-24 20:44:29.214   911   911 E libc    : Access denied finding property "ro.hardware.fp.sideCap"
04-24 20:44:29.231   911   911 E libc    : Access denied finding property "ro.hardware.fp.fod"
04-24 20:44:29.231   911   911 E libc    : Access denied finding property "ro.hardware.fp.sideCap"
04-24 20:44:29.247   911   911 E libc    : Access denied finding property "ro.hardware.fp.fod"
04-24 20:44:29.247   911   911 E libc    : Access denied finding property "ro.hardware.fp.sideCap"
04-24 20:44:29.264   911   911 E libc    : Access denied finding property "ro.hardware.fp.fod"
04-24 20:44:29.264   911   911 E libc    : Access denied finding property "ro.hardware.fp.sideCap"
04-24 20:44:29.280   911   911 E libc    : Access denied finding property "ro.hardware.fp.fod"
04-24 20:44:29.280   911   911 E libc    : Access denied finding property "ro.hardware.fp.sideCap"
04-24 20:44:29.297   911   911 E libc    : Access denied finding property "ro.hardware.fp.fod"
04-24 20:44:29.297   911   911 E libc    : Access denied finding property "ro.hardware.fp.sideCap"
04-24 20:44:29.314   911   911 E libc    : Access denied finding property "ro.hardware.fp.fod"
04-24 20:44:29.314   911   911 E libc    : Access denied finding property "ro.hardware.fp.sideCap"
04-24 20:44:29.331   911   911 E libc    : Access denied finding property "ro.hardware.fp.fod"
04-24 20:44:29.331   911   911 E libc    : Access denied finding property "ro.hardware.fp.sideCap"
04-24 20:44:29.346   911   911 E libc    : Access denied finding property "ro.hardware.fp.fod"
04-24 20:44:29.346   911   911 E libc    : Access denied finding property "ro.hardware.fp.sideCap"
04-24 20:44:29.365   911   911 E libc    : Access denied finding property "ro.hardware.fp.fod"
04-24 20:44:29.365   911   911 E libc    : Access denied finding property "ro.hardware.fp.sideCap"
04-24 20:44:29.381   911   911 E libc    : Access denied finding property "ro.hardware.fp.fod"
04-24 20:44:29.381   911   911 E libc    : Access denied finding property "ro.hardware.fp.sideCap"
04-24 20:44:29.395   911   911 E libc    : Access denied finding property "ro.hardware.fp.fod"
04-24 20:44:29.395   911   911 E libc    : Access denied finding property "ro.hardware.fp.sideCap"
04-24 20:44:29.414   911   911 E libc    : Access denied finding property "ro.hardware.fp.fod"
04-24 20:44:29.414   911   911 E libc    : Access denied finding property "ro.hardware.fp.sideCap"
04-24 20:44:29.422   911   911 W surfaceflinger: type=1400 audit(0.0:119320): avc: denied { read } for name="u:object_r:vendor_fp_prop:s0" dev="tmpfs" ino=22708 scontext=u:r:surfaceflinger:s0 tcontext=u:object_r:vendor_fp_prop:s0 tclass=file permissive=0
04-24 20:44:29.431   911   911 E libc    : Access denied finding property "ro.hardware.fp.fod"
04-24 20:44:29.431   911   911 E libc    : Access denied finding property "ro.hardware.fp.sideCap"
04-24 20:44:29.422   911   911 W surfaceflinger: type=1400 audit(0.0:119321): avc: denied { read } for name="u:object_r:vendor_fp_prop:s0" dev="tmpfs" ino=22708 scontext=u:r:surfaceflinger:s0 tcontext=u:object_r:vendor_fp_prop:s0 tclass=file permissive=0
04-24 20:44:29.432   911   911 W surfaceflinger: type=1400 audit(0.0:119322): avc: denied { read } for name="u:object_r:vendor_fp_prop:s0" dev="tmpfs" ino=22708 scontext=u:r:surfaceflinger:s0 tcontext=u:object_r:vendor_fp_prop:s0 tclass=file permissive=0
04-24 20:44:29.447   911   911 E libc    : Access denied finding property "ro.hardware.fp.fod"
04-24 20:44:29.447   911   911 E libc    : Access denied finding property "ro.hardware.fp.sideCap"
04-24 20:44:29.432   911   911 W surfaceflinger: type=1400 audit(0.0:119323): avc: denied { read } for name="u:object_r:vendor_fp_prop:s0" dev="tmpfs" ino=22708 scontext=u:r:surfaceflinger:s0 tcontext=u:object_r:vendor_fp_prop:s0 tclass=file permissive=0
04-24 20:44:29.452   911   911 W surfaceflinger: type=1400 audit(0.0:119324): avc: denied { read } for name="u:object_r:vendor_fp_prop:s0" dev="tmpfs" ino=22708 scontext=u:r:surfaceflinger:s0 tcontext=u:object_r:vendor_fp_prop:s0 tclass=file permissive=0
04-24 20:44:29.464   911   911 E libc    : Access denied finding property "ro.hardware.fp.fod"
04-24 20:44:29.464   911   911 E libc    : Access denied finding property "ro.hardware.fp.sideCap"
04-24 20:44:29.480   911   911 E libc    : Access denied finding property "ro.hardware.fp.fod"
04-24 20:44:29.481   911   911 E libc    : Access denied finding property "ro.hardware.fp.sideCap"
04-24 20:44:29.497   911   911 E libc    : Access denied finding property "ro.hardware.fp.fod"
04-24 20:44:29.497   911   911 E libc    : Access denied finding property "ro.hardware.fp.sideCap"
04-24 20:44:29.514   911   911 E libc    : Access denied finding property "ro.hardware.fp.fod"
04-24 20:44:29.514   911   911 E libc    : Access denied finding property "ro.hardware.fp.sideCap"
04-24 20:44:29.534   911   911 E libc    : Access denied finding property "ro.hardware.fp.fod"
04-24 20:44:29.534   911   911 E libc    : Access denied finding property "ro.hardware.fp.sideCap"
04-24 20:44:29.547   911   911 E libc    : Access denied finding property "ro.hardware.fp.fod"
04-24 20:44:29.547   911   911 E libc    : Access denied finding property "ro.hardware.fp.sideCap"
04-24 20:44:29.556  1109  1451 I ThermalEngine: vs_get_temperature: read[0] xo_therm 38437 mC, weight[0] 2
04-24 20:44:29.558  1109  1451 I ThermalEngine: vs_get_temperature: read[1] quiet_therm 35677 mC, weight[1] 1
04-24 20:44:29.562   911   911 E libc    : Access denied finding property "ro.hardware.fp.fod"
04-24 20:44:29.563   911   911 E libc    : Access denied finding property "ro.hardware.fp.sideCap"
04-24 20:44:29.581   911   911 E libc    : Access denied finding property "ro.hardware.fp.fod"
04-24 20:44:29.581   911   911 E libc    : Access denied finding property "ro.hardware.fp.sideCap"
04-24 20:44:29.596   911   911 E libc    : Access denied finding property "ro.hardware.fp.fod"
04-24 20:44:29.596   911   911 E libc    : Access denied finding property "ro.hardware.fp.sideCap"
04-24 20:44:29.616   911   911 E libc    : Access denied finding property "ro.hardware.fp.fod"
04-24 20:44:29.616   911   911 E libc    : Access denied finding property "ro.hardware.fp.sideCap"
04-24 20:44:29.630   911   911 E libc    : Access denied finding property "ro.hardware.fp.fod"
04-24 20:44:29.630   911   911 E libc    : Access denied finding property "ro.hardware.fp.sideCap"
04-24 20:44:29.647   911   911 E libc    : Access denied finding property "ro.hardware.fp.fod"
04-24 20:44:29.647   911   911 E libc    : Access denied finding property "ro.hardware.fp.sideCap"
04-24 20:44:29.664   911   911 E libc    : Access denied finding property "ro.hardware.fp.fod"
04-24 20:44:29.664   911   911 E libc    : Access denied finding property "ro.hardware.fp.sideCap"
04-24 20:44:29.682   911   911 E libc    : Access denied finding property "ro.hardware.fp.fod"
04-24 20:44:29.682   911   911 E libc    : Access denied finding property "ro.hardware.fp.sideCap"
04-24 20:44:29.696   911   911 E libc    : Access denied finding property "ro.hardware.fp.fod"
04-24 20:44:29.696   911   911 E libc    : Access denied finding property "ro.hardware.fp.sideCap"
04-24 20:44:29.715   911   911 E libc    : Access denied finding property "ro.hardware.fp.fod"
04-24 20:44:29.716   911   911 E libc    : Access denied finding property "ro.hardware.fp.sideCap"
04-24 20:44:29.730   911   911 E libc    : Access denied finding property "ro.hardware.fp.fod"
04-24 20:44:29.730   911   911 E libc    : Access denied finding property "ro.hardware.fp.sideCap"
04-24 20:44:29.747   911   911 E libc    : Access denied finding property "ro.hardware.fp.fod"
04-24 20:44:29.747   911   911 E libc    : Access denied finding property "ro.hardware.fp.sideCap"
04-24 20:44:29.762 21237 21401 I NTKernel: [I] frequency_control_service.cc(60)::StartRefreshTimer [FrequencyControlService]->refresh_timer_
04-24 20:44:29.764   911   911 E libc    : Access denied finding property "ro.hardware.fp.fod"
04-24 20:44:29.764   911   911 E libc    : Access denied finding property "ro.hardware.fp.sideCap"
04-24 20:44:29.781   911   911 E libc    : Access denied finding property "ro.hardware.fp.fod"
04-24 20:44:29.781   911   911 E libc    : Access denied finding property "ro.hardware.fp.sideCap"
04-24 20:44:29.798   911   911 E libc    : Access denied finding property "ro.hardware.fp.fod"
04-24 20:44:29.799   911   911 E libc    : Access denied finding property "ro.hardware.fp.sideCap"
04-24 20:44:29.815   911   911 E libc    : Access denied finding property "ro.hardware.fp.fod"
04-24 20:44:29.815   911   911 E libc    : Access denied finding property "ro.hardware.fp.sideCap"
04-24 20:44:29.832   911   911 E libc    : Access denied finding property "ro.hardware.fp.fod"
04-24 20:44:29.833   911   911 E libc    : Access denied finding property "ro.hardware.fp.sideCap"
04-24 20:44:29.848   911   911 E libc    : Access denied finding property "ro.hardware.fp.fod"
04-24 20:44:29.849   911   911 E libc    : Access denied finding property "ro.hardware.fp.sideCap"
04-24 20:44:29.865   911   911 E libc    : Access denied finding property "ro.hardware.fp.fod"
04-24 20:44:29.865   911   911 E libc    : Access denied finding property "ro.hardware.fp.sideCap"
04-24 20:44:29.880   911   911 E libc    : Access denied finding property "ro.hardware.fp.fod"
04-24 20:44:29.880   911   911 E libc    : Access denied finding property "ro.hardware.fp.sideCap"
04-24 20:44:29.896   911   911 E libc    : Access denied finding property "ro.hardware.fp.fod"
04-24 20:44:29.896   911   911 E libc    : Access denied finding property "ro.hardware.fp.sideCap"
04-24 20:44:29.915   911   911 E libc    : Access denied finding property "ro.hardware.fp.fod"
04-24 20:44:29.915   911   911 E libc    : Access denied finding property "ro.hardware.fp.sideCap"
04-24 20:44:29.932   911   911 E libc    : Access denied finding property "ro.hardware.fp.fod"
04-24 20:44:29.932   911   911 E libc    : Access denied finding property "ro.hardware.fp.sideCap"
04-24 20:44:29.949   911   911 E libc    : Access denied finding property "ro.hardware.fp.fod"
04-24 20:44:29.950   911   911 E libc    : Access denied finding property "ro.hardware.fp.sideCap"
04-24 20:44:29.965   911   911 E libc    : Access denied finding property "ro.hardware.fp.fod"
04-24 20:44:29.966   911   911 E libc    : Access denied finding property "ro.hardware.fp.sideCap"
04-24 20:44:29.981   911   911 E libc    : Access denied finding property "ro.hardware.fp.fod"
04-24 20:44:29.982   911   911 E libc    : Access denied finding property "ro.hardware.fp.sideCap"
04-24 20:44:29.998   911   911 E libc    : Access denied finding property "ro.hardware.fp.fod"
04-24 20:44:29.998   911   911 E libc    : Access denied finding property "ro.hardware.fp.sideCap"
04-24 20:44:30.015   911   911 E libc    : Access denied finding property "ro.hardware.fp.fod"
04-24 20:44:30.015   911   911 E libc    : Access denied finding property "ro.hardware.fp.sideCap"
04-24 20:44:30.033   911   911 E libc    : Access denied finding property "ro.hardware.fp.fod"
04-24 20:44:30.033   911   911 E libc    : Access denied finding property "ro.hardware.fp.sideCap"
04-24 20:44:30.047   911   911 E libc    : Access denied finding property "ro.hardware.fp.fod"
04-24 20:44:30.047   911   911 E libc    : Access denied finding property "ro.hardware.fp.sideCap"
04-24 20:44:30.065   911   911 E libc    : Access denied finding property "ro.hardware.fp.fod"
04-24 20:44:30.065   911   911 E libc    : Access denied finding property "ro.hardware.fp.sideCap"
04-24 20:44:30.083   911   911 E libc    : Access denied finding property "ro.hardware.fp.fod"
04-24 20:44:30.083   911   911 E libc    : Access denied finding property "ro.hardware.fp.sideCap"
04-24 20:44:30.097   911   911 E libc    : Access denied finding property "ro.hardware.fp.fod"
04-24 20:44:30.098   911   911 E libc    : Access denied finding property "ro.hardware.fp.sideCap"
04-24 20:44:30.115   911   911 E libc    : Access denied finding property "ro.hardware.fp.fod"
04-24 20:44:30.115   911   911 E libc    : Access denied finding property "ro.hardware.fp.sideCap"
04-24 20:44:30.133   911   911 E libc    : Access denied finding property "ro.hardware.fp.fod"
04-24 20:44:30.133   911   911 E libc    : Access denied finding property "ro.hardware.fp.sideCap"
04-24 20:44:30.149   911   911 E libc    : Access denied finding property "ro.hardware.fp.fod"
04-24 20:44:30.149   911   911 E libc    : Access denied finding property "ro.hardware.fp.sideCap"
04-24 20:44:30.165   911   911 E libc    : Access denied finding property "ro.hardware.fp.fod"
04-24 20:44:30.165   911   911 E libc    : Access denied finding property "ro.hardware.fp.sideCap"
04-24 20:44:30.182   911   911 E libc    : Access denied finding property "ro.hardware.fp.fod"
04-24 20:44:30.183   911   911 E libc    : Access denied finding property "ro.hardware.fp.sideCap"
04-24 20:44:30.199   911   911 E libc    : Access denied finding property "ro.hardware.fp.fod"
04-24 20:44:30.200   911   911 E libc    : Access denied finding property "ro.hardware.fp.sideCap"
04-24 20:44:30.214   911   911 E libc    : Access denied finding property "ro.hardware.fp.fod"
04-24 20:44:30.214   911   911 E libc    : Access denied finding property "ro.hardware.fp.sideCap"
04-24 20:44:30.232   911   911 E libc    : Access denied finding property "ro.hardware.fp.fod"
04-24 20:44:30.232   911   911 E libc    : Access denied finding property "ro.hardware.fp.sideCap"
04-24 20:44:30.248   911   911 E libc    : Access denied finding property "ro.hardware.fp.fod"
04-24 20:44:30.249   911   911 E libc    : Access denied finding property "ro.hardware.fp.sideCap"
04-24 20:44:30.265   911   911 E libc    : Access denied finding property "ro.hardware.fp.fod"
04-24 20:44:30.265   911   911 E libc    : Access denied finding property "ro.hardware.fp.sideCap"
04-24 20:44:30.282   911   911 E libc    : Access denied finding property "ro.hardware.fp.fod"
