04-24 20:44:17.099   911   911 E libc    : Access denied finding property "ro.hardware.fp.fod"
04-24 20:44:17.099   911   911 E libc    : Access denied finding property "ro.hardware.fp.sideCap"
04-24 20:44:17.115   911   911 E libc    : Access denied finding property "ro.hardware.fp.fod"
04-24 20:44:17.115   911   911 E libc    : Access denied finding property "ro.hardware.fp.sideCap"
04-24 20:44:17.133   911   911 E libc    : Access denied finding property "ro.hardware.fp.fod"
04-24 20:44:17.133   911   911 E libc    : Access denied finding property "ro.hardware.fp.sideCap"
04-24 20:44:17.142   911   911 W surfaceflinger: type=1400 audit(0.0:118045): avc: denied { read } for name="u:object_r:vendor_fp_prop:s0" dev="tmpfs" ino=22708 scontext=u:r:surfaceflinger:s0 tcontext=u:object_r:vendor_fp_prop:s0 tclass=file permissive=0
04-24 20:44:17.142   911   911 W surfaceflinger: type=1400 audit(0.0:118046): avc: denied { read } for name="u:object_r:vendor_fp_prop:s0" dev="tmpfs" ino=22708 scontext=u:r:surfaceflinger:s0 tcontext=u:object_r:vendor_fp_prop:s0 tclass=file permissive=0
04-24 20:44:17.149   911   911 E libc    : Access denied finding property "ro.hardware.fp.fod"
04-24 20:44:17.149   911   911 E libc    : Access denied finding property "ro.hardware.fp.sideCap"
04-24 20:44:17.152   911   911 W surfaceflinger: type=1400 audit(0.0:118047): avc: denied { read } for name="u:object_r:vendor_fp_prop:s0" dev="tmpfs" ino=22708 scontext=u:r:surfaceflinger:s0 tcontext=u:object_r:vendor_fp_prop:s0 tclass=file permissive=0
04-24 20:44:17.152   911   911 W surfaceflinger: type=1400 audit(0.0:118048): avc: denied { read } for name="u:object_r:vendor_fp_prop:s0" dev="tmpfs" ino=22708 scontext=u:r:surfaceflinger:s0 tcontext=u:object_r:vendor_fp_prop:s0 tclass=file permissive=0
04-24 20:44:17.165   911   911 E libc    : Access denied finding property "ro.hardware.fp.fod"
04-24 20:44:17.165   911   911 E libc    : Access denied finding property "ro.hardware.fp.sideCap"
04-24 20:44:17.181   911   911 E libc    : Access denied finding property "ro.hardware.fp.fod"
04-24 20:44:17.181   911   911 E libc    : Access denied finding property "ro.hardware.fp.sideCap"
04-24 20:44:17.172   911   911 W surfaceflinger: type=1400 audit(0.0:118049): avc: denied { read } for name="u:object_r:vendor_fp_prop:s0" dev="tmpfs" ino=22708 scontext=u:r:surfaceflinger:s0 tcontext=u:object_r:vendor_fp_prop:s0 tclass=file permissive=0
04-24 20:44:17.198   911   911 E libc    : Access denied finding property "ro.hardware.fp.fod"
04-24 20:44:17.198   911   911 E libc    : Access denied finding property "ro.hardware.fp.sideCap"
04-24 20:44:17.205   834  3365 I vendor.qti.bluetooth@1.0-ibs_handler: ProcessIbsCmd: Received IBS_WAKE_IND: 0xFD
04-24 20:44:17.205   834  3365 D vendor.qti.bluetooth@1.0-ibs_handler: SerialClockVote: vote for UART CLK ON
04-24 20:44:17.206   834  3365 D vendor.qti.bluetooth@1.0-wake_lock: Acquire wakelock is acquired 
04-24 20:44:17.206   834  3365 I vendor.qti.bluetooth@1.0-ibs_handler: ProcessIbsCmd: Writing IBS_WAKE_ACK
04-24 20:44:17.207  2454  3367 V bt_stack: [VERBOSE1:btm_ble_gap.cc(1923)] btm_ble_process_ext_adv_pkt: bda=48:87:59:f2:dd:1f
04-24 20:44:17.207  2454  3367 V bt_stack: [VERBOSE1:btm_ble_gap.cc(1847)] btm_ble_process_adv_addr: bda=48:87:59:f2:dd:1f
04-24 20:44:17.208  2454  3367 V bt_stack: [VERBOSE1:btm_ble_gap.cc(2052)]  Waiting for scan response 48:87:59:f2:dd:1f
04-24 20:44:17.233   911   911 E libc    : Access denied finding property "ro.hardware.fp.fod"
04-24 20:44:17.234   911   911 E libc    : Access denied finding property "ro.hardware.fp.sideCap"
04-24 20:44:17.247   834  3365 I vendor.qti.bluetooth@1.0-ibs_handler: ProcessIbsCmd: Received IBS_SLEEP_IND: 0xFE
04-24 20:44:17.247   834  3365 D vendor.qti.bluetooth@1.0-ibs_handler: SerialClockVote: vote for UART CLK OFF
04-24 20:44:17.250   911   911 E libc    : Access denied finding property "ro.hardware.fp.fod"
04-24 20:44:17.250   911   911 E libc    : Access denied finding property "ro.hardware.fp.sideCap"
04-24 20:44:17.266   911   911 E libc    : Access denied finding property "ro.hardware.fp.fod"
04-24 20:44:17.267   911   911 E libc    : Access denied finding property "ro.hardware.fp.sideCap"
04-24 20:44:17.282   911   911 E libc    : Access denied finding property "ro.hardware.fp.fod"
04-24 20:44:17.282   911   911 E libc    : Access denied finding property "ro.hardware.fp.sideCap"
04-24 20:44:17.300   911   911 E libc    : Access denied finding property "ro.hardware.fp.fod"
04-24 20:44:17.300   911   911 E libc    : Access denied finding property "ro.hardware.fp.sideCap"
04-24 20:44:17.317   911   911 E libc    : Access denied finding property "ro.hardware.fp.fod"
04-24 20:44:17.317   911   911 E libc    : Access denied finding property "ro.hardware.fp.sideCap"
04-24 20:44:17.335   911   911 E libc    : Access denied finding property "ro.hardware.fp.fod"
04-24 20:44:17.335   911   911 E libc    : Access denied finding property "ro.hardware.fp.sideCap"
04-24 20:44:17.351   911   911 E libc    : Access denied finding property "ro.hardware.fp.fod"
04-24 20:44:17.351   911   911 E libc    : Access denied finding property "ro.hardware.fp.sideCap"
04-24 20:44:17.366   911   911 E libc    : Access denied finding property "ro.hardware.fp.fod"
04-24 20:44:17.367   911   911 E libc    : Access denied finding property "ro.hardware.fp.sideCap"
04-24 20:44:17.383   911   911 E libc    : Access denied finding property "ro.hardware.fp.fod"
04-24 20:44:17.383   911   911 E libc    : Access denied finding property "ro.hardware.fp.sideCap"
04-24 20:44:17.397   834  3141 D vendor.qti.bluetooth@1.0-wake_lock: Release wakelock is released 
04-24 20:44:17.400   911   911 E libc    : Access denied finding property "ro.hardware.fp.fod"
04-24 20:44:17.400   911   911 E libc    : Access denied finding property "ro.hardware.fp.sideCap"
04-24 20:44:17.416   911   911 E libc    : Access denied finding property "ro.hardware.fp.fod"
04-24 20:44:17.416   911   911 E libc    : Access denied finding property "ro.hardware.fp.sideCap"
04-24 20:44:17.433   911   911 E libc    : Access denied finding property "ro.hardware.fp.fod"
04-24 20:44:17.433   911   911 E libc    : Access denied finding property "ro.hardware.fp.sideCap"
04-24 20:44:17.451   911   911 E libc    : Access denied finding property "ro.hardware.fp.fod"
04-24 20:44:17.451   911   911 E libc    : Access denied finding property "ro.hardware.fp.sideCap"
04-24 20:44:17.483   911   911 E libc    : Access denied finding property "ro.hardware.fp.fod"
04-24 20:44:17.483   911   911 E libc    : Access denied finding property "ro.hardware.fp.sideCap"
04-24 20:44:17.500   911   911 E libc    : Access denied finding property "ro.hardware.fp.fod"
04-24 20:44:17.501   911   911 E libc    : Access denied finding property "ro.hardware.fp.sideCap"
04-24 20:44:17.509  1109  1451 I ThermalEngine: vs_get_temperature: read[0] xo_therm 37239 mC, weight[0] 2
04-24 20:44:17.511  1109  1451 I ThermalEngine: vs_get_temperature: read[1] quiet_therm 35468 mC, weight[1] 1
04-24 20:44:17.517   911   911 E libc    : Access denied finding property "ro.hardware.fp.fod"
04-24 20:44:17.517   911   911 E libc    : Access denied finding property "ro.hardware.fp.sideCap"
04-24 20:44:17.535   911   911 E libc    : Access denied finding property "ro.hardware.fp.fod"
04-24 20:44:17.535   911   911 E libc    : Access denied finding property "ro.hardware.fp.sideCap"
04-24 20:44:17.551   911   911 E libc    : Access denied finding property "ro.hardware.fp.fod"
04-24 20:44:17.551   911   911 E libc    : Access denied finding property "ro.hardware.fp.sideCap"
04-24 20:44:17.567   911   911 E libc    : Access denied finding property "ro.hardware.fp.fod"
04-24 20:44:17.567   911   911 E libc    : Access denied finding property "ro.hardware.fp.sideCap"
04-24 20:44:17.584   911   911 E libc    : Access denied finding property "ro.hardware.fp.fod"
04-24 20:44:17.584   911   911 E libc    : Access denied finding property "ro.hardware.fp.sideCap"
04-24 20:44:17.595 21237 21401 I NTKernel: [I] frequency_control_service.cc(60)::StartRefreshTimer [FrequencyControlService]->refresh_timer_
04-24 20:44:17.600   911   911 E libc    : Access denied finding property "ro.hardware.fp.fod"
04-24 20:44:17.600   911   911 E libc    : Access denied finding property "ro.hardware.fp.sideCap"
04-24 20:44:17.616   911   911 E libc    : Access denied finding property "ro.hardware.fp.fod"
04-24 20:44:17.616   911   911 E libc    : Access denied finding property "ro.hardware.fp.sideCap"
04-24 20:44:17.635   911   911 E libc    : Access denied finding property "ro.hardware.fp.fod"
04-24 20:44:17.636   911   911 E libc    : Access denied finding property "ro.hardware.fp.sideCap"
04-24 20:44:17.650   911   911 E libc    : Access denied finding property "ro.hardware.fp.fod"
04-24 20:44:17.650   911   911 E libc    : Access denied finding property "ro.hardware.fp.sideCap"
04-24 20:44:17.667   911   911 E libc    : Access denied finding property "ro.hardware.fp.fod"
04-24 20:44:17.667   911   911 E libc    : Access denied finding property "ro.hardware.fp.sideCap"
04-24 20:44:17.683   911   911 E libc    : Access denied finding property "ro.hardware.fp.fod"
04-24 20:44:17.683   911   911 E libc    : Access denied finding property "ro.hardware.fp.sideCap"
04-24 20:44:17.702   911   911 E libc    : Access denied finding property "ro.hardware.fp.fod"
04-24 20:44:17.702   911   911 E libc    : Access denied finding property "ro.hardware.fp.sideCap"
04-24 20:44:17.715   911   911 E libc    : Access denied finding property "ro.hardware.fp.fod"
04-24 20:44:17.715   911   911 E libc    : Access denied finding property "ro.hardware.fp.sideCap"
04-24 20:44:17.735   911   911 E libc    : Access denied finding property "ro.hardware.fp.fod"
04-24 20:44:17.735   911   911 E libc    : Access denied finding property "ro.hardware.fp.sideCap"
04-24 20:44:17.751   911   911 E libc    : Access denied finding property "ro.hardware.fp.fod"
04-24 20:44:17.751   911   911 E libc    : Access denied finding property "ro.hardware.fp.sideCap"
04-24 20:44:17.766   911   911 E libc    : Access denied finding property "ro.hardware.fp.fod"
04-24 20:44:17.767   911   911 E libc    : Access denied finding property "ro.hardware.fp.sideCap"
04-24 20:44:17.785   911   911 E libc    : Access denied finding property "ro.hardware.fp.fod"
04-24 20:44:17.785   911   911 E libc    : Access denied finding property "ro.hardware.fp.sideCap"
04-24 20:44:17.801   911   911 E libc    : Access denied finding property "ro.hardware.fp.fod"
04-24 20:44:17.802   911   911 E libc    : Access denied finding property "ro.hardware.fp.sideCap"
04-24 20:44:17.817   911   911 E libc    : Access denied finding property "ro.hardware.fp.fod"
04-24 20:44:17.817   911   911 E libc    : Access denied finding property "ro.hardware.fp.sideCap"
04-24 20:44:17.836   911   911 E libc    : Access denied finding property "ro.hardware.fp.fod"
04-24 20:44:17.836   911   911 E libc    : Access denied finding property "ro.hardware.fp.sideCap"
04-24 20:44:17.852   911   911 E libc    : Access denied finding property "ro.hardware.fp.fod"
04-24 20:44:17.852   911   911 E libc    : Access denied finding property "ro.hardware.fp.sideCap"
04-24 20:44:17.868   911   911 E libc    : Access denied finding property "ro.hardware.fp.fod"
04-24 20:44:17.868   911   911 E libc    : Access denied finding property "ro.hardware.fp.sideCap"
04-24 20:44:17.884   911   911 E libc    : Access denied finding property "ro.hardware.fp.fod"
04-24 20:44:17.884   911   911 E libc    : Access denied finding property "ro.hardware.fp.sideCap"
04-24 20:44:17.901   911   911 E libc    : Access denied finding property "ro.hardware.fp.fod"
04-24 20:44:17.902   911   911 E libc    : Access denied finding property "ro.hardware.fp.sideCap"
04-24 20:44:17.918   911   911 E libc    : Access denied finding property "ro.hardware.fp.fod"
04-24 20:44:17.919   911   911 E libc    : Access denied finding property "ro.hardware.fp.sideCap"
04-24 20:44:17.935   911   911 E libc    : Access denied finding property "ro.hardware.fp.fod"
04-24 20:44:17.935   911   911 E libc    : Access denied finding property "ro.hardware.fp.sideCap"
04-24 20:44:17.952   911   911 E libc    : Access denied finding property "ro.hardware.fp.fod"
04-24 20:44:17.952   911   911 E libc    : Access denied finding property "ro.hardware.fp.sideCap"
04-24 20:44:17.969   911   911 E libc    : Access denied finding property "ro.hardware.fp.fod"
04-24 20:44:17.969   911   911 E libc    : Access denied finding property "ro.hardware.fp.sideCap"
04-24 20:44:17.985   911   911 E libc    : Access denied finding property "ro.hardware.fp.fod"
04-24 20:44:17.986   911   911 E libc    : Access denied finding property "ro.hardware.fp.sideCap"
04-24 20:44:18.002   911   911 E libc    : Access denied finding property "ro.hardware.fp.fod"
04-24 20:44:18.002   911   911 E libc    : Access denied finding property "ro.hardware.fp.sideCap"
04-24 20:44:18.018   911   911 E libc    : Access denied finding property "ro.hardware.fp.fod"
04-24 20:44:18.018   911   911 E libc    : Access denied finding property "ro.hardware.fp.sideCap"
04-24 20:44:18.035   911   911 E libc    : Access denied finding property "ro.hardware.fp.fod"
04-24 20:44:18.035   911   911 E libc    : Access denied finding property "ro.hardware.fp.sideCap"
04-24 20:44:18.052   911   911 E libc    : Access denied finding property "ro.hardware.fp.fod"
04-24 20:44:18.053   911   911 E libc    : Access denied finding property "ro.hardware.fp.sideCap"
04-24 20:44:18.069   911   911 E libc    : Access denied finding property "ro.hardware.fp.fod"
04-24 20:44:18.069   911   911 E libc    : Access denied finding property "ro.hardware.fp.sideCap"
04-24 20:44:18.085   911   911 E libc    : Access denied finding property "ro.hardware.fp.fod"
04-24 20:44:18.086   911   911 E libc    : Access denied finding property "ro.hardware.fp.sideCap"
04-24 20:44:18.101   911   911 E libc    : Access denied finding property "ro.hardware.fp.fod"
04-24 20:44:18.101   911   911 E libc    : Access denied finding property "ro.hardware.fp.sideCap"
04-24 20:44:18.119   911   911 E libc    : Access denied finding property "ro.hardware.fp.fod"
04-24 20:44:18.119   911   911 E libc    : Access denied finding property "ro.hardware.fp.sideCap"
04-24 20:44:18.134   911   911 E libc    : Access denied finding property "ro.hardware.fp.fod"
04-24 20:44:18.134   911   911 E libc    : Access denied finding property "ro.hardware.fp.sideCap"
04-24 20:44:18.153   911   911 E libc    : Access denied finding property "ro.hardware.fp.fod"
04-24 20:44:18.153   911   911 E libc    : Access denied finding property "ro.hardware.fp.sideCap"
04-24 20:44:18.162   911   911 W surfaceflinger: type=1400 audit(0.0:118163): avc: denied { read } for name="u:object_r:vendor_fp_prop:s0" dev="tmpfs" ino=22708 scontext=u:r:surfaceflinger:s0 tcontext=u:object_r:vendor_fp_prop:s0 tclass=file permissive=0
04-24 20:44:18.168   911   911 E libc    : Access denied finding property "ro.hardware.fp.fod"
04-24 20:44:18.169   911   911 E libc    : Access denied finding property "ro.hardware.fp.sideCap"
04-24 20:44:18.162   911   911 W surfaceflinger: type=1400 audit(0.0:118164): avc: denied { read } for name="u:object_r:vendor_fp_prop:s0" dev="tmpfs" ino=22708 scontext=u:r:surfaceflinger:s0 tcontext=u:object_r:vendor_fp_prop:s0 tclass=file permissive=0
04-24 20:44:18.172   911   911 W surfaceflinger: type=1400 audit(0.0:118165): avc: denied { read } for name="u:object_r:vendor_fp_prop:s0" dev="tmpfs" ino=22708 scontext=u:r:surfaceflinger:s0 tcontext=u:object_r:vendor_fp_prop:s0 tclass=file permissive=0
04-24 20:44:18.186   911   911 E libc    : Access denied finding property "ro.hardware.fp.fod"
04-24 20:44:18.172   911   911 W surfaceflinger: type=1400 audit(0.0:118166): avc: denied { read } for name="u:object_r:vendor_fp_prop:s0" dev="tmpfs" ino=22708 scontext=u:r:surfaceflinger:s0 tcontext=u:object_r:vendor_fp_prop:s0 tclass=file permissive=0
04-24 20:44:18.186   911   911 E libc    : Access denied finding property "ro.hardware.fp.sideCap"
04-24 20:44:18.192   911   911 W surfaceflinger: type=1400 audit(0.0:118167): avc: denied { read } for name="u:object_r:vendor_fp_prop:s0" dev="tmpfs" ino=22708 scontext=u:r:surfaceflinger:s0 tcontext=u:object_r:vendor_fp_prop:s0 tclass=file permissive=0
04-24 20:44:18.201   911   911 E libc    : Access denied finding property "ro.hardware.fp.fod"
04-24 20:44:18.202   911   911 E libc    : Access denied finding property "ro.hardware.fp.sideCap"
04-24 20:44:18.218   911   911 E libc    : Access denied finding property "ro.hardware.fp.fod"
04-24 20:44:18.219   911   911 E libc    : Access denied finding property "ro.hardware.fp.sideCap"
04-24 20:44:18.235   911   911 E libc    : Access denied finding property "ro.hardware.fp.fod"
04-24 20:44:18.235   911   911 E libc    : Access denied finding property "ro.hardware.fp.sideCap"
04-24 20:44:18.253   911   911 E libc    : Access denied finding property "ro.hardware.fp.fod"
04-24 20:44:18.254   911   911 E libc    : Access denied finding property "ro.hardware.fp.sideCap"
04-24 20:44:18.269   911   911 E libc    : Access denied finding property "ro.hardware.fp.fod"
04-24 20:44:18.269   911   911 E libc    : Access denied finding property "ro.hardware.fp.sideCap"
04-24 20:44:18.286   911   911 E libc    : Access denied finding property "ro.hardware.fp.fod"
04-24 20:44:18.286   911   911 E libc    : Access denied finding property "ro.hardware.fp.sideCap"
04-24 20:44:18.302   911   911 E libc    : Access denied finding property "ro.hardware.fp.fod"
04-24 20:44:18.302   911   911 E libc    : Access denied finding property "ro.hardware.fp.sideCap"
04-24 20:44:18.319   911   911 E libc    : Access denied finding property "ro.hardware.fp.fod"
04-24 20:44:18.319   911   911 E libc    : Access denied finding property "ro.hardware.fp.sideCap"
04-24 20:44:18.335   911   911 E libc    : Access denied finding property "ro.hardware.fp.fod"
04-24 20:44:18.336   911   911 E libc    : Access denied finding property "ro.hardware.fp.sideCap"
04-24 20:44:18.353   911   911 E libc    : Access denied finding property "ro.hardware.fp.fod"
04-24 20:44:18.353   911   911 E libc    : Access denied finding property "ro.hardware.fp.sideCap"
04-24 20:44:18.369   911   911 E libc    : Access denied finding property "ro.hardware.fp.fod"
04-24 20:44:18.369   911   911 E libc    : Access denied finding property "ro.hardware.fp.sideCap"
04-24 20:44:18.386   911   911 E libc    : Access denied finding property "ro.hardware.fp.fod"
04-24 20:44:18.386   911   911 E libc    : Access denied finding property "ro.hardware.fp.sideCap"
04-24 20:44:18.403   911   911 E libc    : Access denied finding property "ro.hardware.fp.fod"
04-24 20:44:18.403   911   911 E libc    : Access denied finding property "ro.hardware.fp.sideCap"
04-24 20:44:18.419   911   911 E libc    : Access denied finding property "ro.hardware.fp.fod"
04-24 20:44:18.419   911   911 E libc    : Access denied finding property "ro.hardware.fp.sideCap"
04-24 20:44:18.436   911   911 E libc    : Access denied finding property "ro.hardware.fp.fod"
04-24 20:44:18.436   911   911 E libc    : Access denied finding property "ro.hardware.fp.sideCap"
04-24 20:44:18.439  2202  2356 I MiuiNetworkPolicy: bandwidth: 0 KB/s, Max bandwidth: 704 KB/s
04-24 20:44:18.453   911   911 E libc    : Access denied finding property "ro.hardware.fp.fod"
04-24 20:44:18.453   911   911 E libc    : Access denied finding property "ro.hardware.fp.sideCap"
04-24 20:44:18.469   911   911 E libc    : Access denied finding property "ro.hardware.fp.fod"
04-24 20:44:18.469   911   911 E libc    : Access denied finding property "ro.hardware.fp.sideCap"
04-24 20:44:18.486   911   911 E libc    : Access denied finding property "ro.hardware.fp.fod"
04-24 20:44:18.486   911   911 E libc    : Access denied finding property "ro.hardware.fp.sideCap"
04-24 20:44:18.503   911   911 E libc    : Access denied finding property "ro.hardware.fp.fod"
04-24 20:44:18.503   911   911 E libc    : Access denied finding property "ro.hardware.fp.sideCap"
04-24 20:44:18.513  1109  1451 I ThermalEngine: vs_get_temperature: read[0] xo_therm 37239 mC, weight[0] 2
04-24 20:44:18.514  1109  1451 I ThermalEngine: vs_get_temperature: read[1] quiet_therm 35468 mC, weight[1] 1
04-24 20:44:18.519   911   911 E libc    : Access denied finding property "ro.hardware.fp.fod"
04-24 20:44:18.520   911   911 E libc    : Access denied finding property "ro.hardware.fp.sideCap"
04-24 20:44:18.536   911   911 E libc    : Access denied finding property "ro.hardware.fp.fod"
04-24 20:44:18.536   911   911 E libc    : Access denied finding property "ro.hardware.fp.sideCap"
04-24 20:44:18.553   911   911 E libc    : Access denied finding property "ro.hardware.fp.fod"
04-24 20:44:18.553   911   911 E libc    : Access denied finding property "ro.hardware.fp.sideCap"
04-24 20:44:18.570   911   911 E libc    : Access denied finding property "ro.hardware.fp.fod"
04-24 20:44:18.570   911   911 E libc    : Access denied finding property "ro.hardware.fp.sideCap"
04-24 20:44:18.587   911   911 E libc    : Access denied finding property "ro.hardware.fp.fod"
04-24 20:44:18.587   911   911 E libc    : Access denied finding property "ro.hardware.fp.sideCap"
04-24 20:44:18.599 21237 21401 I NTKernel: [I] frequency_control_service.cc(60)::StartRefreshTimer [FrequencyControlService]->refresh_timer_
04-24 20:44:18.603   911   911 E libc    : Access denied finding property "ro.hardware.fp.fod"
04-24 20:44:18.603   911   911 E libc    : Access denied finding property "ro.hardware.fp.sideCap"
04-24 20:44:18.616 21237 21630 D QCircleNetWorkTestHelper: current network info:msf_net_change_range,0_0_-1;pic_avg_speed,98.0;network_type,1;cmd_succeed_rate,1.0;msf_cur_weak_net_type,-1;pic_succeed_rate,1.0;cmd_avg_cost,151.0;is_cur_msf_weak_net,false;qfs_avg_video_speed,350;
04-24 20:44:18.619   911   911 E libc    : Access denied finding property "ro.hardware.fp.fod"
04-24 20:44:18.619   911   911 E libc    : Access denied finding property "ro.hardware.fp.sideCap"
04-24 20:44:18.636   911   911 E libc    : Access denied finding property "ro.hardware.fp.fod"
04-24 20:44:18.636   911   911 E libc    : Access denied finding property "ro.hardware.fp.sideCap"
04-24 20:44:18.653   911   911 E libc    : Access denied finding property "ro.hardware.fp.fod"
04-24 20:44:18.654   911   911 E libc    : Access denied finding property "ro.hardware.fp.sideCap"
04-24 20:44:18.670   911   911 E libc    : Access denied finding property "ro.hardware.fp.fod"
04-24 20:44:18.670   911   911 E libc    : Access denied finding property "ro.hardware.fp.sideCap"
04-24 20:44:18.687   911   911 E libc    : Access denied finding property "ro.hardware.fp.fod"
04-24 20:44:18.687   911   911 E libc    : Access denied finding property "ro.hardware.fp.sideCap"
04-24 20:44:18.703   911   911 E libc    : Access denied finding property "ro.hardware.fp.fod"
04-24 20:44:18.703   911   911 E libc    : Access denied finding property "ro.hardware.fp.sideCap"
04-24 20:44:18.720   911   911 E libc    : Access denied finding property "ro.hardware.fp.fod"
04-24 20:44:18.720   911   911 E libc    : Access denied finding property "ro.hardware.fp.sideCap"
04-24 20:44:18.736   911   911 E libc    : Access denied finding property "ro.hardware.fp.fod"
04-24 20:44:18.736   911   911 E libc    : Access denied finding property "ro.hardware.fp.sideCap"
04-24 20:44:18.751   911   911 E libc    : Access denied finding property "ro.hardware.fp.fod"
04-24 20:44:18.751   911   911 E libc    : Access denied finding property "ro.hardware.fp.sideCap"
04-24 20:44:18.769   911   911 E libc    : Access denied finding property "ro.hardware.fp.fod"
04-24 20:44:18.769   911   911 E libc    : Access denied finding property "ro.hardware.fp.sideCap"
04-24 20:44:18.785   911   911 E libc    : Access denied finding property "ro.hardware.fp.fod"
04-24 20:44:18.785   911   911 E libc    : Access denied finding property "ro.hardware.fp.sideCap"
04-24 20:44:18.802   911   911 E libc    : Access denied finding property "ro.hardware.fp.fod"
04-24 20:44:18.803   911   911 E libc    : Access denied finding property "ro.hardware.fp.sideCap"
04-24 20:44:18.818   911   911 E libc    : Access denied finding property "ro.hardware.fp.fod"
04-24 20:44:18.818   911   911 E libc    : Access denied finding property "ro.hardware.fp.sideCap"
04-24 20:44:18.836   911   911 E libc    : Access denied finding property "ro.hardware.fp.fod"
04-24 20:44:18.836   911   911 E libc    : Access denied finding property "ro.hardware.fp.sideCap"
04-24 20:44:18.854   911   911 E libc    : Access denied finding property "ro.hardware.fp.fod"
04-24 20:44:18.854   911   911 E libc    : Access denied finding property "ro.hardware.fp.sideCap"
04-24 20:44:18.869   911   911 E libc    : Access denied finding property "ro.hardware.fp.fod"
04-24 20:44:18.869   911   911 E libc    : Access denied finding property "ro.hardware.fp.sideCap"
04-24 20:44:18.885   911   911 E libc    : Access denied finding property "ro.hardware.fp.fod"
04-24 20:44:18.885   911   911 E libc    : Access denied finding property "ro.hardware.fp.sideCap"
04-24 20:44:18.902   911   911 E libc    : Access denied finding property "ro.hardware.fp.fod"
04-24 20:44:18.902   911   911 E libc    : Access denied finding property "ro.hardware.fp.sideCap"
04-24 20:44:18.918   911   911 E libc    : Access denied finding property "ro.hardware.fp.fod"
04-24 20:44:18.918   911   911 E libc    : Access denied finding property "ro.hardware.fp.sideCap"
04-24 20:44:18.936   911   911 E libc    : Access denied finding property "ro.hardware.fp.fod"
04-24 20:44:18.936   911   911 E libc    : Access denied finding property "ro.hardware.fp.sideCap"
04-24 20:44:18.952   911   911 E libc    : Access denied finding property "ro.hardware.fp.fod"
04-24 20:44:18.952   911   911 E libc    : Access denied finding property "ro.hardware.fp.sideCap"
04-24 20:44:18.968   911   911 E libc    : Access denied finding property "ro.hardware.fp.fod"
04-24 20:44:18.968   911   911 E libc    : Access denied finding property "ro.hardware.fp.sideCap"
04-24 20:44:18.986   911   911 E libc    : Access denied finding property "ro.hardware.fp.fod"
04-24 20:44:18.986   911   911 E libc    : Access denied finding property "ro.hardware.fp.sideCap"
04-24 20:44:19.003   911   911 E libc    : Access denied finding property "ro.hardware.fp.fod"
04-24 20:44:19.004   911   911 E libc    : Access denied finding property "ro.hardware.fp.sideCap"
04-24 20:44:19.019   911   911 E libc    : Access denied finding property "ro.hardware.fp.fod"
04-24 20:44:19.019   911   911 E libc    : Access denied finding property "ro.hardware.fp.sideCap"
04-24 20:44:19.035   911   911 E libc    : Access denied finding property "ro.hardware.fp.fod"
04-24 20:44:19.036   911   911 E libc    : Access denied finding property "ro.hardware.fp.sideCap"
04-24 20:44:19.053   911   911 E libc    : Access denied finding property "ro.hardware.fp.fod"
04-24 20:44:19.053   911   911 E libc    : Access denied finding property "ro.hardware.fp.sideCap"
04-24 20:44:19.071   911   911 E libc    : Access denied finding property "ro.hardware.fp.fod"
04-24 20:44:19.071   911   911 E libc    : Access denied finding property "ro.hardware.fp.sideCap"
04-24 20:44:19.078  4717  5873 D LogUtil_LogConfig: getLogFile(): logFilePath = /data/user/0/com.huawei.health/files/com.huawei.health/com.huawei.health_DaemonService/
04-24 20:44:19.080  4717  5873 D LogUtil_LogConfig: acquireMaxLogFileLengthContainsOffset describe: com.huawei.health:DaemonService result:5242880
04-24 20:44:19.082  1109  1456 I ThermalEngine: vs_get_temperature: read[0] xo_therm 37239 mC, weight[0] 2
04-24 20:44:19.083  1109  1456 I ThermalEngine: vs_get_temperature: read[1] quiet_therm 35468 mC, weight[1] 1
04-24 20:44:19.087   911   911 E libc    : Access denied finding property "ro.hardware.fp.fod"
04-24 20:44:19.088   911   911 E libc    : Access denied finding property "ro.hardware.fp.sideCap"
04-24 20:44:19.106   911   911 E libc    : Access denied finding property "ro.hardware.fp.fod"
04-24 20:44:19.106   911   911 E libc    : Access denied finding property "ro.hardware.fp.sideCap"
04-24 20:44:19.120   911   911 E libc    : Access denied finding property "ro.hardware.fp.fod"
04-24 20:44:19.120   911   911 E libc    : Access denied finding property "ro.hardware.fp.sideCap"
04-24 20:44:19.137   911   911 E libc    : Access denied finding property "ro.hardware.fp.fod"
04-24 20:44:19.137   911   911 E libc    : Access denied finding property "ro.hardware.fp.sideCap"
04-24 20:44:19.154   911   911 E libc    : Access denied finding property "ro.hardware.fp.fod"
04-24 20:44:19.154   911   911 E libc    : Access denied finding property "ro.hardware.fp.sideCap"
04-24 20:44:19.171   911   911 E libc    : Access denied finding property "ro.hardware.fp.fod"
04-24 20:44:19.171   911   911 E libc    : Access denied finding property "ro.hardware.fp.sideCap"
04-24 20:44:19.188   911   911 E libc    : Access denied finding property "ro.hardware.fp.fod"
04-24 20:44:19.188   911   911 E libc    : Access denied finding property "ro.hardware.fp.sideCap"
04-24 20:44:19.172   911   911 W surfaceflinger: type=1400 audit(0.0:118285): avc: denied { read } for name="u:object_r:vendor_fp_prop:s0" dev="tmpfs" ino=22708 scontext=u:r:surfaceflinger:s0 tcontext=u:object_r:vendor_fp_prop:s0 tclass=file permissive=0
04-24 20:44:19.192   911   911 I chatty  : uid=1000(system) /system/bin/surfaceflinger identical 2 lines
04-24 20:44:19.192   911   911 W surfaceflinger: type=1400 audit(0.0:118288): avc: denied { read } for name="u:object_r:vendor_fp_prop:s0" dev="tmpfs" ino=22708 scontext=u:r:surfaceflinger:s0 tcontext=u:object_r:vendor_fp_prop:s0 tclass=file permissive=0
04-24 20:44:19.205   911   911 E libc    : Access denied finding property "ro.hardware.fp.fod"
04-24 20:44:19.205   911   911 E libc    : Access denied finding property "ro.hardware.fp.sideCap"
04-24 20:44:19.212   911   911 W surfaceflinger: type=1400 audit(0.0:118289): avc: denied { read } for name="u:object_r:vendor_fp_prop:s0" dev="tmpfs" ino=22708 scontext=u:r:surfaceflinger:s0 tcontext=u:object_r:vendor_fp_prop:s0 tclass=file permissive=0
04-24 20:44:19.223   911   911 E libc    : Access denied finding property "ro.hardware.fp.fod"
04-24 20:44:19.223   911   911 E libc    : Access denied finding property "ro.hardware.fp.sideCap"
04-24 20:44:19.239   911   911 E libc    : Access denied finding property "ro.hardware.fp.fod"
04-24 20:44:19.239   911   911 E libc    : Access denied finding property "ro.hardware.fp.sideCap"
04-24 20:44:19.255   911   911 E libc    : Access denied finding property "ro.hardware.fp.fod"
04-24 20:44:19.256   911   911 E libc    : Access denied finding property "ro.hardware.fp.sideCap"
04-24 20:44:19.272   911   911 E libc    : Access denied finding property "ro.hardware.fp.fod"
04-24 20:44:19.272   911   911 E libc    : Access denied finding property "ro.hardware.fp.sideCap"
04-24 20:44:19.288   911   911 E libc    : Access denied finding property "ro.hardware.fp.fod"
04-24 20:44:19.288   911   911 E libc    : Access denied finding property "ro.hardware.fp.sideCap"
04-24 20:44:19.305   911   911 E libc    : Access denied finding property "ro.hardware.fp.fod"
04-24 20:44:19.305   911   911 E libc    : Access denied finding property "ro.hardware.fp.sideCap"
04-24 20:44:19.321   911   911 E libc    : Access denied finding property "ro.hardware.fp.fod"
04-24 20:44:19.322   911   911 E libc    : Access denied finding property "ro.hardware.fp.sideCap"
04-24 20:44:19.338   911   911 E libc    : Access denied finding property "ro.hardware.fp.fod"
04-24 20:44:19.338   911   911 E libc    : Access denied finding property "ro.hardware.fp.sideCap"
04-24 20:44:19.355   911   911 E libc    : Access denied finding property "ro.hardware.fp.fod"
04-24 20:44:19.355   911   911 E libc    : Access denied finding property "ro.hardware.fp.sideCap"
04-24 20:44:19.372   911   911 E libc    : Access denied finding property "ro.hardware.fp.fod"
04-24 20:44:19.372   911   911 E libc    : Access denied finding property "ro.hardware.fp.sideCap"
04-24 20:44:19.387   911   911 E libc    : Access denied finding property "ro.hardware.fp.fod"
04-24 20:44:19.387   911   911 E libc    : Access denied finding property "ro.hardware.fp.sideCap"
04-24 20:44:19.405   911   911 E libc    : Access denied finding property "ro.hardware.fp.fod"
04-24 20:44:19.405   911   911 E libc    : Access denied finding property "ro.hardware.fp.sideCap"
04-24 20:44:19.423   911   911 E libc    : Access denied finding property "ro.hardware.fp.fod"
04-24 20:44:19.423   911   911 E libc    : Access denied finding property "ro.hardware.fp.sideCap"
04-24 20:44:19.438   911   911 E libc    : Access denied finding property "ro.hardware.fp.fod"
04-24 20:44:19.438   911   911 E libc    : Access denied finding property "ro.hardware.fp.sideCap"
04-24 20:44:19.442  1288  1620 D [goodix_ca_entry]: [gx_ta_send_modified_cmd_req] begin token 198, cmd_id=1016
04-24 20:44:19.452   911   911 E libc    : Access denied finding property "ro.hardware.fp.fod"
04-24 20:44:19.452   911   911 E libc    : Access denied finding property "ro.hardware.fp.sideCap"
04-24 20:44:19.463  1288  1620 D [goodix_ca_entry]: [gx_ta_send_modified_cmd_req] end
04-24 20:44:19.463  1288  1620 D [goodix_ca_entry]: [gf_ca_invoke_command] gx_ta_send_modified_cmd_req success
04-24 20:44:19.463  1288  1620 D [goodix_ca_entry]: [gf_ca_invoke_command] ta execution succeed
04-24 20:44:19.463  1288  1620 I [goodixHAL][gf_hal_milan_f_series]: [hal_milan_f_series_irq] irq_type=[GF_IRQ_FINGER_DOWN_MASK], irq_type=0x0002
04-24 20:44:19.463  1288  1620 I [goodixHAL][gf_hal_milan_f_series]: [hal_milan_f_series_irq] irq_type=[GF_IRQ_FINGER_DOWN_MASK], irq_type=0x00000002
04-24 20:44:19.464  2202  2341 W BaseMiuiPhoneWindowManager: keyCode:23 down:true eventTime:2316995 downTime:2316995 policyFlags:22000002 flags:48 deviceId:0 isScreenOn:true keyguardActive:false repeatCount:0
04-24 20:44:19.472   834  3365 I vendor.qti.bluetooth@1.0-ibs_handler: ProcessIbsCmd: Received IBS_WAKE_IND: 0xFD
04-24 20:44:19.472   834  3365 D vendor.qti.bluetooth@1.0-ibs_handler: SerialClockVote: vote for UART CLK ON
04-24 20:44:19.473   834  3365 D vendor.qti.bluetooth@1.0-wake_lock: Acquire wakelock is acquired 
04-24 20:44:19.473   834  3365 I vendor.qti.bluetooth@1.0-ibs_handler: ProcessIbsCmd: Writing IBS_WAKE_ACK
04-24 20:44:19.475  2454  3367 V bt_stack: [VERBOSE1:btm_ble_gap.cc(1923)] btm_ble_process_ext_adv_pkt: bda=e4:b2:31:00:82:4a
04-24 20:44:19.475  2454  3367 V bt_stack: [VERBOSE1:btm_ble_gap.cc(1847)] btm_ble_process_adv_addr: bda=e4:b2:31:00:82:4a
04-24 20:44:19.475  2454  3367 V bt_stack: [VERBOSE1:btm_ble_gap.cc(2052)]  Waiting for scan response e4:b2:31:00:82:4a
04-24 20:44:19.475  2454  3367 V bt_stack: [VERBOSE1:btm_ble_gap.cc(1923)] btm_ble_process_ext_adv_pkt: bda=e4:b2:31:00:82:4a
04-24 20:44:19.475  2454  3367 V bt_stack: [VERBOSE1:btm_ble_gap.cc(1847)] btm_ble_process_adv_addr: bda=e4:b2:31:00:82:4a
04-24 20:44:19.475  2454  3367 V bt_stack: [VERBOSE1:btm_ble_gap.cc(1923)] btm_ble_process_ext_adv_pkt: bda=48:87:59:f2:dd:1f
04-24 20:44:19.475  2454  3367 V bt_stack: [VERBOSE1:btm_ble_gap.cc(1847)] btm_ble_process_adv_addr: bda=48:87:59:f2:dd:1f
04-24 20:44:19.475  2454  3367 V bt_stack: [VERBOSE1:btm_ble_gap.cc(2052)]  Waiting for scan response 48:87:59:f2:dd:1f
04-24 20:44:19.476  2454  3367 V bt_stack: [VERBOSE1:btm_ble_gap.cc(1923)] btm_ble_process_ext_adv_pkt: bda=48:87:59:f2:dd:1f
04-24 20:44:19.476  2454  3367 V bt_stack: [VERBOSE1:btm_ble_gap.cc(1847)] btm_ble_process_adv_addr: bda=48:87:59:f2:dd:1f
04-24 20:44:19.477  2454  2648 D BluetoothUtils: blockedByLocationOff callingUid=1002
04-24 20:44:19.477  2454  2648 I BluetoothUtils: packagename is android.uid.bluetooth:1002 ,and its permission is false
04-24 20:44:19.479  2454  2648 D BluetoothUtils: blockedByLocationOff callingUid=1002
04-24 20:44:19.479  3653  3707 E MiuiFastConnectService: check adv data majorId: 010134, minorId: 0001, MiuiDeviceIdSets: region:[CN], product:null
04-24 20:44:19.479  2454  2648 I BluetoothUtils: packagename is android.uid.bluetooth:1002 ,and its permission is false
04-24 20:44:19.480  3653  3707 D MiuiNearbyService: getNearbyService() - returning com.android.bluetooth.ble.app.MiuiNearbyService@4619d0a
04-24 20:44:19.486   911   911 E libc    : Access denied finding property "ro.hardware.fp.fod"
04-24 20:44:19.486   911   911 E libc    : Access denied finding property "ro.hardware.fp.sideCap"
04-24 20:44:19.515   834  3365 I vendor.qti.bluetooth@1.0-ibs_handler: ProcessIbsCmd: Received IBS_SLEEP_IND: 0xFE
04-24 20:44:19.515   834  3365 D vendor.qti.bluetooth@1.0-ibs_handler: SerialClockVote: vote for UART CLK OFF
04-24 20:44:19.517  1109  1451 I ThermalEngine: vs_get_temperature: read[0] xo_therm 37187 mC, weight[0] 2
04-24 20:44:19.519  1109  1451 I ThermalEngine: vs_get_temperature: read[1] quiet_therm 35468 mC, weight[1] 1
04-24 20:44:19.521   911   911 E libc    : Access denied finding property "ro.hardware.fp.fod"
04-24 20:44:19.521   911   911 E libc    : Access denied finding property "ro.hardware.fp.sideCap"
04-24 20:44:19.537   911   911 E libc    : Access denied finding property "ro.hardware.fp.fod"
04-24 20:44:19.537   911   911 E libc    : Access denied finding property "ro.hardware.fp.sideCap"
04-24 20:44:19.554   911   911 E libc    : Access denied finding property "ro.hardware.fp.fod"
04-24 20:44:19.555   911   911 E libc    : Access denied finding property "ro.hardware.fp.sideCap"
04-24 20:44:19.558  2202  2341 W InputDispatcher: [TouchInput][reader] notifyMotion - eventTime=2317088296000, deviceId=6, source=0x1002, policyFlags=0x0, action=0x0, flags=0x0, downTime=2317088296000, moveCount:0
04-24 20:44:19.560  2202  2340 W InputDispatcher: [TouchInput][dispatcher] findTouchedWindow Result=0, targetChannel '58e2537 NavigationBar (server)'
04-24 20:44:19.560  2202  2340 W InputDispatcher: [TouchInput][dispatcher] findTouchedWindow Result=0, targetChannel 'f867f62 StatusBar (server)'
04-24 20:44:19.560  2202  2340 W InputDispatcher: [TouchInput][dispatcher] findTouchedWindow Result=0, targetChannel 'd214dd8 Tsinswreng.Ngaq/crc64c567b9741b73eb21.MainActivity (server)'
04-24 20:44:19.562 20331 20331 D ViewRootImpl: [TouchInput][ViewRootImpl] MotionEvent { action=ACTION_DOWN, id[0]=0, pointerCount=1, eventTime=2317088, downTime=2317088 } moveCount:0
04-24 20:44:19.574   911   911 E libc    : Access denied finding property "ro.hardware.fp.fod"
04-24 20:44:19.574   911   911 E libc    : Access denied finding property "ro.hardware.fp.sideCap"
04-24 20:44:19.576  3653  3707 D MiuiFastConnectService: handleMessage: what: 15, msg.arg1: 0, msg.arg2: 0
04-24 20:44:19.576  3653  3707 D MiuiFastConnectService: stopBleScan: scanning: true
04-24 20:44:19.578  3653  3707 D BluetoothAdapter: isLeEnabled(): ON
04-24 20:44:19.579  2454  3933 D BtGatt.GattService: stopScan() - queue size =3
04-24 20:44:19.580  2454  3121 I BtGatt.ScanManager: msg.what = 1
04-24 20:44:19.580  2454  3933 D BtGatt.GattService: unregisterScanner() - scannerId=8
04-24 20:44:19.581  2454  3367 V bt_stack: [VERBOSE1:gatt_api.cc(1000)] GATT_Deregister gatt_if=8
04-24 20:44:19.581  2454  3367 V bt_stack: [VERBOSE1:connection_manager.cc(161)] on_app_deregistered : app_id 0x08
04-24 20:44:19.582   834   834 D vendor.qti.bluetooth@1.0-ibs_handler: SerialClockVote: vote for UART CLK ON
04-24 20:44:19.582   834   834 I vendor.qti.bluetooth@1.0-ibs_handler: DeviceWakeUp: Writing IBS_WAKE_IND
04-24 20:44:19.585   834  3365 I vendor.qti.bluetooth@1.0-ibs_handler: ProcessIbsCmd: Received IBS_WAKE_ACK: 0xFC
04-24 20:44:19.586   834  3365 I vendor.qti.bluetooth@1.0-ibs_handler: ProcessIbsCmd: Received IBS_WAKE_IND: 0xFD
04-24 20:44:19.586   834  3365 I vendor.qti.bluetooth@1.0-ibs_handler: ProcessIbsCmd: Writing IBS_WAKE_ACK
04-24 20:44:19.586  3653  3707 D MiuiFastConnectService: handleMessage: what: 2, msg.arg1: 0, msg.arg2: 0
04-24 20:44:19.586  2454  2648 D BtGatt.GattService: onScanFilterParamsConfigured() - clientIf=8, status=0, action=1, availableSpace=10
04-24 20:44:19.587  2454  2648 D BtGatt.ScanManager: callback done for scannerId - 8 status - 0
04-24 20:44:19.588  3653  3707 D BluetoothAdapter: isLeEnabled(): ON
04-24 20:44:19.588  2454  2648 D BtGatt.GattService: onScanFilterParamsConfigured() - clientIf=8, status=0, action=1, availableSpace=11
04-24 20:44:19.588  2454  2648 D BtGatt.ScanManager: callback done for scannerId - 8 status - 0
04-24 20:44:19.590  2454  3939 D BtGatt.GattService: registerScanner() - UUID=0a6eed5b-0340-45d0-ae08-d1ca1a726a03
04-24 20:44:19.590  2454  2648 D BtGatt.GattService: onScanFilterParamsConfigured() - clientIf=8, status=0, action=1, availableSpace=12
04-24 20:44:19.590  2454  2648 D BtGatt.ScanManager: callback done for scannerId - 8 status - 0
04-24 20:44:19.590  2454  3367 V bt_stack: [VERBOSE1:bta_gattc_act.cc(175)] bta_gattc_register: state:2
04-24 20:44:19.590  2454  3367 I bt_stack: [INFO:gatt_api.cc(957)] GATT_Register 6720dee4-3739-d19e-c1b7-638cc10a8e5d
04-24 20:44:19.590  2454  3367 I bt_stack: [INFO:gatt_api.cc(977)] allocated gatt_if=8
04-24 20:44:19.590  2454  3367 V bt_stack: [VERBOSE1:gatt_api.cc(1087)] GATT_StartIf gatt_if=8
04-24 20:44:19.590  2454  2648 D BtGatt.GattService: onScannerRegistered() - UUID=0a6eed5b-0340-45d0-ae08-d1ca1a726a03, scannerId=8, status=0
04-24 20:44:19.591  2454  3367 V bt_stack: [VERBOSE1:gatt_utils.cc(254)] gatt_find_the_connected_bda start_idx=0
04-24 20:44:19.591  2454  3367 V bt_stack: [VERBOSE1:gatt_utils.cc(266)]  found=0 found_idx=7
04-24 20:44:19.591  3653  3673 D BluetoothLeScanner: onScannerRegistered() - status=0 scannerId=8 mScannerId=0
04-24 20:44:19.591  2454  2648 D BtGatt.GattService: onScanFilterParamsConfigured() - clientIf=8, status=0, action=1, availableSpace=13
04-24 20:44:19.591  2454  2648 D BtGatt.ScanManager: callback done for scannerId - 8 status - 0
04-24 20:44:19.592  2454  2648 D BtGatt.GattService: onScanFilterParamsConfigured() - clientIf=8, status=0, action=1, availableSpace=14
04-24 20:44:19.592  2454  2648 D BtGatt.ScanManager: callback done for scannerId - 8 status - 0
04-24 20:44:19.592  2454  3121 D BtGatt.ScanManager: configureRegularScanParams() - queue=2
04-24 20:44:19.592  2454  3121 D BtGatt.ScanManager: configureRegularScanParams() - ScanSetting LE 1M Scan mode=0ScanSetting LE Coded Scan mode=0 mLastConfiguredScanSettingLE1M=0 mLastConfiguredScanSettingLECoded=0scanPhy=255
04-24 20:44:19.593  2454  3939 D BtGatt.GattService: start scan with filters. callingPackage: com.xiaomi.bluetooth
04-24 20:44:19.593  2454  3121 D BtGatt.ScanManager: configureRegularScanParams - scanInterval LE 1M = 1200configureRegularScanParams - scanWindow LE 1M= 80configureRegularScanParams - scanInterval LE Coded= 1200configureRegularScanParams - scanWindow LE Coded= 80
04-24 20:44:19.594  2454  2648 D BtGatt.GattService: onScanParamSetupCompleted : 0
04-24 20:44:19.595  2454  3939 E BtGatt.GattService:  [Landroid.content.pm.ServiceInfo;@28b5e6d
04-24 20:44:19.596  2454  3939 D BluetoothUtils: blockedByLocationOff callingUid=1002
04-24 20:44:19.597  2454  3939 I BluetoothUtils: packagename is android.uid.bluetooth:1002 ,and its permission is false
04-24 20:44:19.598  2454  3121 I BtGatt.ScanManager: msg.what = 0
04-24 20:44:19.598  2454  3121 D BtGatt.ScanManager: handling starting scan
04-24 20:44:19.599  2454  3121 D BtGatt.ScanManager: isAptXLowLatencyModeEnabled: false
04-24 20:44:19.601  2454  2648 D BtGatt.GattService: onScanFilterEnableDisabled() - clientIf=8, status=0, action=1
04-24 20:44:19.601  2454  2648 D BtGatt.ScanManager: callback done for scannerId - 8 status - 0
04-24 20:44:19.602  2454  3121 D BtGatt.ScanManager: Available Filter size: 11
04-24 20:44:19.604  2454  2648 D BtGatt.GattService: onScanFilterConfig() - clientIf=8, action = 0 status = 0, filterType=0, availableSpace=0
04-24 20:44:19.604  2454  2648 D BtGatt.ScanManager: callback done for scannerId - 8 status - 0
04-24 20:44:19.604  2454  3121 D BtGatt.ScanManager: configureFilterParamter 500 10000 1 0, deliveryMode=0
04-24 20:44:19.604   911   911 E libc    : Access denied finding property "ro.hardware.fp.fod"
04-24 20:44:19.605   911   911 E libc    : Access denied finding property "ro.hardware.fp.sideCap"
04-24 20:44:19.608  2454  2648 D BtGatt.GattService: onScanFilterParamsConfigured() - clientIf=8, status=0, action=0, availableSpace=13
04-24 20:44:19.608  2454  2648 D BtGatt.ScanManager: callback done for scannerId - 8 status - 0
04-24 20:44:19.609  2454  2648 D BtGatt.GattService: onScanFilterConfig() - clientIf=8, action = 0 status = 0, filterType=0, availableSpace=0
04-24 20:44:19.609  2454  2648 D BtGatt.ScanManager: callback done for scannerId - 8 status - 0
04-24 20:44:19.609  2454  3121 D BtGatt.ScanManager: configureFilterParamter 500 10000 1 0, deliveryMode=0
04-24 20:44:19.610  2454  2648 D BtGatt.GattService: onScanFilterParamsConfigured() - clientIf=8, status=0, action=0, availableSpace=12
04-24 20:44:19.610  2454  2648 D BtGatt.ScanManager: callback done for scannerId - 8 status - 0
04-24 20:44:19.611  2454  2648 D BtGatt.GattService: onScanFilterConfig() - clientIf=8, action = 0 status = 0, filterType=0, availableSpace=0
04-24 20:44:19.611  2454  2648 D BtGatt.ScanManager: callback done for scannerId - 8 status - 0
04-24 20:44:19.611  2454  3121 D BtGatt.ScanManager: configureFilterParamter 500 10000 1 0, deliveryMode=0
04-24 20:44:19.612  2454  2648 D BtGatt.GattService: onScanFilterParamsConfigured() - clientIf=8, status=0, action=0, availableSpace=11
04-24 20:44:19.612  2454  2648 D BtGatt.ScanManager: callback done for scannerId - 8 status - 0
04-24 20:44:19.613  2454  2648 D BtGatt.GattService: onScanFilterConfig() - clientIf=8, action = 0 status = 0, filterType=0, availableSpace=0
04-24 20:44:19.613  2454  2648 D BtGatt.ScanManager: callback done for scannerId - 8 status - 0
04-24 20:44:19.614  2454  3121 D BtGatt.ScanManager: configureFilterParamter 500 10000 1 0, deliveryMode=0
04-24 20:44:19.616  2454  2648 D BtGatt.GattService: onScanFilterParamsConfigured() - clientIf=8, status=0, action=0, availableSpace=10
04-24 20:44:19.616  2454  2648 D BtGatt.ScanManager: callback done for scannerId - 8 status - 0
04-24 20:44:19.616  2454  2648 D BtGatt.GattService: onScanFilterConfig() - clientIf=8, action = 0 status = 0, filterType=0, availableSpace=0
04-24 20:44:19.616  2454  2648 D BtGatt.ScanManager: callback done for scannerId - 8 status - 0
04-24 20:44:19.616  2454  3121 D BtGatt.ScanManager: configureFilterParamter 500 10000 1 0, deliveryMode=0
04-24 20:44:19.618  2454  2648 D BtGatt.GattService: onScanFilterParamsConfigured() - clientIf=8, status=0, action=0, availableSpace=9
04-24 20:44:19.618  2454  2648 D BtGatt.ScanManager: callback done for scannerId - 8 status - 0
04-24 20:44:19.618  2454  3121 D BtGatt.ScanManager: configureRegularScanParams() - queue=3
04-24 20:44:19.618  2454  3121 D BtGatt.ScanManager: configureRegularScanParams() - ScanSetting LE 1M Scan mode=0ScanSetting LE Coded Scan mode=0 mLastConfiguredScanSettingLE1M=0 mLastConfiguredScanSettingLECoded=0scanPhy=255
04-24 20:44:19.619  2454  3121 D BtGatt.ScanManager: configureRegularScanParams - scanInterval LE 1M = 1200configureRegularScanParams - scanWindow LE 1M= 80configureRegularScanParams - scanInterval LE Coded= 1200configureRegularScanParams - scanWindow LE Coded= 80
04-24 20:44:19.620  2454  2648 D BtGatt.GattService: onScanParamSetupCompleted : 0
04-24 20:44:19.620   911   911 E libc    : Access denied finding property "ro.hardware.fp.fod"
04-24 20:44:19.620   911   911 E libc    : Access denied finding property "ro.hardware.fp.sideCap"
04-24 20:44:19.638   911   911 E libc    : Access denied finding property "ro.hardware.fp.fod"
04-24 20:44:19.638   911   911 E libc    : Access denied finding property "ro.hardware.fp.sideCap"
04-24 20:44:19.639 21237 21401 I NTKernel: [I] frequency_control_service.cc(60)::StartRefreshTimer [FrequencyControlService]->refresh_timer_
04-24 20:44:19.640  2202  2341 W InputDispatcher: [TouchInput][reader] notifyMotion - eventTime=2317170506000, deviceId=6, source=0x1002, policyFlags=0x0, action=0x1, flags=0x0, downTime=2317088296000, moveCount:2
04-24 20:44:19.641  2202  2340 W InputDispatcher: [TouchInput][dispatcher] findTouchedWindow Result=0, targetChannel 'd214dd8 Tsinswreng.Ngaq/crc64c567b9741b73eb21.MainActivity (server)'
04-24 20:44:19.644 20331 20331 D ViewRootImpl: [TouchInput][ViewRootImpl] MotionEvent { action=ACTION_UP, id[0]=0, pointerCount=1, eventTime=2317170, downTime=2317088 } moveCount:2
04-24 20:44:19.654   911   911 E libc    : Access denied finding property "ro.hardware.fp.fod"
04-24 20:44:19.654   911   911 E libc    : Access denied finding property "ro.hardware.fp.sideCap"
04-24 20:44:19.665   834  3365 I vendor.qti.bluetooth@1.0-ibs_handler: ProcessIbsCmd: Received IBS_SLEEP_IND: 0xFE
04-24 20:44:19.673   911   911 E libc    : Access denied finding property "ro.hardware.fp.fod"
04-24 20:44:19.673   911   911 E libc    : Access denied finding property "ro.hardware.fp.sideCap"
04-24 20:44:19.689   911   911 E libc    : Access denied finding property "ro.hardware.fp.fod"
04-24 20:44:19.689   911   911 E libc    : Access denied finding property "ro.hardware.fp.sideCap"
04-24 20:44:19.693 20331 20331 E SpannableStringBuilder: SPAN_EXCLUSIVE_EXCLUSIVE spans cannot have a zero length
04-24 20:44:19.693 20331 20331 E SpannableStringBuilder: SPAN_EXCLUSIVE_EXCLUSIVE spans cannot have a zero length
04-24 20:44:19.707   911   911 E libc    : Access denied finding property "ro.hardware.fp.fod"
